Archive member included to satisfy reference by file (symbol)

/usr/lib/gcc/arm-none-eabi/9.2.1/thumb/v6-m/nofp/libgcc.a(_dvmd_tls.o)
                              CMakeFiles/rotating_cube.dir/home/mlemon/pico/pico-sdk/src/rp2_common/pico_divider/divider.S.obj (__aeabi_idiv0)
/usr/lib/gcc/arm-none-eabi/9.2.1/../../../arm-none-eabi/lib/thumb/v6-m/nofp/libc.a(lib_a-atexit.o)
                              /usr/lib/gcc/arm-none-eabi/9.2.1/../../../arm-none-eabi/lib/thumb/v6-m/nofp/crt0.o (atexit)
/usr/lib/gcc/arm-none-eabi/9.2.1/../../../arm-none-eabi/lib/thumb/v6-m/nofp/libc.a(lib_a-calloc.o)
                              CMakeFiles/rotating_cube.dir/home/mlemon/pico/pico-sdk/src/rp2_common/pico_malloc/pico_malloc.c.obj (calloc)
/usr/lib/gcc/arm-none-eabi/9.2.1/../../../arm-none-eabi/lib/thumb/v6-m/nofp/libc.a(lib_a-callocr.o)
                              /usr/lib/gcc/arm-none-eabi/9.2.1/../../../arm-none-eabi/lib/thumb/v6-m/nofp/libc.a(lib_a-calloc.o) (_calloc_r)
/usr/lib/gcc/arm-none-eabi/9.2.1/../../../arm-none-eabi/lib/thumb/v6-m/nofp/libc.a(lib_a-fini.o)
                              /usr/lib/gcc/arm-none-eabi/9.2.1/../../../arm-none-eabi/lib/thumb/v6-m/nofp/crt0.o (__libc_fini_array)
/usr/lib/gcc/arm-none-eabi/9.2.1/../../../arm-none-eabi/lib/thumb/v6-m/nofp/libc.a(lib_a-fputc.o)
                              CMakeFiles/rotating_cube.dir/cube.c.obj (fputc)
/usr/lib/gcc/arm-none-eabi/9.2.1/../../../arm-none-eabi/lib/thumb/v6-m/nofp/libc.a(lib_a-fwrite.o)
                              CMakeFiles/rotating_cube.dir/cube.c.obj (fwrite)
/usr/lib/gcc/arm-none-eabi/9.2.1/../../../arm-none-eabi/lib/thumb/v6-m/nofp/libc.a(lib_a-impure.o)
                              CMakeFiles/rotating_cube.dir/cube.c.obj (_impure_ptr)
/usr/lib/gcc/arm-none-eabi/9.2.1/../../../arm-none-eabi/lib/thumb/v6-m/nofp/libc.a(lib_a-init.o)
                              /usr/lib/gcc/arm-none-eabi/9.2.1/../../../arm-none-eabi/lib/thumb/v6-m/nofp/crt0.o (__libc_init_array)
/usr/lib/gcc/arm-none-eabi/9.2.1/../../../arm-none-eabi/lib/thumb/v6-m/nofp/libc.a(lib_a-malloc.o)
                              CMakeFiles/rotating_cube.dir/home/mlemon/pico/pico-sdk/src/rp2_common/pico_malloc/pico_malloc.c.obj (malloc)
/usr/lib/gcc/arm-none-eabi/9.2.1/../../../arm-none-eabi/lib/thumb/v6-m/nofp/libc.a(lib_a-mallocr.o)
                              /usr/lib/gcc/arm-none-eabi/9.2.1/../../../arm-none-eabi/lib/thumb/v6-m/nofp/libc.a(lib_a-callocr.o) (_malloc_r)
/usr/lib/gcc/arm-none-eabi/9.2.1/../../../arm-none-eabi/lib/thumb/v6-m/nofp/libc.a(lib_a-mlock.o)
                              /usr/lib/gcc/arm-none-eabi/9.2.1/../../../arm-none-eabi/lib/thumb/v6-m/nofp/libc.a(lib_a-mallocr.o) (__malloc_lock)
/usr/lib/gcc/arm-none-eabi/9.2.1/../../../arm-none-eabi/lib/thumb/v6-m/nofp/libc.a(lib_a-putc.o)
                              /usr/lib/gcc/arm-none-eabi/9.2.1/../../../arm-none-eabi/lib/thumb/v6-m/nofp/libc.a(lib_a-fputc.o) (_putc_r)
/usr/lib/gcc/arm-none-eabi/9.2.1/../../../arm-none-eabi/lib/thumb/v6-m/nofp/libc.a(lib_a-realloc.o)
                              CMakeFiles/rotating_cube.dir/home/mlemon/pico/pico-sdk/src/rp2_common/pico_malloc/pico_malloc.c.obj (realloc)
/usr/lib/gcc/arm-none-eabi/9.2.1/../../../arm-none-eabi/lib/thumb/v6-m/nofp/libc.a(lib_a-reallocr.o)
                              /usr/lib/gcc/arm-none-eabi/9.2.1/../../../arm-none-eabi/lib/thumb/v6-m/nofp/libc.a(lib_a-realloc.o) (_realloc_r)
/usr/lib/gcc/arm-none-eabi/9.2.1/../../../arm-none-eabi/lib/thumb/v6-m/nofp/libc.a(lib_a-sbrkr.o)
                              /usr/lib/gcc/arm-none-eabi/9.2.1/../../../arm-none-eabi/lib/thumb/v6-m/nofp/libc.a(lib_a-mallocr.o) (_sbrk_r)
/usr/lib/gcc/arm-none-eabi/9.2.1/../../../arm-none-eabi/lib/thumb/v6-m/nofp/libc.a(lib_a-strlen-stub.o)
                              CMakeFiles/rotating_cube.dir/home/mlemon/pico/pico-sdk/src/rp2_common/pico_stdio/stdio.c.obj (strlen)
/usr/lib/gcc/arm-none-eabi/9.2.1/../../../arm-none-eabi/lib/thumb/v6-m/nofp/libc.a(lib_a-wbuf.o)
                              /usr/lib/gcc/arm-none-eabi/9.2.1/../../../arm-none-eabi/lib/thumb/v6-m/nofp/libc.a(lib_a-putc.o) (__swbuf_r)
/usr/lib/gcc/arm-none-eabi/9.2.1/../../../arm-none-eabi/lib/thumb/v6-m/nofp/libc.a(lib_a-wsetup.o)
                              /usr/lib/gcc/arm-none-eabi/9.2.1/../../../arm-none-eabi/lib/thumb/v6-m/nofp/libc.a(lib_a-wbuf.o) (__swsetup_r)
/usr/lib/gcc/arm-none-eabi/9.2.1/../../../arm-none-eabi/lib/thumb/v6-m/nofp/libc.a(lib_a-__atexit.o)
                              /usr/lib/gcc/arm-none-eabi/9.2.1/../../../arm-none-eabi/lib/thumb/v6-m/nofp/libc.a(lib_a-atexit.o) (__register_exitproc)
/usr/lib/gcc/arm-none-eabi/9.2.1/../../../arm-none-eabi/lib/thumb/v6-m/nofp/libc.a(lib_a-fflush.o)
                              /usr/lib/gcc/arm-none-eabi/9.2.1/../../../arm-none-eabi/lib/thumb/v6-m/nofp/libc.a(lib_a-wbuf.o) (_fflush_r)
/usr/lib/gcc/arm-none-eabi/9.2.1/../../../arm-none-eabi/lib/thumb/v6-m/nofp/libc.a(lib_a-findfp.o)
[...]
Memory Configuration

Name             Origin             Length             Attributes
FLASH            0x0000000010000000 0x0000000000200000 xr
RAM              0x0000000020000000 0x0000000000040000 xrw
SCRATCH_X        0x0000000020040000 0x0000000000001000 xrw
SCRATCH_Y        0x0000000020041000 0x0000000000001000 xrw
*default*        0x0000000000000000 0xffffffffffffffff

Linker script and memory map

LOAD /usr/lib/gcc/arm-none-eabi/9.2.1/thumb/v6-m/nofp/crti.o
LOAD /usr/lib/gcc/arm-none-eabi/9.2.1/thumb/v6-m/nofp/crtbegin.o
LOAD /usr/lib/gcc/arm-none-eabi/9.2.1/../../../arm-none-eabi/lib/thumb/v6-m/nofp/crt0.o

.flash_begin    0x0000000010000000        0x0
                0x0000000010000000                __flash_binary_start = .

.boot2          0x0000000010000000      0x100
                0x0000000010000000                __boot2_start__ = .
 *(.boot2)
 .boot2         0x0000000010000000      0x100 /tmp/ccNhIerH.o
                0x0000000010000100                __boot2_end__ = .
                0x0000000000000001                ASSERT (((__boot2_end__ - __boot2_start__) == 0x100), ERROR: Pico second stage bootloader must be 256 bytes in size)

.text           0x0000000010000100     0x92f8
                0x0000000010000100                __logical_binary_start = .
 *(.vectors)
 .vectors       0x0000000010000100       0xd4 CMakeFiles/rotating_cube.dir/home/mlemon/pico/pico-sdk/src/rp2_common/pico_standard_link/crt0.S.obj
                0x0000000010000100                __vectors
                0x0000000010000100                __VECTOR_TABLE
                0x00000000100001c0                isr_invalid
                0x00000000100001c0                __default_isrs_start
                0x00000000100001c2                isr_nmi
                0x00000000100001c4                isr_hardfault
                0x00000000100001c6                isr_svcall
                0x00000000100001c8                isr_pendsv
                0x00000000100001ca                isr_systick
                0x00000000100001cc                isr_irq30
                0x00000000100001cc                __unhandled_user_irq
                0x00000000100001cc                isr_irq13
                0x00000000100001cc                isr_irq27
                0x00000000100001cc                isr_irq31
                0x00000000100001cc                isr_irq5
                0x00000000100001cc                isr_irq11
                0x00000000100001cc                isr_irq23
                0x00000000100001cc                isr_irq18
                0x00000000100001cc                isr_irq28
                0x00000000100001cc                isr_irq19
                0x00000000100001cc                isr_irq0
                0x00000000100001cc                isr_irq6
                0x00000000100001cc                isr_irq22
                0x00000000100001cc                isr_irq17
                0x00000000100001cc                isr_irq14
                0x00000000100001cc                isr_irq2
                0x00000000100001cc                isr_irq10
                0x00000000100001cc                isr_irq8
                0x00000000100001cc                isr_irq24
                0x00000000100001cc                isr_irq1
                0x00000000100001cc                isr_irq7
                0x00000000100001cc                isr_irq21
                0x00000000100001cc                isr_irq20
                0x00000000100001cc                isr_irq15
                0x00000000100001cc                isr_irq25
                0x00000000100001cc                isr_irq4
                0x00000000100001cc                isr_irq16
                0x00000000100001cc                isr_irq29
                0x00000000100001cc                isr_irq26
                0x00000000100001cc                __default_isrs_end
                0x00000000100001cc                isr_irq3
                0x00000000100001cc                isr_irq12
                0x00000000100001cc                isr_irq9
                0x00000000100001d2                unhandled_user_irq_num_in_r0
 *(.binary_info_header)
 .binary_info_header
                0x00000000100001d4       0x14 CMakeFiles/rotating_cube.dir/home/mlemon/pico/pico-sdk/src/rp2_common/pico_standard_link/crt0.S.obj
                0x00000000100001e8                __binary_info_header_end = .
 *(.reset)
 .reset         0x00000000100001e8       0xa8 CMakeFiles/rotating_cube.dir/home/mlemon/pico/pico-sdk/src/rp2_common/pico_standard_link/crt0.S.obj
                0x00000000100001e8                _entry_point
                0x0000000010000266                __get_current_exception
 .reset         0x0000000010000290       0x30 CMakeFiles/rotating_cube.dir/home/mlemon/pico/pico-sdk/src/rp2_common/pico_standard_link/binary_info.c.obj
 *(.init)
 .init          0x00000000100002c0        0x4 /usr/lib/gcc/arm-none-eabi/9.2.1/thumb/v6-m/nofp/crti.o
                0x00000000100002c0                _init
 *(EXCLUDE_FILE(*libm.a: *libc.a:*lib_a-mem*.o *libgcc.a:) .text*)
 .text          0x00000000100002c4       0x98 /usr/lib/gcc/arm-none-eabi/9.2.1/thumb/v6-m/nofp/crtbegin.o
 .text.startup.main
                0x000000001000035c      0x280 CMakeFiles/rotating_cube.dir/cube.c.obj
                0x000000001000035c                main
 .text.gpio_set_function
                0x00000000100005dc       0x30 CMakeFiles/rotating_cube.dir/home/mlemon/pico/pico-sdk/src/rp2_common/hardware_gpio/gpio.c.obj
                0x00000000100005dc                gpio_set_function
 .text.hw_claim_or_assert
                0x000000001000060c       0x48 CMakeFiles/rotating_cube.dir/home/mlemon/pico/pico-sdk/src/rp2_common/hardware_claim/claim.c.obj
                0x000000001000060c                hw_claim_or_assert
 .text.hw_claim_unused_from_range
                0x0000000010000654       0x9c CMakeFiles/rotating_cube.dir/home/mlemon/pico/pico-sdk/src/rp2_common/hardware_claim/claim.c.obj
                0x0000000010000654                hw_claim_unused_from_range
 .text.running_on_fpga
                0x00000000100006f0       0x10 CMakeFiles/rotating_cube.dir/home/mlemon/pico/pico-sdk/src/rp2_common/pico_platform/platform.c.obj
                0x00000000100006f0                running_on_fpga
 .text.spin_locks_reset
                0x0000000010000700       0x1c CMakeFiles/rotating_cube.dir/home/mlemon/pico/pico-sdk/src/rp2_common/hardware_sync/sync.c.obj
                0x0000000010000700                spin_locks_reset
 .text.next_striped_spin_lock_num
                0x000000001000071c       0x18 CMakeFiles/rotating_cube.dir/home/mlemon/pico/pico-sdk/src/rp2_common/hardware_sync/sync.c.obj
                0x000000001000071c                next_striped_spin_lock_num
 .text.spin_lock_claim_unused
                0x0000000010000734       0x20 CMakeFiles/rotating_cube.dir/home/mlemon/pico/pico-sdk/src/rp2_common/hardware_sync/sync.c.obj
                0x0000000010000734                spin_lock_claim_unused
 .text.irq_set_enabled
                0x0000000010000754       0x24 CMakeFiles/rotating_cube.dir/home/mlemon/pico/pico-sdk/src/rp2_common/hardware_irq/irq.c.obj
                0x0000000010000754                irq_set_enabled
 .text.irq_set_pending
                0x0000000010000778       0x10 CMakeFiles/rotating_cube.dir/home/mlemon/pico/pico-sdk/src/rp2_common/hardware_irq/irq.c.obj
                0x0000000010000778                irq_set_pending
 .text.irq_has_shared_handler
                0x0000000010000788       0x2c CMakeFiles/rotating_cube.dir/home/mlemon/pico/pico-sdk/src/rp2_common/hardware_irq/irq.c.obj
                0x0000000010000788                irq_has_shared_handler
 .text.irq_get_vtable_handler
                0x00000000100007b4       0x10 CMakeFiles/rotating_cube.dir/home/mlemon/pico/pico-sdk/src/rp2_common/hardware_irq/irq.c.obj
                0x00000000100007b4                irq_get_vtable_handler
 .text.irq_set_exclusive_handler
                0x00000000100007c4       0x54 CMakeFiles/rotating_cube.dir/home/mlemon/pico/pico-sdk/src/rp2_common/hardware_irq/irq.c.obj
                0x00000000100007c4                irq_set_exclusive_handler
 .text.irq_add_shared_handler
                0x0000000010000818      0x1c0 CMakeFiles/rotating_cube.dir/home/mlemon/pico/pico-sdk/src/rp2_common/hardware_irq/irq.c.obj
                0x0000000010000818                irq_add_shared_handler
 .text.irq_remove_handler
                0x00000000100009d8      0x1b4 CMakeFiles/rotating_cube.dir/home/mlemon/pico/pico-sdk/src/rp2_common/hardware_irq/irq.c.obj
                0x00000000100009d8                irq_remove_handler
 .text.irq_add_tail_to_free_list
                0x0000000010000b8c       0xb8 CMakeFiles/rotating_cube.dir/home/mlemon/pico/pico-sdk/src/rp2_common/hardware_irq/irq.c.obj
                0x0000000010000b8c                irq_add_tail_to_free_list
 .text.irq_init_priorities
                0x0000000010000c44       0x24 CMakeFiles/rotating_cube.dir/home/mlemon/pico/pico-sdk/src/rp2_common/hardware_irq/irq.c.obj
                0x0000000010000c44                irq_init_priorities
 .text.user_irq_claim_unused
                0x0000000010000c68       0x30 CMakeFiles/rotating_cube.dir/home/mlemon/pico/pico-sdk/src/rp2_common/hardware_irq/irq.c.obj
                0x0000000010000c68                user_irq_claim_unused
 .text.lock_init
                0x0000000010000c98       0x10 CMakeFiles/rotating_cube.dir/home/mlemon/pico/pico-sdk/src/common/pico_sync/lock_core.c.obj
                0x0000000010000c98                lock_init
 .text.timer_pool_entry_comparator
                0x0000000010000ca8       0x34 CMakeFiles/rotating_cube.dir/home/mlemon/pico/pico-sdk/src/common/pico_time/time.c.obj
                0x0000000010000ca8                timer_pool_entry_comparator
 .text.sleep_until_callback
                0x0000000010000cdc       0x30 CMakeFiles/rotating_cube.dir/home/mlemon/pico/pico-sdk/src/common/pico_time/time.c.obj
 .text.alarm_pool_add_alarm_at.constprop.0
                0x0000000010000d0c      0x128 CMakeFiles/rotating_cube.dir/home/mlemon/pico/pico-sdk/src/common/pico_time/time.c.obj
 .text.add_alarm_under_lock
                0x0000000010000e34      0x108 CMakeFiles/rotating_cube.dir/home/mlemon/pico/pico-sdk/src/common/pico_time/time.c.obj
 .text.alarm_pool_alarm_callback
                0x0000000010000f3c      0x1c8 CMakeFiles/rotating_cube.dir/home/mlemon/pico/pico-sdk/src/common/pico_time/time.c.obj
 .text.alarm_pool_init_default
                0x0000000010001104       0x64 CMakeFiles/rotating_cube.dir/home/mlemon/pico/pico-sdk/src/common/pico_time/time.c.obj
                0x0000000010001104                alarm_pool_init_default
 .text.alarm_pool_get_default
                0x0000000010001168        0x8 CMakeFiles/rotating_cube.dir/home/mlemon/pico/pico-sdk/src/common/pico_time/time.c.obj
                0x0000000010001168                alarm_pool_get_default
 .text.alarm_pool_add_alarm_at
                0x0000000010001170      0x1ac CMakeFiles/rotating_cube.dir/home/mlemon/pico/pico-sdk/src/common/pico_time/time.c.obj
                0x0000000010001170                alarm_pool_add_alarm_at
 .text.sleep_until
                0x000000001000131c       0xac CMakeFiles/rotating_cube.dir/home/mlemon/pico/pico-sdk/src/common/pico_time/time.c.obj
                0x000000001000131c                sleep_until
 .text.sleep_us
                0x00000000100013c8       0x30 CMakeFiles/rotating_cube.dir/home/mlemon/pico/pico-sdk/src/common/pico_time/time.c.obj
                0x00000000100013c8                sleep_us
 .text.best_effort_wfe_or_timeout
                0x00000000100013f8       0xd4 CMakeFiles/rotating_cube.dir/home/mlemon/pico/pico-sdk/src/common/pico_time/time.c.obj
                0x00000000100013f8                best_effort_wfe_or_timeout
 .text.hardware_alarm_irq_handler
                0x00000000100014cc       0xb8 CMakeFiles/rotating_cube.dir/home/mlemon/pico/pico-sdk/src/rp2_common/hardware_timer/timer.c.obj
 .text.hardware_alarm_claim
                0x0000000010001584       0x18 CMakeFiles/rotating_cube.dir/home/mlemon/pico/pico-sdk/src/rp2_common/hardware_timer/timer.c.obj
                0x0000000010001584                hardware_alarm_claim
 .text.time_us_64
                0x000000001000159c       0x14 CMakeFiles/rotating_cube.dir/home/mlemon/pico/pico-sdk/src/rp2_common/hardware_timer/timer.c.obj
                0x000000001000159c                time_us_64
 .text.busy_wait_us
                0x00000000100015b0       0x54 CMakeFiles/rotating_cube.dir/home/mlemon/pico/pico-sdk/src/rp2_common/hardware_timer/timer.c.obj
                0x00000000100015b0                busy_wait_us
 .text.busy_wait_until
                0x0000000010001604       0x20 CMakeFiles/rotating_cube.dir/home/mlemon/pico/pico-sdk/src/rp2_common/hardware_timer/timer.c.obj
                0x0000000010001604                busy_wait_until
 .text.hardware_alarm_set_callback
                0x0000000010001624       0x8c CMakeFiles/rotating_cube.dir/home/mlemon/pico/pico-sdk/src/rp2_common/hardware_timer/timer.c.obj
                0x0000000010001624                hardware_alarm_set_callback
 .text.hardware_alarm_set_target
                0x00000000100016b0       0xe4 CMakeFiles/rotating_cube.dir/home/mlemon/pico/pico-sdk/src/rp2_common/hardware_timer/timer.c.obj
                0x00000000100016b0                hardware_alarm_set_target
 .text.hardware_alarm_cancel
                0x0000000010001794       0x40 CMakeFiles/rotating_cube.dir/home/mlemon/pico/pico-sdk/src/rp2_common/hardware_timer/timer.c.obj
                0x0000000010001794                hardware_alarm_cancel
 .text.ph_merge_nodes
                0x00000000100017d4       0x68 CMakeFiles/rotating_cube.dir/home/mlemon/pico/pico-sdk/src/common/pico_util/pheap.c.obj
 .text.ph_post_alloc_init
                0x000000001000183c       0x3c CMakeFiles/rotating_cube.dir/home/mlemon/pico/pico-sdk/src/common/pico_util/pheap.c.obj
                0x000000001000183c                ph_post_alloc_init
 .text.ph_merge_two_pass
                0x0000000010001878       0x90 CMakeFiles/rotating_cube.dir/home/mlemon/pico/pico-sdk/src/common/pico_util/pheap.c.obj
                0x0000000010001878                ph_merge_two_pass
 .text.ph_remove_any_head
                0x0000000010001908       0xf8 CMakeFiles/rotating_cube.dir/home/mlemon/pico/pico-sdk/src/common/pico_util/pheap.c.obj
 .text.ph_remove_head
                0x0000000010001a00      0x13c CMakeFiles/rotating_cube.dir/home/mlemon/pico/pico-sdk/src/common/pico_util/pheap.c.obj
                0x0000000010001a00                ph_remove_head
 .text.ph_remove_and_free_node
                0x0000000010001b3c       0x7c CMakeFiles/rotating_cube.dir/home/mlemon/pico/pico-sdk/src/common/pico_util/pheap.c.obj
                0x0000000010001b3c                ph_remove_and_free_node
 .text.mutex_init
                0x0000000010001bb8       0x1c CMakeFiles/rotating_cube.dir/home/mlemon/pico/pico-sdk/src/common/pico_sync/mutex.c.obj
                0x0000000010001bb8                mutex_init
 .text.recursive_mutex_init
                0x0000000010001bd4       0x1c CMakeFiles/rotating_cube.dir/home/mlemon/pico/pico-sdk/src/common/pico_sync/mutex.c.obj
                0x0000000010001bd4                recursive_mutex_init
 .text.critical_section_init
                0x0000000010001bf0       0x1c CMakeFiles/rotating_cube.dir/home/mlemon/pico/pico-sdk/src/common/pico_sync/critical_section.c.obj
                0x0000000010001bf0                critical_section_init
 .text.uart_init
                0x0000000010001c0c       0xe4 CMakeFiles/rotating_cube.dir/home/mlemon/pico/pico-sdk/src/rp2_common/hardware_uart/uart.c.obj
                0x0000000010001c0c                uart_init
 .text.runtime_init
                0x0000000010001cf0       0xf0 CMakeFiles/rotating_cube.dir/home/mlemon/pico/pico-sdk/src/rp2_common/pico_runtime/runtime.c.obj
                0x0000000010001cf0                runtime_init
 .text._sbrk    0x0000000010001de0       0x34 CMakeFiles/rotating_cube.dir/home/mlemon/pico/pico-sdk/src/rp2_common/pico_runtime/runtime.c.obj
                0x0000000010001de0                _sbrk
 .text.exit     0x0000000010001e14        0x4 CMakeFiles/rotating_cube.dir/home/mlemon/pico/pico-sdk/src/rp2_common/pico_runtime/runtime.c.obj
                0x0000000010001e14                exit
 .text.panic    0x0000000010001e18       0x30 CMakeFiles/rotating_cube.dir/home/mlemon/pico/pico-sdk/src/rp2_common/pico_runtime/runtime.c.obj
                0x0000000010001e18                panic
 .text.hard_assertion_failure
                0x0000000010001e48        0xc CMakeFiles/rotating_cube.dir/home/mlemon/pico/pico-sdk/src/rp2_common/pico_runtime/runtime.c.obj
                0x0000000010001e48                hard_assertion_failure
 .text.clocks_init
                0x0000000010001e54      0x2bc CMakeFiles/rotating_cube.dir/home/mlemon/pico/pico-sdk/src/rp2_common/hardware_clocks/clocks.c.obj
                0x0000000010001e54                clocks_init
 .text.clock_get_hz
                0x0000000010002110        0xc CMakeFiles/rotating_cube.dir/home/mlemon/pico/pico-sdk/src/rp2_common/hardware_clocks/clocks.c.obj
                0x0000000010002110                clock_get_hz
 .text.pll_init
                0x000000001000211c       0xa8 CMakeFiles/rotating_cube.dir/home/mlemon/pico/pico-sdk/src/rp2_common/hardware_pll/pll.c.obj
                0x000000001000211c                pll_init
 .text.watchdog_start_tick
                0x00000000100021c4       0x10 CMakeFiles/rotating_cube.dir/home/mlemon/pico/pico-sdk/src/rp2_common/hardware_watchdog/watchdog.c.obj
                0x00000000100021c4                watchdog_start_tick
 .text.watchdog_reboot
                0x00000000100021d4       0x98 CMakeFiles/rotating_cube.dir/home/mlemon/pico/pico-sdk/src/rp2_common/hardware_watchdog/watchdog.c.obj
                0x00000000100021d4                watchdog_reboot
 .text.xosc_init
                0x000000001000226c       0x28 CMakeFiles/rotating_cube.dir/home/mlemon/pico/pico-sdk/src/rp2_common/hardware_xosc/xosc.c.obj
                0x000000001000226c                xosc_init
 .text._out_null
                0x0000000010002294        0x4 CMakeFiles/rotating_cube.dir/home/mlemon/pico/pico-sdk/src/rp2_common/pico_printf/printf.c.obj
 .text._out_rev
                0x0000000010002298       0xd0 CMakeFiles/rotating_cube.dir/home/mlemon/pico/pico-sdk/src/rp2_common/pico_printf/printf.c.obj
 .text._ntoa_format
                0x0000000010002368      0x1d0 CMakeFiles/rotating_cube.dir/home/mlemon/pico/pico-sdk/src/rp2_common/pico_printf/printf.c.obj
 .text._out_char
                0x0000000010002538       0x10 CMakeFiles/rotating_cube.dir/home/mlemon/pico/pico-sdk/src/rp2_common/pico_printf/printf.c.obj
 .text._out_fct
                0x0000000010002548       0x10 CMakeFiles/rotating_cube.dir/home/mlemon/pico/pico-sdk/src/rp2_common/pico_printf/printf.c.obj
 .text._etoa    0x0000000010002558      0x478 CMakeFiles/rotating_cube.dir/home/mlemon/pico/pico-sdk/src/rp2_common/pico_printf/printf.c.obj
 .text._ftoa    0x00000000100029d0      0x3e0 CMakeFiles/rotating_cube.dir/home/mlemon/pico/pico-sdk/src/rp2_common/pico_printf/printf.c.obj
 .text._vsnprintf
                0x0000000010002db0      0xb08 CMakeFiles/rotating_cube.dir/home/mlemon/pico/pico-sdk/src/rp2_common/pico_printf/printf.c.obj
 .text.vfctprintf
                0x00000000100038b8       0x20 CMakeFiles/rotating_cube.dir/home/mlemon/pico/pico-sdk/src/rp2_common/pico_printf/printf.c.obj
                0x00000000100038b8                vfctprintf
 .text.weak_raw_vprintf
                0x00000000100038d8       0x30 CMakeFiles/rotating_cube.dir/home/mlemon/pico/pico-sdk/src/rp2_common/pico_printf/printf.c.obj
                0x00000000100038d8                weak_raw_vprintf
 .text          0x0000000010003908       0x10 CMakeFiles/rotating_cube.dir/home/mlemon/pico/pico-sdk/src/rp2_common/pico_bit_ops/bit_ops_aeabi.S.obj
 .text.rom_func_lookup
                0x0000000010003918       0x10 CMakeFiles/rotating_cube.dir/home/mlemon/pico/pico-sdk/src/rp2_common/pico_bootrom/bootrom.c.obj
                0x0000000010003918                rom_func_lookup
 .text.rom_data_lookup
                0x0000000010003928       0x10 CMakeFiles/rotating_cube.dir/home/mlemon/pico/pico-sdk/src/rp2_common/pico_bootrom/bootrom.c.obj
                0x0000000010003928                rom_data_lookup
 .text.rom_funcs_lookup
                0x0000000010003938       0x3c CMakeFiles/rotating_cube.dir/home/mlemon/pico/pico-sdk/src/rp2_common/pico_bootrom/bootrom.c.obj
                0x0000000010003938                rom_funcs_lookup
 .text.__wrap___aeabi_idiv
                0x0000000010003974       0x50 CMakeFiles/rotating_cube.dir/home/mlemon/pico/pico-sdk/src/rp2_common/pico_divider/divider.S.obj
                0x0000000010003974                __wrap___aeabi_idivmod
                0x0000000010003974                divmod_s32s32
                0x0000000010003974                div_s32s32
                0x0000000010003974                __wrap___aeabi_idiv
                0x000000001000397c                divmod_s32s32_unsafe
                0x00000000100039a8                divmod_s32s32_savestate
 .text.__wrap___aeabi_uidiv
                0x00000000100039c4       0x4c CMakeFiles/rotating_cube.dir/home/mlemon/pico/pico-sdk/src/rp2_common/pico_divider/divider.S.obj
                0x00000000100039c4                __wrap___aeabi_uidiv
                0x00000000100039c4                __wrap___aeabi_uidivmod
                0x00000000100039c4                div_u32u32
                0x00000000100039c4                divmod_u32u32
                0x00000000100039cc                divmod_u32u32_unsafe
                0x00000000100039f4                divmod_u32u32_savestate
 .text.__wrap___aeabi_ldiv
                0x0000000010003a10      0x434 CMakeFiles/rotating_cube.dir/home/mlemon/pico/pico-sdk/src/rp2_common/pico_divider/divider.S.obj
                0x0000000010003a10                div_s64s64
                0x0000000010003a10                divmod_s64s64
                0x0000000010003a10                __wrap___aeabi_ldivmod
                0x0000000010003a48                div_u64u64
                0x0000000010003a48                divmod_u64u64
                0x0000000010003a48                __wrap___aeabi_uldivmod
                0x0000000010003a58                divmod_u64u64_savestate
                0x0000000010003a80                divmod_s64s64_unsafe
                0x0000000010003b08                divmod_u64u64_unsafe
 .text.__wrap___aeabi_darithmetic
                0x0000000010003e44       0x80 CMakeFiles/rotating_cube.dir/home/mlemon/pico/pico-sdk/src/rp2_common/pico_double/double_aeabi.S.obj
                0x0000000010003e44                __wrap___aeabi_drsub
                0x0000000010003e4a                __wrap___aeabi_dsub
                0x0000000010003e5c                __wrap___aeabi_dadd
                0x0000000010003e6e                __wrap___aeabi_ddiv
                0x0000000010003eaa                __wrap___aeabi_dmul
 .text.__wrap___aeabi_cdcmple
                0x0000000010003ec4       0x6c CMakeFiles/rotating_cube.dir/home/mlemon/pico/pico-sdk/src/rp2_common/pico_double/double_aeabi.S.obj
                0x0000000010003ec4                __wrap___aeabi_cdrcmple
                0x0000000010003ed4                __wrap___aeabi_cdcmple
                0x0000000010003ed4                __wrap___aeabi_cdcmpeq
 .text.__wrap___aeabi_dcmplt
                0x0000000010003f30        0xc CMakeFiles/rotating_cube.dir/home/mlemon/pico/pico-sdk/src/rp2_common/pico_double/double_aeabi.S.obj
                0x0000000010003f30                __wrap___aeabi_dcmplt
 .text.__wrap___aeabi_dcmple
                0x0000000010003f3c       0x10 CMakeFiles/rotating_cube.dir/home/mlemon/pico/pico-sdk/src/rp2_common/pico_double/double_aeabi.S.obj
                0x0000000010003f3c                __wrap___aeabi_dcmple
 .text.__wrap___aeabi_dcmpge
                0x0000000010003f4c       0x10 CMakeFiles/rotating_cube.dir/home/mlemon/pico/pico-sdk/src/rp2_common/pico_double/double_aeabi.S.obj
                0x0000000010003f4c                __wrap___aeabi_dcmpge
 .text.__wrap___aeabi_dcmpgt
                0x0000000010003f5c        0xa CMakeFiles/rotating_cube.dir/home/mlemon/pico/pico-sdk/src/rp2_common/pico_double/double_aeabi.S.obj
                0x0000000010003f5c                __wrap___aeabi_dcmpgt
 .text.__wrap___aeabi_dcmpun
                0x0000000010003f66       0x1c CMakeFiles/rotating_cube.dir/home/mlemon/pico/pico-sdk/src/rp2_common/pico_double/double_aeabi.S.obj
                0x0000000010003f66                __wrap___aeabi_dcmpun
 *fill*         0x0000000010003f82        0x2 
 .text.__wrap___aeabi_i2d
                0x0000000010003f84       0x38 CMakeFiles/rotating_cube.dir/home/mlemon/pico/pico-sdk/src/rp2_common/pico_double/double_aeabi.S.obj
                0x0000000010003f84                __wrap___aeabi_ui2d
                0x0000000010003f8c                __wrap___aeabi_i2d
 .text.__wrap___aeabi_d2iz
                0x0000000010003fbc       0x48 CMakeFiles/rotating_cube.dir/home/mlemon/pico/pico-sdk/src/rp2_common/pico_double/double_aeabi.S.obj
                0x0000000010003fbc                __wrap___aeabi_d2iz
                0x0000000010003fbc                double2int_z
 .text.__wrap___aeabi_d2uiz
                0x0000000010004004       0x18 CMakeFiles/rotating_cube.dir/home/mlemon/pico/pico-sdk/src/rp2_common/pico_double/double_aeabi.S.obj
                0x0000000010004004                double2uint
                0x0000000010004004                __wrap___aeabi_d2uiz
 .text.__aeabi_double_init
                0x000000001000401c       0xc0 CMakeFiles/rotating_cube.dir/home/mlemon/pico/pico-sdk/src/rp2_common/pico_double/double_init_rom.c.obj
                0x000000001000401c                __aeabi_double_init
 .text.double_table_shim_on_use_helper
                0x00000000100040dc       0x2c CMakeFiles/rotating_cube.dir/home/mlemon/pico/pico-sdk/src/rp2_common/pico_double/double_v1_rom_shim.S.obj
                0x00000000100040dc                double_table_shim_on_use_helper
 .text.__wrap___aeabi_dsub
                0x0000000010004108       0x10 CMakeFiles/rotating_cube.dir/home/mlemon/pico/pico-sdk/src/rp2_common/pico_double/double_v1_rom_shim.S.obj
                0x0000000010004108                drsub_shim
                0x000000001000410e                dsub_shim
 .text.dadd_shim
                0x0000000010004118      0x15c CMakeFiles/rotating_cube.dir/home/mlemon/pico/pico-sdk/src/rp2_common/pico_double/double_v1_rom_shim.S.obj
                0x0000000010004118                dadd_shim
 .text.dmul_shim
                0x0000000010004274      0x15c CMakeFiles/rotating_cube.dir/home/mlemon/pico/pico-sdk/src/rp2_common/pico_double/double_v1_rom_shim.S.obj
                0x0000000010004274                dmul_shim
 .text.ddiv_shim
                0x00000000100043d0      0x1b0 CMakeFiles/rotating_cube.dir/home/mlemon/pico/pico-sdk/src/rp2_common/pico_double/double_v1_rom_shim.S.obj
                0x00000000100043d0                ddiv_shim
 .text.double2uint_shim
                0x0000000010004580        0xe CMakeFiles/rotating_cube.dir/home/mlemon/pico/pico-sdk/src/rp2_common/pico_double/double_v1_rom_shim.S.obj
                0x0000000010004580                double2uint_shim
                0x0000000010004582                double2ufix_shim
 *fill*         0x000000001000458e        0x2 
 .text.double2uint64_shim
                0x0000000010004590       0x70 CMakeFiles/rotating_cube.dir/home/mlemon/pico/pico-sdk/src/rp2_common/pico_double/double_v1_rom_shim.S.obj
                0x0000000010004590                double2uint64_shim
                0x0000000010004592                double2ufix64_shim
                0x00000000100045b2                d2fix_a
 .text.dunpacks
                0x0000000010004600       0x3c CMakeFiles/rotating_cube.dir/home/mlemon/pico/pico-sdk/src/rp2_common/pico_double/double_v1_rom_shim.S.obj
                0x0000000010004600                dunpacks
 .text.__aeabi_lmul
                0x000000001000463c       0x32 CMakeFiles/rotating_cube.dir/home/mlemon/pico/pico-sdk/src/rp2_common/pico_int64_ops/pico_int64_ops_aeabi.S.obj
                0x000000001000463c                __wrap___aeabi_lmul
 *fill*         0x000000001000466e        0x2 
 .text.__wrap___aeabi_farithmetic
                0x0000000010004670       0x48 CMakeFiles/rotating_cube.dir/home/mlemon/pico/pico-sdk/src/rp2_common/pico_float/float_aeabi.S.obj
                0x0000000010004670                __wrap___aeabi_frsub
                0x0000000010004676                __wrap___aeabi_fsub
                0x000000001000467c                __wrap___aeabi_fadd
                0x0000000010004682                __wrap___aeabi_fdiv
                0x00000000100046aa                __wrap___aeabi_fmul
 .text.__wrap___aeabi_cfcmple
                0x00000000100046b8       0x50 CMakeFiles/rotating_cube.dir/home/mlemon/pico/pico-sdk/src/rp2_common/pico_float/float_aeabi.S.obj
                0x00000000100046b8                __wrap___aeabi_cfrcmple
                0x00000000100046c4                __wrap___aeabi_cfcmpeq
                0x00000000100046c4                __wrap___aeabi_cfcmple
 .text.__wrap___aeabi_fcmple
                0x0000000010004708       0x10 CMakeFiles/rotating_cube.dir/home/mlemon/pico/pico-sdk/src/rp2_common/pico_float/float_aeabi.S.obj
                0x0000000010004708                __wrap___aeabi_fcmple
 .text.__wrap___aeabi_fcmpge
                0x0000000010004718       0x10 CMakeFiles/rotating_cube.dir/home/mlemon/pico/pico-sdk/src/rp2_common/pico_float/float_aeabi.S.obj
                0x0000000010004718                __wrap___aeabi_fcmpge
 .text.__wrap___aeabi_fcmpgt
                0x0000000010004728        0xa CMakeFiles/rotating_cube.dir/home/mlemon/pico/pico-sdk/src/rp2_common/pico_float/float_aeabi.S.obj
                0x0000000010004728                __wrap___aeabi_fcmpgt
 *fill*         0x0000000010004732        0x2 
 .text.__wrap___aeabi_i2f
                0x0000000010004734       0x44 CMakeFiles/rotating_cube.dir/home/mlemon/pico/pico-sdk/src/rp2_common/pico_float/float_aeabi.S.obj
                0x0000000010004734                __wrap___aeabi_i2f
 .text.__wrap___aeabi_f2iz
                0x0000000010004778       0x4e CMakeFiles/rotating_cube.dir/home/mlemon/pico/pico-sdk/src/rp2_common/pico_float/float_aeabi.S.obj
                0x0000000010004778                __wrap___aeabi_f2iz
                0x0000000010004778                float2int_z
 *fill*         0x00000000100047c6        0x2 
 .text.float2int
                0x00000000100047c8       0x14 CMakeFiles/rotating_cube.dir/home/mlemon/pico/pico-sdk/src/rp2_common/pico_float/float_aeabi.S.obj
                0x00000000100047c8                float2int
 .text.__wrap___aeabi_f2uiz
                0x00000000100047dc        0xc CMakeFiles/rotating_cube.dir/home/mlemon/pico/pico-sdk/src/rp2_common/pico_float/float_aeabi.S.obj
                0x00000000100047dc                __wrap___aeabi_f2uiz
 .text.__aeabi_float_init
                0x00000000100047e8       0x64 CMakeFiles/rotating_cube.dir/home/mlemon/pico/pico-sdk/src/rp2_common/pico_float/float_init_rom.c.obj
                0x00000000100047e8                __aeabi_float_init
 .text.__wrap_floorf
                0x000000001000484c       0x40 CMakeFiles/rotating_cube.dir/home/mlemon/pico/pico-sdk/src/rp2_common/pico_float/float_math.c.obj
                0x000000001000484c                __wrap_floorf
 .text.__wrap_ceilf
                0x000000001000488c       0x40 CMakeFiles/rotating_cube.dir/home/mlemon/pico/pico-sdk/src/rp2_common/pico_float/float_math.c.obj
                0x000000001000488c                __wrap_ceilf
 .text.float_table_shim_on_use_helper
                0x00000000100048cc       0x2c CMakeFiles/rotating_cube.dir/home/mlemon/pico/pico-sdk/src/rp2_common/pico_float/float_v1_rom_shim.S.obj
                0x00000000100048cc                float_table_shim_on_use_helper
 .text.float232_shims
                0x00000000100048f8       0x18 CMakeFiles/rotating_cube.dir/home/mlemon/pico/pico-sdk/src/rp2_common/pico_float/float_v1_rom_shim.S.obj
                0x00000000100048f8                float2int_shim
                0x00000000100048fa                float2fix_shim
 .text          0x0000000010004910       0x10 CMakeFiles/rotating_cube.dir/home/mlemon/pico/pico-sdk/src/rp2_common/pico_mem_ops/mem_ops_aeabi.S.obj
                0x0000000010004910                __aeabi_mem_init
 .text.memset   0x0000000010004920        0xc CMakeFiles/rotating_cube.dir/home/mlemon/pico/pico-sdk/src/rp2_common/pico_mem_ops/mem_ops_aeabi.S.obj
                0x0000000010004920                __wrap_memset
 .text.memcpy   0x000000001000492c        0xc CMakeFiles/rotating_cube.dir/home/mlemon/pico/pico-sdk/src/rp2_common/pico_mem_ops/mem_ops_aeabi.S.obj
                0x000000001000492c                __wrap___aeabi_memcpy
                0x000000001000492c                __wrap_memcpy
 .text.stdio_out_chars_no_crlf
                0x0000000010004938       0x10 CMakeFiles/rotating_cube.dir/home/mlemon/pico/pico-sdk/src/rp2_common/pico_stdio/stdio.c.obj
 .text.stdio_out_chars_crlf
                0x0000000010004948       0x94 CMakeFiles/rotating_cube.dir/home/mlemon/pico/pico-sdk/src/rp2_common/pico_stdio/stdio.c.obj
 .text.stdio_buffered_printer
                0x00000000100049dc       0x64 CMakeFiles/rotating_cube.dir/home/mlemon/pico/pico-sdk/src/rp2_common/pico_stdio/stdio.c.obj
 .text.stdio_put_string
                0x0000000010004a40      0x100 CMakeFiles/rotating_cube.dir/home/mlemon/pico/pico-sdk/src/rp2_common/pico_stdio/stdio.c.obj
 .text.__wrap_putchar
                0x0000000010004b40       0xa4 CMakeFiles/rotating_cube.dir/home/mlemon/pico/pico-sdk/src/rp2_common/pico_stdio/stdio.c.obj
                0x0000000010004b40                __wrap_putchar
 .text.__wrap_puts
                0x0000000010004be4       0x3c CMakeFiles/rotating_cube.dir/home/mlemon/pico/pico-sdk/src/rp2_common/pico_stdio/stdio.c.obj
                0x0000000010004be4                __wrap_puts
 .text._read    0x0000000010004c20       0x94 CMakeFiles/rotating_cube.dir/home/mlemon/pico/pico-sdk/src/rp2_common/pico_stdio/stdio.c.obj
                0x0000000010004c20                _read
 .text._write   0x0000000010004cb4       0xac CMakeFiles/rotating_cube.dir/home/mlemon/pico/pico-sdk/src/rp2_common/pico_stdio/stdio.c.obj
                0x0000000010004cb4                _write
 .text.stdio_set_driver_enabled
                0x0000000010004d60       0x30 CMakeFiles/rotating_cube.dir/home/mlemon/pico/pico-sdk/src/rp2_common/pico_stdio/stdio.c.obj
                0x0000000010004d60                stdio_set_driver_enabled
 .text.__wrap_vprintf
                0x0000000010004d90       0xd8 CMakeFiles/rotating_cube.dir/home/mlemon/pico/pico-sdk/src/rp2_common/pico_stdio/stdio.c.obj
                0x0000000010004d90                __wrap_vprintf
 .text.__wrap_printf
                0x0000000010004e68       0x18 CMakeFiles/rotating_cube.dir/home/mlemon/pico/pico-sdk/src/rp2_common/pico_stdio/stdio.c.obj
                0x0000000010004e68                __wrap_printf
 .text.stdio_init_all
                0x0000000010004e80        0xc CMakeFiles/rotating_cube.dir/home/mlemon/pico/pico-sdk/src/rp2_common/pico_stdio/stdio.c.obj
                0x0000000010004e80                stdio_init_all
 .text.stdio_uart_out_chars
                0x0000000010004e8c       0x4c CMakeFiles/rotating_cube.dir/home/mlemon/pico/pico-sdk/src/rp2_common/pico_stdio_uart/stdio_uart.c.obj
 .text.stdio_uart_in_chars
                0x0000000010004ed8       0x38 CMakeFiles/rotating_cube.dir/home/mlemon/pico/pico-sdk/src/rp2_common/pico_stdio_uart/stdio_uart.c.obj
                0x0000000010004ed8                stdio_uart_in_chars
 .text.stdio_uart_init
                0x0000000010004f10       0x48 CMakeFiles/rotating_cube.dir/home/mlemon/pico/pico-sdk/src/rp2_common/pico_stdio_uart/stdio_uart.c.obj
                0x0000000010004f10                stdio_uart_init
 .text.resetd_init
                0x0000000010004f58        0x4 CMakeFiles/rotating_cube.dir/home/mlemon/pico/pico-sdk/src/rp2_common/pico_stdio_usb/reset_interface.c.obj
 .text.resetd_reset
                0x0000000010004f5c        0xc CMakeFiles/rotating_cube.dir/home/mlemon/pico/pico-sdk/src/rp2_common/pico_stdio_usb/reset_interface.c.obj
 .text.resetd_open
                0x0000000010004f68       0x28 CMakeFiles/rotating_cube.dir/home/mlemon/pico/pico-sdk/src/rp2_common/pico_stdio_usb/reset_interface.c.obj
 .text.resetd_xfer_cb
                0x0000000010004f90        0x4 CMakeFiles/rotating_cube.dir/home/mlemon/pico/pico-sdk/src/rp2_common/pico_stdio_usb/reset_interface.c.obj
 .text.resetd_control_xfer_cb
                0x0000000010004f94       0x64 CMakeFiles/rotating_cube.dir/home/mlemon/pico/pico-sdk/src/rp2_common/pico_stdio_usb/reset_interface.c.obj
 .text.usbd_app_driver_get_cb
                0x0000000010004ff8        0xc CMakeFiles/rotating_cube.dir/home/mlemon/pico/pico-sdk/src/rp2_common/pico_stdio_usb/reset_interface.c.obj
                0x0000000010004ff8                usbd_app_driver_get_cb
 .text.tud_cdc_line_coding_cb
                0x0000000010005004       0x34 CMakeFiles/rotating_cube.dir/home/mlemon/pico/pico-sdk/src/rp2_common/pico_stdio_usb/reset_interface.c.obj
                0x0000000010005004                tud_cdc_line_coding_cb
 .text.stdio_usb_in_chars
                0x0000000010005038       0x68 CMakeFiles/rotating_cube.dir/home/mlemon/pico/pico-sdk/src/rp2_common/pico_stdio_usb/stdio_usb.c.obj
                0x0000000010005038                stdio_usb_in_chars
 .text.stdio_usb_out_chars
                0x00000000100050a0       0xec CMakeFiles/rotating_cube.dir/home/mlemon/pico/pico-sdk/src/rp2_common/pico_stdio_usb/stdio_usb.c.obj
 .text.timer_task
                0x000000001000518c       0x18 CMakeFiles/rotating_cube.dir/home/mlemon/pico/pico-sdk/src/rp2_common/pico_stdio_usb/stdio_usb.c.obj
 .text.usb_irq  0x00000000100051a4       0x10 CMakeFiles/rotating_cube.dir/home/mlemon/pico/pico-sdk/src/rp2_common/pico_stdio_usb/stdio_usb.c.obj
 .text.low_priority_worker_irq
                0x00000000100051b4       0x24 CMakeFiles/rotating_cube.dir/home/mlemon/pico/pico-sdk/src/rp2_common/pico_stdio_usb/stdio_usb.c.obj
 .text.stdio_usb_init
                0x00000000100051d8       0xb0 CMakeFiles/rotating_cube.dir/home/mlemon/pico/pico-sdk/src/rp2_common/pico_stdio_usb/stdio_usb.c.obj
                0x00000000100051d8                stdio_usb_init
 .text.tud_descriptor_device_cb
                0x0000000010005288        0x8 CMakeFiles/rotating_cube.dir/home/mlemon/pico/pico-sdk/src/rp2_common/pico_stdio_usb/stdio_usb_descriptors.c.obj
                0x0000000010005288                tud_descriptor_device_cb
 .text.tud_descriptor_configuration_cb
                0x0000000010005290        0x8 CMakeFiles/rotating_cube.dir/home/mlemon/pico/pico-sdk/src/rp2_common/pico_stdio_usb/stdio_usb_descriptors.c.obj
                0x0000000010005290                tud_descriptor_configuration_cb
 .text.tud_descriptor_string_cb
                0x0000000010005298       0x70 CMakeFiles/rotating_cube.dir/home/mlemon/pico/pico-sdk/src/rp2_common/pico_stdio_usb/stdio_usb_descriptors.c.obj
                0x0000000010005298                tud_descriptor_string_cb
 .text.dcd_rp2040_irq
                0x0000000010005308      0x21c CMakeFiles/rotating_cube.dir/home/mlemon/pico/pico-sdk/lib/tinyusb/src/portable/raspberrypi/rp2040/dcd_rp2040.c.obj
 .text.dcd_int_enable
                0x0000000010005524        0xc CMakeFiles/rotating_cube.dir/home/mlemon/pico/pico-sdk/lib/tinyusb/src/portable/raspberrypi/rp2040/dcd_rp2040.c.obj
                0x0000000010005524                dcd_int_enable
 .text.dcd_set_address
                0x0000000010005530       0x14 CMakeFiles/rotating_cube.dir/home/mlemon/pico/pico-sdk/lib/tinyusb/src/portable/raspberrypi/rp2040/dcd_rp2040.c.obj
                0x0000000010005530                dcd_set_address
 .text.dcd_connect
                0x0000000010005544       0x10 CMakeFiles/rotating_cube.dir/home/mlemon/pico/pico-sdk/lib/tinyusb/src/portable/raspberrypi/rp2040/dcd_rp2040.c.obj
                0x0000000010005544                dcd_connect
 .text.dcd_init
                0x0000000010005554      0x148 CMakeFiles/rotating_cube.dir/home/mlemon/pico/pico-sdk/lib/tinyusb/src/portable/raspberrypi/rp2040/dcd_rp2040.c.obj
                0x0000000010005554                dcd_init
 .text.dcd_edpt0_status_complete
                0x000000001000569c       0x1c CMakeFiles/rotating_cube.dir/home/mlemon/pico/pico-sdk/lib/tinyusb/src/portable/raspberrypi/rp2040/dcd_rp2040.c.obj
                0x000000001000569c                dcd_edpt0_status_complete
 .text.dcd_edpt_open
                0x00000000100056b8       0xf0 CMakeFiles/rotating_cube.dir/home/mlemon/pico/pico-sdk/lib/tinyusb/src/portable/raspberrypi/rp2040/dcd_rp2040.c.obj
                0x00000000100056b8                dcd_edpt_open
 .text.dcd_edpt_close_all
                0x00000000100057a8       0xbc CMakeFiles/rotating_cube.dir/home/mlemon/pico/pico-sdk/lib/tinyusb/src/portable/raspberrypi/rp2040/dcd_rp2040.c.obj
                0x00000000100057a8                dcd_edpt_close_all
 .text.dcd_edpt_xfer
                0x0000000010005864       0x24 CMakeFiles/rotating_cube.dir/home/mlemon/pico/pico-sdk/lib/tinyusb/src/portable/raspberrypi/rp2040/dcd_rp2040.c.obj
                0x0000000010005864                dcd_edpt_xfer
 .text.dcd_edpt_stall
                0x0000000010005888       0x38 CMakeFiles/rotating_cube.dir/home/mlemon/pico/pico-sdk/lib/tinyusb/src/portable/raspberrypi/rp2040/dcd_rp2040.c.obj
                0x0000000010005888                dcd_edpt_stall
 .text.dcd_edpt_clear_stall
                0x00000000100058c0       0x30 CMakeFiles/rotating_cube.dir/home/mlemon/pico/pico-sdk/lib/tinyusb/src/portable/raspberrypi/rp2040/dcd_rp2040.c.obj
                0x00000000100058c0                dcd_edpt_clear_stall
 .text._hw_endpoint_buffer_control_update32.part.0
                0x00000000100058f0       0x20 CMakeFiles/rotating_cube.dir/home/mlemon/pico/pico-sdk/lib/tinyusb/src/portable/raspberrypi/rp2040/rp2040_usb.c.obj
 .text.rp2040_usb_init
                0x0000000010005910       0x4c CMakeFiles/rotating_cube.dir/home/mlemon/pico/pico-sdk/lib/tinyusb/src/portable/raspberrypi/rp2040/rp2040_usb.c.obj
                0x0000000010005910                rp2040_usb_init
 .text.hw_endpoint_reset_transfer
                0x000000001000595c        0xc CMakeFiles/rotating_cube.dir/home/mlemon/pico/pico-sdk/lib/tinyusb/src/portable/raspberrypi/rp2040/rp2040_usb.c.obj
                0x000000001000595c                hw_endpoint_reset_transfer
 .text._hw_endpoint_buffer_control_update32
                0x0000000010005968       0x40 CMakeFiles/rotating_cube.dir/home/mlemon/pico/pico-sdk/lib/tinyusb/src/portable/raspberrypi/rp2040/rp2040_usb.c.obj
                0x0000000010005968                _hw_endpoint_buffer_control_update32
 .text.hw_endpoint_xfer_start
                0x00000000100059a8      0x138 CMakeFiles/rotating_cube.dir/home/mlemon/pico/pico-sdk/lib/tinyusb/src/portable/raspberrypi/rp2040/rp2040_usb.c.obj
                0x00000000100059a8                hw_endpoint_xfer_start
 .text.hw_endpoint_xfer_continue
                0x0000000010005ae0      0x1e4 CMakeFiles/rotating_cube.dir/home/mlemon/pico/pico-sdk/lib/tinyusb/src/portable/raspberrypi/rp2040/rp2040_usb.c.obj
                0x0000000010005ae0                hw_endpoint_xfer_continue
 .text.tud_mounted
                0x0000000010005cc4       0x10 CMakeFiles/rotating_cube.dir/home/mlemon/pico/pico-sdk/lib/tinyusb/src/device/usbd.c.obj
                0x0000000010005cc4                tud_mounted
 .text.tud_suspended
                0x0000000010005cd4       0x10 CMakeFiles/rotating_cube.dir/home/mlemon/pico/pico-sdk/lib/tinyusb/src/device/usbd.c.obj
                0x0000000010005cd4                tud_suspended
 .text.tud_inited
                0x0000000010005ce4        0xc CMakeFiles/rotating_cube.dir/home/mlemon/pico/pico-sdk/lib/tinyusb/src/device/usbd.c.obj
                0x0000000010005ce4                tud_inited
 .text.tud_init
                0x0000000010005cf0       0xd8 CMakeFiles/rotating_cube.dir/home/mlemon/pico/pico-sdk/lib/tinyusb/src/device/usbd.c.obj
                0x0000000010005cf0                tud_init
 .text.tud_task
                0x0000000010005dc8      0x8ec CMakeFiles/rotating_cube.dir/home/mlemon/pico/pico-sdk/lib/tinyusb/src/device/usbd.c.obj
                0x0000000010005dc8                tud_task
 .text.dcd_event_bus_signal
                0x00000000100066b4      0x120 CMakeFiles/rotating_cube.dir/home/mlemon/pico/pico-sdk/lib/tinyusb/src/device/usbd.c.obj
                0x00000000100066b4                dcd_event_bus_signal
 .text.dcd_event_bus_reset
                0x00000000100067d4       0x54 CMakeFiles/rotating_cube.dir/home/mlemon/pico/pico-sdk/lib/tinyusb/src/device/usbd.c.obj
                0x00000000100067d4                dcd_event_bus_reset
 .text.dcd_event_setup_received
                0x0000000010006828       0x50 CMakeFiles/rotating_cube.dir/home/mlemon/pico/pico-sdk/lib/tinyusb/src/device/usbd.c.obj
                0x0000000010006828                dcd_event_setup_received
 .text.dcd_event_xfer_complete
                0x0000000010006878       0x68 CMakeFiles/rotating_cube.dir/home/mlemon/pico/pico-sdk/lib/tinyusb/src/device/usbd.c.obj
                0x0000000010006878                dcd_event_xfer_complete
 .text.usbd_open_edpt_pair
                0x00000000100068e0       0x80 CMakeFiles/rotating_cube.dir/home/mlemon/pico/pico-sdk/lib/tinyusb/src/device/usbd.c.obj
                0x00000000100068e0                usbd_open_edpt_pair
 .text.usbd_edpt_open
                0x0000000010006960       0x30 CMakeFiles/rotating_cube.dir/home/mlemon/pico/pico-sdk/lib/tinyusb/src/device/usbd.c.obj
                0x0000000010006960                usbd_edpt_open
 .text.usbd_edpt_claim
                0x0000000010006990       0x64 CMakeFiles/rotating_cube.dir/home/mlemon/pico/pico-sdk/lib/tinyusb/src/device/usbd.c.obj
                0x0000000010006990                usbd_edpt_claim
 .text.usbd_edpt_release
                0x00000000100069f4       0x4c CMakeFiles/rotating_cube.dir/home/mlemon/pico/pico-sdk/lib/tinyusb/src/device/usbd.c.obj
                0x00000000100069f4                usbd_edpt_release
 .text.usbd_edpt_xfer
                0x0000000010006a40       0x48 CMakeFiles/rotating_cube.dir/home/mlemon/pico/pico-sdk/lib/tinyusb/src/device/usbd.c.obj
                0x0000000010006a40                usbd_edpt_xfer
 .text.tud_control_status
                0x0000000010006a88       0x30 CMakeFiles/rotating_cube.dir/home/mlemon/pico/pico-sdk/lib/tinyusb/src/device/usbd_control.c.obj
                0x0000000010006a88                tud_control_status
 .text.tud_control_xfer
                0x0000000010006ab8       0xb8 CMakeFiles/rotating_cube.dir/home/mlemon/pico/pico-sdk/lib/tinyusb/src/device/usbd_control.c.obj
                0x0000000010006ab8                tud_control_xfer
 .text.usbd_control_reset
                0x0000000010006b70       0x14 CMakeFiles/rotating_cube.dir/home/mlemon/pico/pico-sdk/lib/tinyusb/src/device/usbd_control.c.obj
                0x0000000010006b70                usbd_control_reset
 .text.usbd_control_set_complete_callback
                0x0000000010006b84        0xc CMakeFiles/rotating_cube.dir/home/mlemon/pico/pico-sdk/lib/tinyusb/src/device/usbd_control.c.obj
                0x0000000010006b84                usbd_control_set_complete_callback
 .text.usbd_control_set_request
                0x0000000010006b90       0x1c CMakeFiles/rotating_cube.dir/home/mlemon/pico/pico-sdk/lib/tinyusb/src/device/usbd_control.c.obj
                0x0000000010006b90                usbd_control_set_request
 .text.usbd_control_xfer_cb
                0x0000000010006bac       0xf8 CMakeFiles/rotating_cube.dir/home/mlemon/pico/pico-sdk/lib/tinyusb/src/device/usbd_control.c.obj
                0x0000000010006bac                usbd_control_xfer_cb
 .text.tud_cdc_n_connected
                0x0000000010006ca4       0x30 CMakeFiles/rotating_cube.dir/home/mlemon/pico/pico-sdk/lib/tinyusb/src/class/cdc/cdc_device.c.obj
                0x0000000010006ca4                tud_cdc_n_connected
 .text.tud_cdc_n_available
                0x0000000010006cd4       0x18 CMakeFiles/rotating_cube.dir/home/mlemon/pico/pico-sdk/lib/tinyusb/src/class/cdc/cdc_device.c.obj
                0x0000000010006cd4                tud_cdc_n_available
 .text.tud_cdc_n_read
                0x0000000010006cec       0x70 CMakeFiles/rotating_cube.dir/home/mlemon/pico/pico-sdk/lib/tinyusb/src/class/cdc/cdc_device.c.obj
                0x0000000010006cec                tud_cdc_n_read
 .text.tud_cdc_n_write_flush
                0x0000000010006d5c       0x78 CMakeFiles/rotating_cube.dir/home/mlemon/pico/pico-sdk/lib/tinyusb/src/class/cdc/cdc_device.c.obj
                0x0000000010006d5c                tud_cdc_n_write_flush
 .text.tud_cdc_n_write
                0x0000000010006dd4       0x34 CMakeFiles/rotating_cube.dir/home/mlemon/pico/pico-sdk/lib/tinyusb/src/class/cdc/cdc_device.c.obj
                0x0000000010006dd4                tud_cdc_n_write
 .text.tud_cdc_n_write_available
                0x0000000010006e08       0x18 CMakeFiles/rotating_cube.dir/home/mlemon/pico/pico-sdk/lib/tinyusb/src/class/cdc/cdc_device.c.obj
                0x0000000010006e08                tud_cdc_n_write_available
 .text.cdcd_init
                0x0000000010006e20       0x7c CMakeFiles/rotating_cube.dir/home/mlemon/pico/pico-sdk/lib/tinyusb/src/class/cdc/cdc_device.c.obj
                0x0000000010006e20                cdcd_init
 .text.cdcd_reset
                0x0000000010006e9c       0x2c CMakeFiles/rotating_cube.dir/home/mlemon/pico/pico-sdk/lib/tinyusb/src/class/cdc/cdc_device.c.obj
                0x0000000010006e9c                cdcd_reset
 .text.cdcd_open
                0x0000000010006ec8       0xe4 CMakeFiles/rotating_cube.dir/home/mlemon/pico/pico-sdk/lib/tinyusb/src/class/cdc/cdc_device.c.obj
                0x0000000010006ec8                cdcd_open
 .text.cdcd_control_xfer_cb
                0x0000000010006fac       0xe4 CMakeFiles/rotating_cube.dir/home/mlemon/pico/pico-sdk/lib/tinyusb/src/class/cdc/cdc_device.c.obj
                0x0000000010006fac                cdcd_control_xfer_cb
 .text.cdcd_xfer_cb
                0x0000000010007090      0x198 CMakeFiles/rotating_cube.dir/home/mlemon/pico/pico-sdk/lib/tinyusb/src/class/cdc/cdc_device.c.obj
                0x0000000010007090                cdcd_xfer_cb
 .text.tusb_init
                0x0000000010007228        0xc CMakeFiles/rotating_cube.dir/home/mlemon/pico/pico-sdk/lib/tinyusb/src/tusb.c.obj
                0x0000000010007228                tusb_init
 .text.tusb_inited
                0x0000000010007234        0x8 CMakeFiles/rotating_cube.dir/home/mlemon/pico/pico-sdk/lib/tinyusb/src/tusb.c.obj
                0x0000000010007234                tusb_inited
 .text.tu_edpt_validate
                0x000000001000723c       0x78 CMakeFiles/rotating_cube.dir/home/mlemon/pico/pico-sdk/lib/tinyusb/src/tusb.c.obj
                0x000000001000723c                tu_edpt_validate
 .text.tu_edpt_bind_driver
                0x00000000100072b4       0x2c CMakeFiles/rotating_cube.dir/home/mlemon/pico/pico-sdk/lib/tinyusb/src/tusb.c.obj
                0x00000000100072b4                tu_edpt_bind_driver
 .text.tu_fifo_config
                0x00000000100072e0       0x78 CMakeFiles/rotating_cube.dir/home/mlemon/pico/pico-sdk/lib/tinyusb/src/common/tusb_fifo.c.obj
                0x00000000100072e0                tu_fifo_config
 .text.tu_fifo_count
                0x0000000010007358       0x20 CMakeFiles/rotating_cube.dir/home/mlemon/pico/pico-sdk/lib/tinyusb/src/common/tusb_fifo.c.obj
                0x0000000010007358                tu_fifo_count
 .text.tu_fifo_empty
                0x0000000010007378       0x10 CMakeFiles/rotating_cube.dir/home/mlemon/pico/pico-sdk/lib/tinyusb/src/common/tusb_fifo.c.obj
                0x0000000010007378                tu_fifo_empty
 .text.tu_fifo_remaining
                0x0000000010007388       0x1c CMakeFiles/rotating_cube.dir/home/mlemon/pico/pico-sdk/lib/tinyusb/src/common/tusb_fifo.c.obj
                0x0000000010007388                tu_fifo_remaining
 .text.tu_fifo_read
                0x00000000100073a4       0x9c CMakeFiles/rotating_cube.dir/home/mlemon/pico/pico-sdk/lib/tinyusb/src/common/tusb_fifo.c.obj
                0x00000000100073a4                tu_fifo_read
 .text.tu_fifo_read_n
                0x0000000010007440      0x100 CMakeFiles/rotating_cube.dir/home/mlemon/pico/pico-sdk/lib/tinyusb/src/common/tusb_fifo.c.obj
                0x0000000010007440                tu_fifo_read_n
 .text.tu_fifo_write
                0x0000000010007540       0x7c CMakeFiles/rotating_cube.dir/home/mlemon/pico/pico-sdk/lib/tinyusb/src/common/tusb_fifo.c.obj
                0x0000000010007540                tu_fifo_write
 .text.tu_fifo_write_n
                0x00000000100075bc       0xf8 CMakeFiles/rotating_cube.dir/home/mlemon/pico/pico-sdk/lib/tinyusb/src/common/tusb_fifo.c.obj
                0x00000000100075bc                tu_fifo_write_n
 .text.tu_fifo_clear
                0x00000000100076b4       0x4c CMakeFiles/rotating_cube.dir/home/mlemon/pico/pico-sdk/lib/tinyusb/src/common/tusb_fifo.c.obj
                0x00000000100076b4                tu_fifo_clear
 .text.tu_fifo_set_overwritable
                0x0000000010007700       0x3c CMakeFiles/rotating_cube.dir/home/mlemon/pico/pico-sdk/lib/tinyusb/src/common/tusb_fifo.c.obj
                0x0000000010007700                tu_fifo_set_overwritable
 .text.startup._retrieve_unique_id_on_boot
                0x000000001000773c       0x10 CMakeFiles/rotating_cube.dir/home/mlemon/pico/pico-sdk/src/rp2_common/pico_unique_id/unique_id.c.obj
 .text.pico_get_unique_board_id_string
                0x000000001000774c      0x1bc CMakeFiles/rotating_cube.dir/home/mlemon/pico/pico-sdk/src/rp2_common/pico_unique_id/unique_id.c.obj
                0x000000001000774c                pico_get_unique_board_id_string
 .text.flash_get_unique_id
                0x0000000010007908       0x40 CMakeFiles/rotating_cube.dir/home/mlemon/pico/pico-sdk/src/rp2_common/hardware_flash/flash.c.obj
                0x0000000010007908                flash_get_unique_id
 .text          0x0000000010007948       0x50 /usr/lib/gcc/arm-none-eabi/9.2.1/../../../arm-none-eabi/lib/thumb/v6-m/nofp/libc.a(lib_a-fputc.o)
                0x0000000010007948                _fputc_r
                0x000000001000796c                fputc
 .text          0x0000000010007998       0x90 /usr/lib/gcc/arm-none-eabi/9.2.1/../../../arm-none-eabi/lib/thumb/v6-m/nofp/libc.a(lib_a-fwrite.o)
                0x0000000010007998                _fwrite_r
                0x0000000010007a08                fwrite
 .text          0x0000000010007a28      0x58c /usr/lib/gcc/arm-none-eabi/9.2.1/../../../arm-none-eabi/lib/thumb/v6-m/nofp/libc.a(lib_a-mallocr.o)
                0x0000000010007a28                _malloc_r
 .text          0x0000000010007fb4        0x8 /usr/lib/gcc/arm-none-eabi/9.2.1/../../../arm-none-eabi/lib/thumb/v6-m/nofp/libc.a(lib_a-mlock.o)
                0x0000000010007fb4                __malloc_lock
                0x0000000010007fb8                __malloc_unlock
 .text          0x0000000010007fbc       0x98 /usr/lib/gcc/arm-none-eabi/9.2.1/../../../arm-none-eabi/lib/thumb/v6-m/nofp/libc.a(lib_a-putc.o)
                0x0000000010007fbc                _putc_r
                0x0000000010008004                putc
 .text          0x0000000010008054      0x35c /usr/lib/gcc/arm-none-eabi/9.2.1/../../../arm-none-eabi/lib/thumb/v6-m/nofp/libc.a(lib_a-reallocr.o)
                0x0000000010008054                _realloc_r
 .text          0x00000000100083b0       0x24 /usr/lib/gcc/arm-none-eabi/9.2.1/../../../arm-none-eabi/lib/thumb/v6-m/nofp/libc.a(lib_a-sbrkr.o)
                0x00000000100083b0                _sbrk_r
 .text          0x00000000100083d4       0x68 /usr/lib/gcc/arm-none-eabi/9.2.1/../../../arm-none-eabi/lib/thumb/v6-m/nofp/libc.a(lib_a-strlen-stub.o)
                0x00000000100083d4                strlen
 .text          0x000000001000843c       0xe0 /usr/lib/gcc/arm-none-eabi/9.2.1/../../../arm-none-eabi/lib/thumb/v6-m/nofp/libc.a(lib_a-wbuf.o)
                0x000000001000843c                __swbuf_r
                0x0000000010008504                __swbuf
 .text          0x000000001000851c       0xdc /usr/lib/gcc/arm-none-eabi/9.2.1/../../../arm-none-eabi/lib/thumb/v6-m/nofp/libc.a(lib_a-wsetup.o)
                0x000000001000851c                __swsetup_r
 .text          0x00000000100085f8      0x1b4 /usr/lib/gcc/arm-none-eabi/9.2.1/../../../arm-none-eabi/lib/thumb/v6-m/nofp/libc.a(lib_a-fflush.o)
                0x00000000100085f8                __sflush_r
                0x0000000010008758                _fflush_r
                0x0000000010008784                fflush
 .text          0x00000000100087ac      0x220 /usr/lib/gcc/arm-none-eabi/9.2.1/../../../arm-none-eabi/lib/thumb/v6-m/nofp/libc.a(lib_a-findfp.o)
                0x00000000100087b0                _cleanup_r
                0x00000000100088ac                __sfmoreglue
                0x00000000100088dc                __sfp
                0x0000000010008964                _cleanup
                0x000000001000897c                __sinit
                0x000000001000898c                __sfp_lock_acquire
                0x0000000010008990                __sfp_lock_release
                0x0000000010008994                __sinit_lock_acquire
                0x0000000010008998                __sinit_lock_release
                0x000000001000899c                __fp_lock_all
                0x00000000100089b4                __fp_unlock_all
 .text          0x00000000100089cc      0x27c /usr/lib/gcc/arm-none-eabi/9.2.1/../../../arm-none-eabi/lib/thumb/v6-m/nofp/libc.a(lib_a-freer.o)
                0x00000000100089cc                _malloc_trim_r
                0x0000000010008a6c                _free_r
 .text          0x0000000010008c48      0x320 /usr/lib/gcc/arm-none-eabi/9.2.1/../../../arm-none-eabi/lib/thumb/v6-m/nofp/libc.a(lib_a-fvwrite.o)
                0x0000000010008c48                __sfvwrite_r
 .text          0x0000000010008f68       0x90 /usr/lib/gcc/arm-none-eabi/9.2.1/../../../arm-none-eabi/lib/thumb/v6-m/nofp/libc.a(lib_a-fwalk.o)
                0x0000000010008f68                _fwalk
                0x0000000010008fac                _fwalk_reent
 .text          0x0000000010008ff8       0xf0 /usr/lib/gcc/arm-none-eabi/9.2.1/../../../arm-none-eabi/lib/thumb/v6-m/nofp/libc.a(lib_a-makebuf.o)
                0x0000000010008ff8                __swhatbuf_r
                0x0000000010009058                __smakebuf_r
 .text          0x00000000100090e8       0xa4 /usr/lib/gcc/arm-none-eabi/9.2.1/../../../arm-none-eabi/lib/thumb/v6-m/nofp/libc.a(lib_a-stdio.o)
                0x00000000100090e8                __sread
                0x0000000010009110                __seofread
                0x0000000010009114                __swrite
                0x0000000010009154                __sseek
                0x0000000010009180                __sclose
 .text          0x000000001000918c       0x28 /usr/lib/gcc/arm-none-eabi/9.2.1/../../../arm-none-eabi/lib/thumb/v6-m/nofp/libc.a(lib_a-writer.o)
                0x000000001000918c                _write_r
 .text          0x00000000100091b4       0x24 /usr/lib/gcc/arm-none-eabi/9.2.1/../../../arm-none-eabi/lib/thumb/v6-m/nofp/libc.a(lib_a-closer.o)
                0x00000000100091b4                _close_r
 .text          0x00000000100091d8       0xac /usr/lib/gcc/arm-none-eabi/9.2.1/../../../arm-none-eabi/lib/thumb/v6-m/nofp/libc.a(lib_a-fclose.o)
                0x00000000100091d8                _fclose_r
                0x0000000010009270                fclose
 .text          0x0000000010009284       0x28 /usr/lib/gcc/arm-none-eabi/9.2.1/../../../arm-none-eabi/lib/thumb/v6-m/nofp/libc.a(lib_a-fstatr.o)
                0x0000000010009284                _fstat_r
 .text          0x00000000100092ac       0x24 /usr/lib/gcc/arm-none-eabi/9.2.1/../../../arm-none-eabi/lib/thumb/v6-m/nofp/libc.a(lib_a-isattyr.o)
                0x00000000100092ac                _isatty_r
 .text          0x00000000100092d0       0x28 /usr/lib/gcc/arm-none-eabi/9.2.1/../../../arm-none-eabi/lib/thumb/v6-m/nofp/libc.a(lib_a-lseekr.o)
                0x00000000100092d0                _lseek_r
 .text          0x00000000100092f8       0x28 /usr/lib/gcc/arm-none-eabi/9.2.1/../../../arm-none-eabi/lib/thumb/v6-m/nofp/libc.a(lib_a-readr.o)
                0x00000000100092f8                _read_r
 .text          0x0000000010009320       0x10 /usr/lib/gcc/arm-none-eabi/9.2.1/../../../arm-none-eabi/lib/thumb/v6-m/nofp/libnosys.a(close.o)
                0x0000000010009320                _close
 .text          0x0000000010009330       0x10 /usr/lib/gcc/arm-none-eabi/9.2.1/../../../arm-none-eabi/lib/thumb/v6-m/nofp/libnosys.a(fstat.o)
                0x0000000010009330                _fstat
 .text          0x0000000010009340       0x10 /usr/lib/gcc/arm-none-eabi/9.2.1/../../../arm-none-eabi/lib/thumb/v6-m/nofp/libnosys.a(isatty.o)
                0x0000000010009340                _isatty
 .text          0x0000000010009350       0x10 /usr/lib/gcc/arm-none-eabi/9.2.1/../../../arm-none-eabi/lib/thumb/v6-m/nofp/libnosys.a(lseek.o)
                0x0000000010009350                _lseek
 *(.fini)
 .fini          0x0000000010009360        0x4 /usr/lib/gcc/arm-none-eabi/9.2.1/thumb/v6-m/nofp/crti.o
                0x0000000010009360                _fini
 *fill*         0x0000000010009364        0x4 
 .fini.__stub   0x0000000010009368       0x90 linker stubs
 *crtbegin.o(.ctors)
 *crtbegin?.o(.ctors)
 *(EXCLUDE_FILE(*crtend.o *crtend?.o) .ctors)
 *(SORT_BY_NAME(.ctors.*))
 *(.ctors)
 *crtbegin.o(.dtors)
 *crtbegin?.o(.dtors)
 *(EXCLUDE_FILE(*crtend.o *crtend?.o) .dtors)
 *(SORT_BY_NAME(.dtors.*))
 *(.dtors)
 *(.eh_frame*)
 .eh_frame      0x00000000100093f8        0x0 /usr/lib/gcc/arm-none-eabi/9.2.1/thumb/v6-m/nofp/crtbegin.o
                0x00000000100093f8                . = ALIGN (0x4)

.glue_7         0x00000000100093f8        0x0
 .glue_7        0x00000000100093f8        0x0 linker stubs

.glue_7t        0x00000000100093f8        0x0
 .glue_7t       0x00000000100093f8        0x0 linker stubs

.vfp11_veneer   0x00000000100093f8        0x0
 .vfp11_veneer  0x00000000100093f8        0x0 linker stubs

.v4_bx          0x00000000100093f8        0x0
 .v4_bx         0x00000000100093f8        0x0 linker stubs

.iplt           0x00000000100093f8        0x0
 .iplt          0x00000000100093f8        0x0 /usr/lib/gcc/arm-none-eabi/9.2.1/thumb/v6-m/nofp/crtbegin.o

.rodata         0x00000000100093f8      0x580
 *(EXCLUDE_FILE(*libm.a: *libc.a:*lib_a-mem*.o *libgcc.a:) .rodata*)
 .rodata.main.str1.4
                0x00000000100093f8       0x16 CMakeFiles/rotating_cube.dir/cube.c.obj
 *fill*         0x000000001000940e        0x2 
 .rodata.spin_lock_claim_unused.str1.4
                0x0000000010009410       0x1b CMakeFiles/rotating_cube.dir/home/mlemon/pico/pico-sdk/src/rp2_common/hardware_sync/sync.c.obj
 *fill*         0x000000001000942b        0x1 
 .rodata.user_irq_claim_unused.str1.4
                0x000000001000942c       0x1b CMakeFiles/rotating_cube.dir/home/mlemon/pico/pico-sdk/src/rp2_common/hardware_irq/irq.c.obj
 *fill*         0x0000000010009447        0x1 
 .rodata.at_the_end_of_time
                0x0000000010009448        0x8 CMakeFiles/rotating_cube.dir/home/mlemon/pico/pico-sdk/src/common/pico_time/time.c.obj
                0x0000000010009448                at_the_end_of_time
 .rodata.hardware_alarm_claim.str1.4
                0x0000000010009450       0x22 CMakeFiles/rotating_cube.dir/home/mlemon/pico/pico-sdk/src/rp2_common/hardware_timer/timer.c.obj
 *fill*         0x0000000010009472        0x2 
 .rodata.panic.str1.4
                0x0000000010009474       0x12 CMakeFiles/rotating_cube.dir/home/mlemon/pico/pico-sdk/src/rp2_common/pico_runtime/runtime.c.obj
 *fill*         0x0000000010009486        0x2 
 .rodata.hard_assertion_failure.str1.4
                0x0000000010009488        0xc CMakeFiles/rotating_cube.dir/home/mlemon/pico/pico-sdk/src/rp2_common/pico_runtime/runtime.c.obj
 .rodata._ftoa.str1.4
                0x0000000010009494       0x15 CMakeFiles/rotating_cube.dir/home/mlemon/pico/pico-sdk/src/rp2_common/pico_printf/printf.c.obj
 *fill*         0x00000000100094a9        0x3 
 .rodata._vsnprintf
                0x00000000100094ac      0x1e0 CMakeFiles/rotating_cube.dir/home/mlemon/pico/pico-sdk/src/rp2_common/pico_printf/printf.c.obj
 *fill*         0x000000001000968c        0x4 
 .rodata.pow10.5444
                0x0000000010009690       0x50 CMakeFiles/rotating_cube.dir/home/mlemon/pico/pico-sdk/src/rp2_common/pico_printf/printf.c.obj
 .rodata.str1.4
                0x00000000100096e0       0x44 CMakeFiles/rotating_cube.dir/home/mlemon/pico/pico-sdk/src/rp2_common/pico_standard_link/binary_info.c.obj
 .rodata.__bi_44
                0x0000000010009724        0xc CMakeFiles/rotating_cube.dir/home/mlemon/pico/pico-sdk/src/rp2_common/pico_standard_link/binary_info.c.obj
 .rodata.__bi_75
                0x0000000010009730        0xc CMakeFiles/rotating_cube.dir/home/mlemon/pico/pico-sdk/src/rp2_common/pico_standard_link/binary_info.c.obj
 .rodata.__bi_81
                0x000000001000973c        0xc CMakeFiles/rotating_cube.dir/home/mlemon/pico/pico-sdk/src/rp2_common/pico_standard_link/binary_info.c.obj
 .rodata.crlf_str.6065
                0x0000000010009748        0x2 CMakeFiles/rotating_cube.dir/home/mlemon/pico/pico-sdk/src/rp2_common/pico_stdio/stdio.c.obj
 *fill*         0x000000001000974a        0x2 
 .rodata.str1.4
                0x000000001000974c       0x2c CMakeFiles/rotating_cube.dir/home/mlemon/pico/pico-sdk/src/rp2_common/pico_stdio_uart/stdio_uart.c.obj
 .rodata.__bi_28.4859
                0x0000000010009778        0xc CMakeFiles/rotating_cube.dir/home/mlemon/pico/pico-sdk/src/rp2_common/pico_stdio_uart/stdio_uart.c.obj
 .rodata.__bi_29.4863
                0x0000000010009784        0x8 CMakeFiles/rotating_cube.dir/home/mlemon/pico/pico-sdk/src/rp2_common/pico_stdio_uart/stdio_uart.c.obj
 .rodata._resetd_driver
                0x000000001000978c       0x18 CMakeFiles/rotating_cube.dir/home/mlemon/pico/pico-sdk/src/rp2_common/pico_stdio_usb/reset_interface.c.obj
 .rodata.str1.4
                0x00000000100097a4       0x13 CMakeFiles/rotating_cube.dir/home/mlemon/pico/pico-sdk/src/rp2_common/pico_stdio_usb/stdio_usb.c.obj
 *fill*         0x00000000100097b7        0x1 
 .rodata.__bi_118.7207
                0x00000000100097b8        0xc CMakeFiles/rotating_cube.dir/home/mlemon/pico/pico-sdk/src/rp2_common/pico_stdio_usb/stdio_usb.c.obj
 .rodata.str1.4
                0x00000000100097c4       0x2a CMakeFiles/rotating_cube.dir/home/mlemon/pico/pico-sdk/src/rp2_common/pico_stdio_usb/stdio_usb_descriptors.c.obj
 *fill*         0x00000000100097ee        0x2 
 .rodata.usbd_desc_cfg
                0x00000000100097f0       0x54 CMakeFiles/rotating_cube.dir/home/mlemon/pico/pico-sdk/src/rp2_common/pico_stdio_usb/stdio_usb_descriptors.c.obj
 .rodata.usbd_desc_device
                0x0000000010009844       0x12 CMakeFiles/rotating_cube.dir/home/mlemon/pico/pico-sdk/src/rp2_common/pico_stdio_usb/stdio_usb_descriptors.c.obj
 *fill*         0x0000000010009856        0x2 
 .rodata.usbd_desc_str
                0x0000000010009858       0x18 CMakeFiles/rotating_cube.dir/home/mlemon/pico/pico-sdk/src/rp2_common/pico_stdio_usb/stdio_usb_descriptors.c.obj
 .rodata.dcd_rp2040_irq.str1.4
                0x0000000010009870       0x14 CMakeFiles/rotating_cube.dir/home/mlemon/pico/pico-sdk/lib/tinyusb/src/portable/raspberrypi/rp2040/dcd_rp2040.c.obj
 .rodata._hw_endpoint_buffer_control_update32.part.0.str1.4
                0x0000000010009884       0x1f CMakeFiles/rotating_cube.dir/home/mlemon/pico/pico-sdk/lib/tinyusb/src/portable/raspberrypi/rp2040/rp2040_usb.c.obj
 *fill*         0x00000000100098a3        0x1 
 .rodata.hw_endpoint_xfer_continue.str1.4
                0x00000000100098a4       0x29 CMakeFiles/rotating_cube.dir/home/mlemon/pico/pico-sdk/lib/tinyusb/src/portable/raspberrypi/rp2040/rp2040_usb.c.obj
 .rodata.str1.4
                0x00000000100098cd       0x29 CMakeFiles/rotating_cube.dir/home/mlemon/pico/pico-sdk/lib/tinyusb/src/portable/raspberrypi/rp2040/rp2040_usb.c.obj
                                          0x7 (size before relaxing)
 *fill*         0x00000000100098cd        0x3 
 .rodata.tud_task
                0x00000000100098d0       0x8c CMakeFiles/rotating_cube.dir/home/mlemon/pico/pico-sdk/lib/tinyusb/src/device/usbd.c.obj
 .rodata._usbd_driver
                0x000000001000995c       0x18 CMakeFiles/rotating_cube.dir/home/mlemon/pico/pico-sdk/lib/tinyusb/src/device/usbd.c.obj
 .rodata        0x0000000010009974        0x4 /usr/lib/gcc/arm-none-eabi/9.2.1/../../../arm-none-eabi/lib/thumb/v6-m/nofp/libc.a(lib_a-impure.o)
                0x0000000010009974                _global_impure_ptr
                0x0000000010009978                . = ALIGN (0x4)
 *(SORT_BY_ALIGNMENT(SORT_BY_NAME(.flashdata*)))
                0x0000000010009978                . = ALIGN (0x4)

.rel.dyn        0x0000000010009978        0x0
 .rel.iplt      0x0000000010009978        0x0 /usr/lib/gcc/arm-none-eabi/9.2.1/thumb/v6-m/nofp/crtbegin.o

.ARM.extab
 *(.ARM.extab* .gnu.linkonce.armextab.*)
                0x0000000010009978                __exidx_start = .

.ARM.exidx
 *(.ARM.exidx* .gnu.linkonce.armexidx.*)
                0x0000000010009978                __exidx_end = .
                0x0000000010009978                . = ALIGN (0x4)
                0x0000000010009978                __binary_info_start = .

.binary_info    0x0000000010009978       0x28
 *(.binary_info.keep.*)
 .binary_info.keep.__bi_ptr22
                0x0000000010009978        0x4 CMakeFiles/rotating_cube.dir/home/mlemon/pico/pico-sdk/src/rp2_common/pico_standard_link/binary_info.c.obj
 .binary_info.keep.__bi_ptr30
                0x000000001000997c        0x4 CMakeFiles/rotating_cube.dir/home/mlemon/pico/pico-sdk/src/rp2_common/pico_standard_link/binary_info.c.obj
 .binary_info.keep.__bi_ptr38
                0x0000000010009980        0x4 CMakeFiles/rotating_cube.dir/home/mlemon/pico/pico-sdk/src/rp2_common/pico_standard_link/binary_info.c.obj
 .binary_info.keep.__bi_ptr44
                0x0000000010009984        0x4 CMakeFiles/rotating_cube.dir/home/mlemon/pico/pico-sdk/src/rp2_common/pico_standard_link/binary_info.c.obj
 .binary_info.keep.__bi_ptr50
                0x0000000010009988        0x4 CMakeFiles/rotating_cube.dir/home/mlemon/pico/pico-sdk/src/rp2_common/pico_standard_link/binary_info.c.obj
 .binary_info.keep.__bi_ptr75
                0x000000001000998c        0x4 CMakeFiles/rotating_cube.dir/home/mlemon/pico/pico-sdk/src/rp2_common/pico_standard_link/binary_info.c.obj
 .binary_info.keep.__bi_ptr81
                0x0000000010009990        0x4 CMakeFiles/rotating_cube.dir/home/mlemon/pico/pico-sdk/src/rp2_common/pico_standard_link/binary_info.c.obj
 *(.binary_info.*)
 .binary_info.__bi_ptr28
                0x0000000010009994        0x4 CMakeFiles/rotating_cube.dir/home/mlemon/pico/pico-sdk/src/rp2_common/pico_stdio_uart/stdio_uart.c.obj
 .binary_info.__bi_ptr29
                0x0000000010009998        0x4 CMakeFiles/rotating_cube.dir/home/mlemon/pico/pico-sdk/src/rp2_common/pico_stdio_uart/stdio_uart.c.obj
 .binary_info.__bi_ptr118
                0x000000001000999c        0x4 CMakeFiles/rotating_cube.dir/home/mlemon/pico/pico-sdk/src/rp2_common/pico_stdio_usb/stdio_usb.c.obj
                0x00000000100099a0                __binary_info_end = .
                0x00000000100099a0                . = ALIGN (0x4)
                0x00000000100099a0                __etext = .

.ram_vector_table
                0x0000000020000000       0xc0
 *(.ram_vector_table)
 .ram_vector_table
                0x0000000020000000       0xc0 CMakeFiles/rotating_cube.dir/home/mlemon/pico/pico-sdk/src/rp2_common/pico_runtime/runtime.c.obj
                0x0000000020000000                ram_vector_table

.data           0x00000000200000c0      0xd58 load address 0x00000000100099a0
                0x00000000200000c0                __data_start__ = .
 *(vtable)
 *(.time_critical*)
 .time_critical.mutex_enter_blocking
                0x00000000200000c0       0x48 CMakeFiles/rotating_cube.dir/home/mlemon/pico/pico-sdk/src/common/pico_sync/mutex.c.obj
                0x00000000200000c0                mutex_enter_blocking
 .time_critical.mutex_try_enter
                0x0000000020000108       0x48 CMakeFiles/rotating_cube.dir/home/mlemon/pico/pico-sdk/src/common/pico_sync/mutex.c.obj
                0x0000000020000108                mutex_try_enter
 .time_critical.mutex_enter_timeout_ms
                0x0000000020000150       0x98 CMakeFiles/rotating_cube.dir/home/mlemon/pico/pico-sdk/src/common/pico_sync/mutex.c.obj
                0x0000000020000150                mutex_enter_timeout_ms
 .time_critical.mutex_exit
                0x00000000200001e8       0x28 CMakeFiles/rotating_cube.dir/home/mlemon/pico/pico-sdk/src/common/pico_sync/mutex.c.obj
                0x00000000200001e8                mutex_exit
 .time_critical.flash_init_boot2_copyout
                0x0000000020000210       0x30 CMakeFiles/rotating_cube.dir/home/mlemon/pico/pico-sdk/src/rp2_common/hardware_flash/flash.c.obj
 .time_critical.flash_enable_xip_via_boot2
                0x0000000020000240       0x10 CMakeFiles/rotating_cube.dir/home/mlemon/pico/pico-sdk/src/rp2_common/hardware_flash/flash.c.obj
 .time_critical.flash_cs_force
                0x0000000020000250       0x38 CMakeFiles/rotating_cube.dir/home/mlemon/pico/pico-sdk/src/rp2_common/hardware_flash/flash.c.obj
 .time_critical.flash_do_cmd
                0x0000000020000288       0xc4 CMakeFiles/rotating_cube.dir/home/mlemon/pico/pico-sdk/src/rp2_common/hardware_flash/flash.c.obj
                0x0000000020000288                flash_do_cmd
 *(.text*)
 .text          0x000000002000034c        0x4 /usr/lib/gcc/arm-none-eabi/9.2.1/thumb/v6-m/nofp/libgcc.a(_dvmd_tls.o)
                0x000000002000034c                __aeabi_ldiv0
                0x000000002000034c                __aeabi_idiv0
 .text          0x0000000020000350       0x80 /usr/lib/gcc/arm-none-eabi/9.2.1/../../../arm-none-eabi/lib/thumb/v6-m/nofp/libc.a(lib_a-memchr-stub.o)
                0x0000000020000350                memchr
 .text          0x00000000200003d0       0xbc /usr/lib/gcc/arm-none-eabi/9.2.1/../../../arm-none-eabi/lib/thumb/v6-m/nofp/libc.a(lib_a-memmove.o)
                0x00000000200003d0                memmove
 *fill*         0x000000002000048c        0x4 
 .text.__stub   0x0000000020000490       0x30 linker stubs
                0x00000000200004c0                . = ALIGN (0x4)
 *(.rodata*)
                0x00000000200004c0                . = ALIGN (0x4)
 *(.data*)
 .data.striped_spin_lock_num
                0x00000000200004c0        0x1 CMakeFiles/rotating_cube.dir/home/mlemon/pico/pico-sdk/src/rp2_common/hardware_sync/sync.c.obj
 *fill*         0x00000000200004c1        0x3 
 .data          0x00000000200004c4       0x48 CMakeFiles/rotating_cube.dir/home/mlemon/pico/pico-sdk/src/rp2_common/hardware_irq/irq_handler_chain.S.obj
                0x00000000200004c4                irq_handler_chain_slots
                0x00000000200004f4                irq_handler_chain_first_slot
                0x00000000200004fe                irq_handler_chain_remove_tail
 .data.default_alarm_pool
                0x000000002000050c       0x18 CMakeFiles/rotating_cube.dir/home/mlemon/pico/pico-sdk/src/common/pico_time/time.c.obj
 .data.default_alarm_pool_heap
                0x0000000020000524       0x10 CMakeFiles/rotating_cube.dir/home/mlemon/pico/pico-sdk/src/common/pico_time/time.c.obj
 *fill*         0x0000000020000534        0xc 
 .data.aeabi_bits_funcs
                0x0000000020000540       0x10 CMakeFiles/rotating_cube.dir/home/mlemon/pico/pico-sdk/src/rp2_common/pico_bit_ops/bit_ops_aeabi.S.obj
                0x0000000020000540                aeabi_bits_funcs
                0x0000000020000550                aeabi_bits_funcs_end
 .data.aeabi_mem_funcs
                0x0000000020000550       0x10 CMakeFiles/rotating_cube.dir/home/mlemon/pico/pico-sdk/src/rp2_common/pico_mem_ops/mem_ops_aeabi.S.obj
                0x0000000020000550                aeabi_mem_funcs
                0x0000000020000560                aeabi_mem_funcs_end
 .data.stdio_uart
                0x0000000020000560       0x14 CMakeFiles/rotating_cube.dir/home/mlemon/pico/pico-sdk/src/rp2_common/pico_stdio_uart/stdio_uart.c.obj
                0x0000000020000560                stdio_uart
 .data.stdio_usb
                0x0000000020000574       0x14 CMakeFiles/rotating_cube.dir/home/mlemon/pico/pico-sdk/src/rp2_common/pico_stdio_usb/stdio_usb.c.obj
                0x0000000020000574                stdio_usb
 .data.ep_dir_string
                0x0000000020000588        0x8 CMakeFiles/rotating_cube.dir/home/mlemon/pico/pico-sdk/lib/tinyusb/src/portable/raspberrypi/rp2040/rp2040_usb.c.obj
                0x0000000020000588                ep_dir_string
 .data._usbd_qdef
                0x0000000020000590       0x24 CMakeFiles/rotating_cube.dir/home/mlemon/pico/pico-sdk/lib/tinyusb/src/device/usbd.c.obj
                0x0000000020000590                _usbd_qdef
 *fill*         0x00000000200005b4        0x4 
 .data          0x00000000200005b8      0x430 /usr/lib/gcc/arm-none-eabi/9.2.1/../../../arm-none-eabi/lib/thumb/v6-m/nofp/libc.a(lib_a-impure.o)
                0x00000000200005b8                _impure_ptr
 .data          0x00000000200009e8      0x410 /usr/lib/gcc/arm-none-eabi/9.2.1/../../../arm-none-eabi/lib/thumb/v6-m/nofp/libc.a(lib_a-mallocr.o)
                0x00000000200009e8                __malloc_sbrk_base
                0x00000000200009ec                __malloc_trim_threshold
                0x00000000200009f0                __malloc_av_
                0x0000000020000df8                . = ALIGN (0x4)
 *(.after_data.*)
                0x0000000020000df8                . = ALIGN (0x4)
                0x0000000020000df8                PROVIDE (__mutex_array_start = .)
 *(SORT_BY_NAME(.mutex_array.*))
 *(.mutex_array)
 .mutex_array   0x0000000020000df8        0x8 CMakeFiles/rotating_cube.dir/home/mlemon/pico/pico-sdk/src/rp2_common/pico_stdio/stdio.c.obj
                0x0000000020000e00                PROVIDE (__mutex_array_end = .)
                0x0000000020000e00                . = ALIGN (0x4)
                0x0000000020000e00                PROVIDE (__preinit_array_start = .)
 *(SORT_BY_NAME(.preinit_array.*))
 .preinit_array.00001
                0x0000000020000e00        0x4 CMakeFiles/rotating_cube.dir/home/mlemon/pico/pico-sdk/src/rp2_common/pico_mem_ops/mem_ops_aeabi.S.obj
 .preinit_array.00010
                0x0000000020000e04        0x4 CMakeFiles/rotating_cube.dir/home/mlemon/pico/pico-sdk/src/rp2_common/pico_bit_ops/bit_ops_aeabi.S.obj
 .preinit_array.00020
                0x0000000020000e08        0x4 CMakeFiles/rotating_cube.dir/home/mlemon/pico/pico-sdk/src/rp2_common/pico_double/double_aeabi.S.obj
 .preinit_array.00020
                0x0000000020000e0c        0x4 CMakeFiles/rotating_cube.dir/home/mlemon/pico/pico-sdk/src/rp2_common/pico_float/float_aeabi.S.obj
 *(.preinit_array)
                0x0000000020000e10                PROVIDE (__preinit_array_end = .)
                0x0000000020000e10                . = ALIGN (0x4)
                0x0000000020000e10                PROVIDE (__init_array_start = .)
 *(SORT_BY_NAME(.init_array.*))
 *(.init_array)
 .init_array    0x0000000020000e10        0x4 /usr/lib/gcc/arm-none-eabi/9.2.1/thumb/v6-m/nofp/crtbegin.o
 .init_array    0x0000000020000e14        0x4 CMakeFiles/rotating_cube.dir/home/mlemon/pico/pico-sdk/src/rp2_common/pico_unique_id/unique_id.c.obj
                0x0000000020000e18                PROVIDE (__init_array_end = .)
                0x0000000020000e18                . = ALIGN (0x4)
                0x0000000020000e18                PROVIDE (__fini_array_start = .)
 *(SORT_BY_NAME(.fini_array.*))
 *(.fini_array)
                0x0000000020000e18                PROVIDE (__fini_array_end = .)
 *(.jcr)
                0x0000000020000e18                . = ALIGN (0x4)
                0x0000000020000e18                __data_end__ = .

.tm_clone_table
                0x0000000020000e18        0x0 load address 0x000000001000a6f8
 .tm_clone_table
                0x0000000020000e18        0x0 /usr/lib/gcc/arm-none-eabi/9.2.1/thumb/v6-m/nofp/crtbegin.o
 .tm_clone_table
                0x0000000020000e18        0x0 /usr/lib/gcc/arm-none-eabi/9.2.1/thumb/v6-m/nofp/crtend.o

.igot.plt       0x0000000020000e18        0x0 load address 0x000000001000a6f8
 .igot.plt      0x0000000020000e18        0x0 /usr/lib/gcc/arm-none-eabi/9.2.1/thumb/v6-m/nofp/crtbegin.o

.uninitialized_data
                0x0000000020000e18        0x0 load address 0x000000001000a6f8
                0x0000000020000e18                . = ALIGN (0x4)
 *(.uninitialized_data*)

.scratch_x      0x0000000020040000        0x0 load address 0x000000001000a6f8
                0x0000000020040000                __scratch_x_start__ = .
 *(.scratch_x.*)
                0x0000000020040000                . = ALIGN (0x4)
                0x0000000020040000                __scratch_x_end__ = .
                0x000000001000a6f8                __scratch_x_source__ = LOADADDR (.scratch_x)

.scratch_y      0x0000000020041000        0x0 load address 0x000000001000a6f8
                0x0000000020041000                __scratch_y_start__ = .
 *(.scratch_y.*)
                0x0000000020041000                . = ALIGN (0x4)
                0x0000000020041000                __scratch_y_end__ = .
                0x000000001000a6f8                __scratch_y_source__ = LOADADDR (.scratch_y)

.bss            0x0000000020000e18     0x161c
                0x0000000020000e18                . = ALIGN (0x4)
                0x0000000020000e18                __bss_start__ = .
 *(SORT_BY_ALIGNMENT(SORT_BY_NAME(.bss*)))
 .bss.default_alarm_pool_entries
                0x0000000020000e18      0x100 CMakeFiles/rotating_cube.dir/home/mlemon/pico/pico-sdk/src/common/pico_time/time.c.obj
 .bss.last_avail_time.7186
                0x0000000020000f18        0x8 CMakeFiles/rotating_cube.dir/home/mlemon/pico/pico-sdk/src/rp2_common/pico_stdio_usb/stdio_usb.c.obj
 .bss           0x0000000020000f20       0x1c /usr/lib/gcc/arm-none-eabi/9.2.1/thumb/v6-m/nofp/crtbegin.o
 .bss           0x0000000020000f3c       0x34 /usr/lib/gcc/arm-none-eabi/9.2.1/../../../arm-none-eabi/lib/thumb/v6-m/nofp/libc.a(lib_a-mallocr.o)
                0x0000000020000f3c                __malloc_top_pad
                0x0000000020000f40                __malloc_current_mallinfo
                0x0000000020000f68                __malloc_max_sbrked_mem
                0x0000000020000f6c                __malloc_max_total_mem
 .bss._app_driver
                0x0000000020000f70        0x4 CMakeFiles/rotating_cube.dir/home/mlemon/pico/pico-sdk/lib/tinyusb/src/device/usbd.c.obj
 .bss._cdcd_itf
                0x0000000020000f74      0x2d8 CMakeFiles/rotating_cube.dir/home/mlemon/pico/pico-sdk/lib/tinyusb/src/class/cdc/cdc_device.c.obj
 .bss._ctrl_xfer
                0x000000002000124c       0x14 CMakeFiles/rotating_cube.dir/home/mlemon/pico/pico-sdk/lib/tinyusb/src/device/usbd_control.c.obj
 .bss._ubsd_mutexdef
                0x0000000020001260        0x8 CMakeFiles/rotating_cube.dir/home/mlemon/pico/pico-sdk/lib/tinyusb/src/device/usbd.c.obj
 .bss._usbd_ctrl_buf
                0x0000000020001268       0x40 CMakeFiles/rotating_cube.dir/home/mlemon/pico/pico-sdk/lib/tinyusb/src/device/usbd_control.c.obj
 .bss._usbd_dev
                0x00000000200012a8       0x53 CMakeFiles/rotating_cube.dir/home/mlemon/pico/pico-sdk/lib/tinyusb/src/device/usbd.c.obj
 *fill*         0x00000000200012fb        0x1 
 .bss._usbd_mutex
                0x00000000200012fc        0x4 CMakeFiles/rotating_cube.dir/home/mlemon/pico/pico-sdk/lib/tinyusb/src/device/usbd.c.obj
 .bss._usbd_q   0x0000000020001300        0x4 CMakeFiles/rotating_cube.dir/home/mlemon/pico/pico-sdk/lib/tinyusb/src/device/usbd.c.obj
 .bss.alarm_callbacks
                0x0000000020001304       0x10 CMakeFiles/rotating_cube.dir/home/mlemon/pico/pico-sdk/src/rp2_common/hardware_timer/timer.c.obj
 .bss.boot2_copyout
                0x0000000020001314      0x100 CMakeFiles/rotating_cube.dir/home/mlemon/pico/pico-sdk/src/rp2_common/hardware_flash/flash.c.obj
 .bss.claimed   0x0000000020001414        0x4 CMakeFiles/rotating_cube.dir/home/mlemon/pico/pico-sdk/src/rp2_common/hardware_sync/sync.c.obj
 .bss.configured_freq
                0x0000000020001418       0x28 CMakeFiles/rotating_cube.dir/home/mlemon/pico/pico-sdk/src/rp2_common/hardware_clocks/clocks.c.obj
 .bss.default_alarm_pool_entry_ids_high
                0x0000000020001440       0x10 CMakeFiles/rotating_cube.dir/home/mlemon/pico/pico-sdk/src/common/pico_time/time.c.obj
 .bss.default_alarm_pool_heap_nodes
                0x0000000020001450       0x30 CMakeFiles/rotating_cube.dir/home/mlemon/pico/pico-sdk/src/common/pico_time/time.c.obj
 .bss.desc_str.7071
                0x0000000020001480       0x28 CMakeFiles/rotating_cube.dir/home/mlemon/pico/pico-sdk/src/rp2_common/pico_stdio_usb/stdio_usb_descriptors.c.obj
 .bss.display   0x00000000200014a8      0x800 CMakeFiles/rotating_cube.dir/cube.c.obj
 .bss.drivers   0x0000000020001ca8        0x4 CMakeFiles/rotating_cube.dir/home/mlemon/pico/pico-sdk/src/rp2_common/pico_stdio/stdio.c.obj
 .bss.filter    0x0000000020001cac        0x4 CMakeFiles/rotating_cube.dir/home/mlemon/pico/pico-sdk/src/rp2_common/pico_stdio/stdio.c.obj
 .bss.heap_end.5865
                0x0000000020001cb0        0x4 CMakeFiles/rotating_cube.dir/home/mlemon/pico/pico-sdk/src/rp2_common/pico_runtime/runtime.c.obj
 .bss.hw_endpoints
                0x0000000020001cb4      0x400 CMakeFiles/rotating_cube.dir/home/mlemon/pico/pico-sdk/lib/tinyusb/src/portable/raspberrypi/rp2040/dcd_rp2040.c.obj
 .bss.lazy_vsnprintf
                0x00000000200020b4        0x4 CMakeFiles/rotating_cube.dir/home/mlemon/pico/pico-sdk/src/rp2_common/pico_printf/printf.c.obj
 .bss.load_value
                0x00000000200020b8        0x4 CMakeFiles/rotating_cube.dir/home/mlemon/pico/pico-sdk/src/rp2_common/hardware_watchdog/watchdog.c.obj
 .bss.next_buffer_ptr
                0x00000000200020bc        0x4 CMakeFiles/rotating_cube.dir/home/mlemon/pico/pico-sdk/lib/tinyusb/src/portable/raspberrypi/rp2040/dcd_rp2040.c.obj
 .bss.pools     0x00000000200020c0       0x10 CMakeFiles/rotating_cube.dir/home/mlemon/pico/pico-sdk/src/common/pico_time/time.c.obj
 .bss.pos       0x00000000200020d0        0x8 CMakeFiles/rotating_cube.dir/cube.c.obj
 .bss.retrieved_id
                0x00000000200020d8        0x8 CMakeFiles/rotating_cube.dir/home/mlemon/pico/pico-sdk/src/rp2_common/pico_unique_id/unique_id.c.obj
 .bss.row.8716  0x00000000200020e0       0x40 CMakeFiles/rotating_cube.dir/cube.c.obj
 .bss.sf_clz_func
                0x0000000020002120        0x4 CMakeFiles/rotating_cube.dir/home/mlemon/pico/pico-sdk/src/rp2_common/pico_double/double_init_rom.c.obj
                0x0000000020002120                sf_clz_func
 .bss.sleep_notifier
                0x0000000020002124        0x4 CMakeFiles/rotating_cube.dir/home/mlemon/pico/pico-sdk/src/common/pico_time/time.c.obj
 .bss.stdio_usb_mutex
                0x0000000020002128        0x8 CMakeFiles/rotating_cube.dir/home/mlemon/pico/pico-sdk/src/rp2_common/pico_stdio_usb/stdio_usb.c.obj
 .bss.target_hi
                0x0000000020002130       0x10 CMakeFiles/rotating_cube.dir/home/mlemon/pico/pico-sdk/src/rp2_common/hardware_timer/timer.c.obj
 .bss.uart_instance
                0x0000000020002140        0x4 CMakeFiles/rotating_cube.dir/home/mlemon/pico/pico-sdk/src/rp2_common/pico_stdio_uart/stdio_uart.c.obj
 .bss.usbd_serial_str
                0x0000000020002144       0x11 CMakeFiles/rotating_cube.dir/home/mlemon/pico/pico-sdk/src/rp2_common/pico_stdio_usb/stdio_usb_descriptors.c.obj
 *fill*         0x0000000020002155        0x3 
 .bss.user_irq_claimed
                0x0000000020002158        0x2 CMakeFiles/rotating_cube.dir/home/mlemon/pico/pico-sdk/src/rp2_common/hardware_irq/irq.c.obj
 *fill*         0x000000002000215a        0x2 
 .bss.vel       0x000000002000215c        0x8 CMakeFiles/rotating_cube.dir/cube.c.obj
 .bss._app_driver_count
                0x0000000020002164        0x1 CMakeFiles/rotating_cube.dir/home/mlemon/pico/pico-sdk/lib/tinyusb/src/device/usbd.c.obj
 .bss._usbd_initialized
                0x0000000020002165        0x1 CMakeFiles/rotating_cube.dir/home/mlemon/pico/pico-sdk/lib/tinyusb/src/device/usbd.c.obj
 .bss.boot2_copyout_valid
                0x0000000020002166        0x1 CMakeFiles/rotating_cube.dir/home/mlemon/pico/pico-sdk/src/rp2_common/hardware_flash/flash.c.obj
 .bss.claimed   0x0000000020002167        0x1 CMakeFiles/rotating_cube.dir/home/mlemon/pico/pico-sdk/src/rp2_common/hardware_timer/timer.c.obj
 .bss.irq_hander_chain_free_slot_head
                0x0000000020002168        0x1 CMakeFiles/rotating_cube.dir/home/mlemon/pico/pico-sdk/src/rp2_common/hardware_irq/irq.c.obj
 .bss.itf_num   0x0000000020002169        0x1 CMakeFiles/rotating_cube.dir/home/mlemon/pico/pico-sdk/src/rp2_common/pico_stdio_usb/reset_interface.c.obj
 .bss.low_priority_irq_num
                0x000000002000216a        0x1 CMakeFiles/rotating_cube.dir/home/mlemon/pico/pico-sdk/src/rp2_common/pico_stdio_usb/stdio_usb.c.obj
 .bss.timer_callbacks_pending
                0x000000002000216b        0x1 CMakeFiles/rotating_cube.dir/home/mlemon/pico/pico-sdk/src/rp2_common/hardware_timer/timer.c.obj
 *(COMMON)
 COMMON         0x000000002000216c        0x4 CMakeFiles/rotating_cube.dir/home/mlemon/pico/pico-sdk/src/rp2_common/hardware_uart/uart.c.obj
                0x000000002000216c                uart_char_to_line_feed
 COMMON         0x0000000020002170      0x100 CMakeFiles/rotating_cube.dir/home/mlemon/pico/pico-sdk/src/rp2_common/pico_double/double_init_rom.c.obj
                0x0000000020002170                sd_table
 COMMON         0x0000000020002270      0x100 CMakeFiles/rotating_cube.dir/home/mlemon/pico/pico-sdk/src/rp2_common/pico_float/float_init_rom.c.obj
                0x0000000020002270                sf_table
 COMMON         0x0000000020002370       0xc0 CMakeFiles/rotating_cube.dir/home/mlemon/pico/pico-sdk/lib/tinyusb/src/device/usbd.c.obj
                0x0000000020002370                _usbd_qdef_buf
 COMMON         0x0000000020002430        0x4 /usr/lib/gcc/arm-none-eabi/9.2.1/../../../arm-none-eabi/lib/thumb/v6-m/nofp/libc.a(lib_a-reent.o)
                0x0000000020002430                errno
                0x0000000020002434                . = ALIGN (0x4)
                0x0000000020002434                __bss_end__ = .

.heap           0x0000000020002434      0x800
                0x0000000020002434                __end__ = .
                0x0000000020002434                end = __end__
 *(.heap*)
 .heap          0x0000000020002434      0x800 CMakeFiles/rotating_cube.dir/home/mlemon/pico/pico-sdk/src/rp2_common/pico_standard_link/crt0.S.obj
                0x0000000020002c34                __HeapLimit = .

.stack1_dummy   0x0000000020040000        0x0
 *(.stack1*)

.stack_dummy    0x0000000020041000      0x800
 *(.stack*)
 .stack         0x0000000020041000      0x800 CMakeFiles/rotating_cube.dir/home/mlemon/pico/pico-sdk/src/rp2_common/pico_standard_link/crt0.S.obj

.flash_end      0x000000001000a6f8        0x0
                0x000000001000a6f8                __flash_binary_end = .
                0x0000000020040000                __StackLimit = (ORIGIN (RAM) + LENGTH (RAM))
                0x0000000020041000                __StackOneTop = (ORIGIN (SCRATCH_X) + LENGTH (SCRATCH_X))
                0x0000000020042000                __StackTop = (ORIGIN (SCRATCH_Y) + LENGTH (SCRATCH_Y))
                0x0000000020041000                __StackOneBottom = (__StackOneTop - SIZEOF (.stack1_dummy))
                0x0000000020041800                __StackBottom = (__StackTop - SIZEOF (.stack_dummy))
                0x0000000020042000                PROVIDE (__stack = __StackTop)
                0x0000000000000001                ASSERT ((__StackLimit >= __HeapLimit), region RAM overflowed)
                0x0000000000000001                ASSERT (((__binary_info_header_end - __logical_binary_start) <= 0x100), Binary info must be in first 256 bytes of the binary)
LOAD CMakeFiles/rotating_cube.dir/cube.c.obj
LOAD CMakeFiles/rotating_cube.dir/home/mlemon/pico/pico-sdk/src/rp2_common/pico_stdlib/stdlib.c.obj
LOAD CMakeFiles/rotating_cube.dir/home/mlemon/pico/pico-sdk/src/rp2_common/hardware_gpio/gpio.c.obj
LOAD CMakeFiles/rotating_cube.dir/home/mlemon/pico/pico-sdk/src/rp2_common/hardware_claim/claim.c.obj
LOAD CMakeFiles/rotating_cube.dir/home/mlemon/pico/pico-sdk/src/rp2_common/pico_platform/platform.c.obj
LOAD CMakeFiles/rotating_cube.dir/home/mlemon/pico/pico-sdk/src/rp2_common/hardware_sync/sync.c.obj
LOAD CMakeFiles/rotating_cube.dir/home/mlemon/pico/pico-sdk/src/rp2_common/hardware_irq/irq.c.obj
LOAD CMakeFiles/rotating_cube.dir/home/mlemon/pico/pico-sdk/src/rp2_common/hardware_irq/irq_handler_chain.S.obj
LOAD CMakeFiles/rotating_cube.dir/home/mlemon/pico/pico-sdk/src/common/pico_sync/sem.c.obj
LOAD CMakeFiles/rotating_cube.dir/home/mlemon/pico/pico-sdk/src/common/pico_sync/lock_core.c.obj