Archive member included to satisfy reference by file (symbol)

/usr/lib/gcc/arm-none-eabi/9.2.1/thumb/v6-m/nofp/libgcc.a(_dvmd_tls.o)
                              CMakeFiles/blow.dir/home/mlemon/pico/pico-sdk/src/rp2_common/pico_divider/divider.S.obj (__aeabi_idiv0)
/usr/lib/gcc/arm-none-eabi/9.2.1/../../../arm-none-eabi/lib/thumb/v6-m/nofp/libc.a(lib_a-atexit.o)
                              /usr/lib/gcc/arm-none-eabi/9.2.1/../../../arm-none-eabi/lib/thumb/v6-m/nofp/crt0.o (atexit)
/usr/lib/gcc/arm-none-eabi/9.2.1/../../../arm-none-eabi/lib/thumb/v6-m/nofp/libc.a(lib_a-calloc.o)
                              CMakeFiles/blow.dir/home/mlemon/pico/pico-sdk/src/rp2_common/pico_malloc/pico_malloc.c.obj (calloc)
/usr/lib/gcc/arm-none-eabi/9.2.1/../../../arm-none-eabi/lib/thumb/v6-m/nofp/libc.a(lib_a-callocr.o)
                              /usr/lib/gcc/arm-none-eabi/9.2.1/../../../arm-none-eabi/lib/thumb/v6-m/nofp/libc.a(lib_a-calloc.o) (_calloc_r)
/usr/lib/gcc/arm-none-eabi/9.2.1/../../../arm-none-eabi/lib/thumb/v6-m/nofp/libc.a(lib_a-fini.o)
                              /usr/lib/gcc/arm-none-eabi/9.2.1/../../../arm-none-eabi/lib/thumb/v6-m/nofp/crt0.o (__libc_fini_array)
/usr/lib/gcc/arm-none-eabi/9.2.1/../../../arm-none-eabi/lib/thumb/v6-m/nofp/libc.a(lib_a-impure.o)
                              /usr/lib/gcc/arm-none-eabi/9.2.1/../../../arm-none-eabi/lib/thumb/v6-m/nofp/libc.a(lib_a-calloc.o) (_impure_ptr)
/usr/lib/gcc/arm-none-eabi/9.2.1/../../../arm-none-eabi/lib/thumb/v6-m/nofp/libc.a(lib_a-init.o)
                              /usr/lib/gcc/arm-none-eabi/9.2.1/../../../arm-none-eabi/lib/thumb/v6-m/nofp/crt0.o (__libc_init_array)
/usr/lib/gcc/arm-none-eabi/9.2.1/../../../arm-none-eabi/lib/thumb/v6-m/nofp/libc.a(lib_a-malloc.o)
                              CMakeFiles/blow.dir/home/mlemon/pico/pico-sdk/src/rp2_common/pico_malloc/pico_malloc.c.obj (malloc)
/usr/lib/gcc/arm-none-eabi/9.2.1/../../../arm-none-eabi/lib/thumb/v6-m/nofp/libc.a(lib_a-mallocr.o)
                              /usr/lib/gcc/arm-none-eabi/9.2.1/../../../arm-none-eabi/lib/thumb/v6-m/nofp/libc.a(lib_a-callocr.o) (_malloc_r)
/usr/lib/gcc/arm-none-eabi/9.2.1/../../../arm-none-eabi/lib/thumb/v6-m/nofp/libc.a(lib_a-mlock.o)
                              /usr/lib/gcc/arm-none-eabi/9.2.1/../../../arm-none-eabi/lib/thumb/v6-m/nofp/libc.a(lib_a-mallocr.o) (__malloc_lock)
/usr/lib/gcc/arm-none-eabi/9.2.1/../../../arm-none-eabi/lib/thumb/v6-m/nofp/libc.a(lib_a-realloc.o)
                              CMakeFiles/blow.dir/home/mlemon/pico/pico-sdk/src/rp2_common/pico_malloc/pico_malloc.c.obj (realloc)
/usr/lib/gcc/arm-none-eabi/9.2.1/../../../arm-none-eabi/lib/thumb/v6-m/nofp/libc.a(lib_a-reallocr.o)
                              /usr/lib/gcc/arm-none-eabi/9.2.1/../../../arm-none-eabi/lib/thumb/v6-m/nofp/libc.a(lib_a-realloc.o) (_realloc_r)
/usr/lib/gcc/arm-none-eabi/9.2.1/../../../arm-none-eabi/lib/thumb/v6-m/nofp/libc.a(lib_a-sbrkr.o)
                              /usr/lib/gcc/arm-none-eabi/9.2.1/../../../arm-none-eabi/lib/thumb/v6-m/nofp/libc.a(lib_a-mallocr.o) (_sbrk_r)
/usr/lib/gcc/arm-none-eabi/9.2.1/../../../arm-none-eabi/lib/thumb/v6-m/nofp/libc.a(lib_a-strlen-stub.o)
                              CMakeFiles/blow.dir/home/mlemon/pico/pico-sdk/src/rp2_common/pico_stdio/stdio.c.obj (strlen)
/usr/lib/gcc/arm-none-eabi/9.2.1/../../../arm-none-eabi/lib/thumb/v6-m/nofp/libc.a(lib_a-__atexit.o)
                              /usr/lib/gcc/arm-none-eabi/9.2.1/../../../arm-none-eabi/lib/thumb/v6-m/nofp/libc.a(lib_a-atexit.o) (__register_exitproc)
/usr/lib/gcc/arm-none-eabi/9.2.1/../../../arm-none-eabi/lib/thumb/v6-m/nofp/libc.a(lib_a-freer.o)
                              /usr/lib/gcc/arm-none-eabi/9.2.1/../../../arm-none-eabi/lib/thumb/v6-m/nofp/libc.a(lib_a-malloc.o) (_free_r)
/usr/lib/gcc/arm-none-eabi/9.2.1/../../../arm-none-eabi/lib/thumb/v6-m/nofp/libc.a(lib_a-memmove.o)
                              /usr/lib/gcc/arm-none-eabi/9.2.1/../../../arm-none-eabi/lib/thumb/v6-m/nofp/libc.a(lib_a-reallocr.o) (memmove)
/usr/lib/gcc/arm-none-eabi/9.2.1/../../../arm-none-eabi/lib/thumb/v6-m/nofp/libc.a(lib_a-reent.o)
                              /usr/lib/gcc/arm-none-eabi/9.2.1/../../../arm-none-eabi/lib/thumb/v6-m/nofp/libc.a(lib_a-sbrkr.o) (errno)

Allocating common symbols
Common symbol       size              file

sf_table            0x100             CMakeFiles/blow.dir/home/mlemon/pico/pico-sdk/src/rp2_common/pico_float/float_init_rom.c.obj
errno               0x4               /usr/lib/gcc/arm-none-eabi/9.2.1/../../../arm-none-eabi/lib/thumb/v6-m/nofp/libc.a(lib_a-reent.o)
_usbd_qdef_buf      0xc0              CMakeFiles/blow.dir/home/mlemon/pico/pico-sdk/lib/tinyusb/src/device/usbd.c.obj
sd_table            0x100             CMakeFiles/blow.dir/home/mlemon/pico/pico-sdk/src/rp2_common/pico_double/double_init_rom.c.obj
uart_char_to_line_feed
[...]
Memory Configuration

Name             Origin             Length             Attributes
FLASH            0x0000000010000000 0x0000000000200000 xr
RAM              0x0000000020000000 0x0000000000040000 xrw
SCRATCH_X        0x0000000020040000 0x0000000000001000 xrw
SCRATCH_Y        0x0000000020041000 0x0000000000001000 xrw
*default*        0x0000000000000000 0xffffffffffffffff

Linker script and memory map

LOAD /usr/lib/gcc/arm-none-eabi/9.2.1/thumb/v6-m/nofp/crti.o
LOAD /usr/lib/gcc/arm-none-eabi/9.2.1/thumb/v6-m/nofp/crtbegin.o
LOAD /usr/lib/gcc/arm-none-eabi/9.2.1/../../../arm-none-eabi/lib/thumb/v6-m/nofp/crt0.o

.flash_begin    0x0000000010000000        0x0
                0x0000000010000000                __flash_binary_start = .

.boot2          0x0000000010000000      0x100
                0x0000000010000000                __boot2_start__ = .
 *(.boot2)
 .boot2         0x0000000010000000      0x100 /tmp/ccQ0dtCF.o
                0x0000000010000100                __boot2_end__ = .
                0x0000000000000001                ASSERT (((__boot2_end__ - __boot2_start__) == 0x100), ERROR: Pico second stage bootloader must be 256 bytes in size)

.text           0x0000000010000100     0x77a8
                0x0000000010000100                __logical_binary_start = .
 *(.vectors)
 .vectors       0x0000000010000100       0xd4 CMakeFiles/blow.dir/home/mlemon/pico/pico-sdk/src/rp2_common/pico_standard_link/crt0.S.obj
                0x0000000010000100                __vectors
                0x0000000010000100                __VECTOR_TABLE
                0x00000000100001c0                isr_invalid
                0x00000000100001c0                __default_isrs_start
                0x00000000100001c2                isr_nmi
                0x00000000100001c4                isr_hardfault
                0x00000000100001c6                isr_svcall
                0x00000000100001c8                isr_pendsv
                0x00000000100001ca                isr_systick
                0x00000000100001cc                isr_irq30
                0x00000000100001cc                __unhandled_user_irq
                0x00000000100001cc                isr_irq13
                0x00000000100001cc                isr_irq27
                0x00000000100001cc                isr_irq31
                0x00000000100001cc                isr_irq5
                0x00000000100001cc                isr_irq11
                0x00000000100001cc                isr_irq23
                0x00000000100001cc                isr_irq18
                0x00000000100001cc                isr_irq28
                0x00000000100001cc                isr_irq19
                0x00000000100001cc                isr_irq0
                0x00000000100001cc                isr_irq6
                0x00000000100001cc                isr_irq22
                0x00000000100001cc                isr_irq17
                0x00000000100001cc                isr_irq14
                0x00000000100001cc                isr_irq2
                0x00000000100001cc                isr_irq10
                0x00000000100001cc                isr_irq8
                0x00000000100001cc                isr_irq24
                0x00000000100001cc                isr_irq1
                0x00000000100001cc                isr_irq7
                0x00000000100001cc                isr_irq21
                0x00000000100001cc                isr_irq20
                0x00000000100001cc                isr_irq15
                0x00000000100001cc                isr_irq25
                0x00000000100001cc                isr_irq4
                0x00000000100001cc                isr_irq16
                0x00000000100001cc                isr_irq29
                0x00000000100001cc                isr_irq26
                0x00000000100001cc                __default_isrs_end
                0x00000000100001cc                isr_irq3
                0x00000000100001cc                isr_irq12
                0x00000000100001cc                isr_irq9
                0x00000000100001d2                unhandled_user_irq_num_in_r0
 *(.binary_info_header)
 .binary_info_header
                0x00000000100001d4       0x14 CMakeFiles/blow.dir/home/mlemon/pico/pico-sdk/src/rp2_common/pico_standard_link/crt0.S.obj
                0x00000000100001e8                __binary_info_header_end = .
 *(.reset)
 .reset         0x00000000100001e8       0xa8 CMakeFiles/blow.dir/home/mlemon/pico/pico-sdk/src/rp2_common/pico_standard_link/crt0.S.obj
                0x00000000100001e8                _entry_point
                0x0000000010000266                __get_current_exception
 .reset         0x0000000010000290       0x30 CMakeFiles/blow.dir/home/mlemon/pico/pico-sdk/src/rp2_common/pico_standard_link/binary_info.c.obj
 *(.init)
 .init          0x00000000100002c0        0x4 /usr/lib/gcc/arm-none-eabi/9.2.1/thumb/v6-m/nofp/crti.o
                0x00000000100002c0                _init
 *(EXCLUDE_FILE(*libm.a: *libc.a:*lib_a-mem*.o *libgcc.a:) .text*)
 .text          0x00000000100002c4       0x98 /usr/lib/gcc/arm-none-eabi/9.2.1/thumb/v6-m/nofp/crtbegin.o
 .text.repeating_timer_callback
                0x000000001000035c       0x3c CMakeFiles/blow.dir/blow.c.obj
                0x000000001000035c                repeating_timer_callback
 .text.startup.main
                0x0000000010000398      0x170 CMakeFiles/blow.dir/blow.c.obj
                0x0000000010000398                main
 .text.gpio_set_function
                0x0000000010000508       0x30 CMakeFiles/blow.dir/home/mlemon/pico/pico-sdk/src/rp2_common/hardware_gpio/gpio.c.obj
                0x0000000010000508                gpio_set_function
 .text.gpio_set_pulls
                0x0000000010000538       0x30 CMakeFiles/blow.dir/home/mlemon/pico/pico-sdk/src/rp2_common/hardware_gpio/gpio.c.obj
                0x0000000010000538                gpio_set_pulls
 .text.gpio_set_input_enabled
                0x0000000010000568       0x28 CMakeFiles/blow.dir/home/mlemon/pico/pico-sdk/src/rp2_common/hardware_gpio/gpio.c.obj
                0x0000000010000568                gpio_set_input_enabled
 .text.gpio_init
                0x0000000010000590       0x3c CMakeFiles/blow.dir/home/mlemon/pico/pico-sdk/src/rp2_common/hardware_gpio/gpio.c.obj
                0x0000000010000590                gpio_init
 .text.hw_claim_or_assert
                0x00000000100005cc       0x48 CMakeFiles/blow.dir/home/mlemon/pico/pico-sdk/src/rp2_common/hardware_claim/claim.c.obj
                0x00000000100005cc                hw_claim_or_assert
 .text.hw_claim_unused_from_range
                0x0000000010000614       0x9c CMakeFiles/blow.dir/home/mlemon/pico/pico-sdk/src/rp2_common/hardware_claim/claim.c.obj
                0x0000000010000614                hw_claim_unused_from_range
 .text.running_on_fpga
                0x00000000100006b0       0x10 CMakeFiles/blow.dir/home/mlemon/pico/pico-sdk/src/rp2_common/pico_platform/platform.c.obj
                0x00000000100006b0                running_on_fpga
 .text.spin_locks_reset
                0x00000000100006c0       0x1c CMakeFiles/blow.dir/home/mlemon/pico/pico-sdk/src/rp2_common/hardware_sync/sync.c.obj
                0x00000000100006c0                spin_locks_reset
 .text.next_striped_spin_lock_num
                0x00000000100006dc       0x18 CMakeFiles/blow.dir/home/mlemon/pico/pico-sdk/src/rp2_common/hardware_sync/sync.c.obj
                0x00000000100006dc                next_striped_spin_lock_num
 .text.spin_lock_claim_unused
                0x00000000100006f4       0x20 CMakeFiles/blow.dir/home/mlemon/pico/pico-sdk/src/rp2_common/hardware_sync/sync.c.obj
                0x00000000100006f4                spin_lock_claim_unused
 .text.irq_set_enabled
                0x0000000010000714       0x24 CMakeFiles/blow.dir/home/mlemon/pico/pico-sdk/src/rp2_common/hardware_irq/irq.c.obj
                0x0000000010000714                irq_set_enabled
 .text.irq_set_pending
                0x0000000010000738       0x10 CMakeFiles/blow.dir/home/mlemon/pico/pico-sdk/src/rp2_common/hardware_irq/irq.c.obj
                0x0000000010000738                irq_set_pending
 .text.irq_has_shared_handler
                0x0000000010000748       0x2c CMakeFiles/blow.dir/home/mlemon/pico/pico-sdk/src/rp2_common/hardware_irq/irq.c.obj
                0x0000000010000748                irq_has_shared_handler
 .text.irq_get_vtable_handler
                0x0000000010000774       0x10 CMakeFiles/blow.dir/home/mlemon/pico/pico-sdk/src/rp2_common/hardware_irq/irq.c.obj
                0x0000000010000774                irq_get_vtable_handler
 .text.irq_set_exclusive_handler
                0x0000000010000784       0x54 CMakeFiles/blow.dir/home/mlemon/pico/pico-sdk/src/rp2_common/hardware_irq/irq.c.obj
                0x0000000010000784                irq_set_exclusive_handler
 .text.irq_add_shared_handler
                0x00000000100007d8      0x1c0 CMakeFiles/blow.dir/home/mlemon/pico/pico-sdk/src/rp2_common/hardware_irq/irq.c.obj
                0x00000000100007d8                irq_add_shared_handler
 .text.irq_remove_handler
                0x0000000010000998      0x1b4 CMakeFiles/blow.dir/home/mlemon/pico/pico-sdk/src/rp2_common/hardware_irq/irq.c.obj
                0x0000000010000998                irq_remove_handler
 .text.irq_add_tail_to_free_list
                0x0000000010000b4c       0xb8 CMakeFiles/blow.dir/home/mlemon/pico/pico-sdk/src/rp2_common/hardware_irq/irq.c.obj
                0x0000000010000b4c                irq_add_tail_to_free_list
 .text.irq_init_priorities
                0x0000000010000c04       0x24 CMakeFiles/blow.dir/home/mlemon/pico/pico-sdk/src/rp2_common/hardware_irq/irq.c.obj
                0x0000000010000c04                irq_init_priorities
 .text.user_irq_claim_unused
                0x0000000010000c28       0x30 CMakeFiles/blow.dir/home/mlemon/pico/pico-sdk/src/rp2_common/hardware_irq/irq.c.obj
                0x0000000010000c28                user_irq_claim_unused
 .text.lock_init
                0x0000000010000c58       0x10 CMakeFiles/blow.dir/home/mlemon/pico/pico-sdk/src/common/pico_sync/lock_core.c.obj
                0x0000000010000c58                lock_init
 .text.timer_pool_entry_comparator
                0x0000000010000c68       0x34 CMakeFiles/blow.dir/home/mlemon/pico/pico-sdk/src/common/pico_time/time.c.obj
                0x0000000010000c68                timer_pool_entry_comparator
 .text.repeating_timer_callback
                0x0000000010000c9c       0x1c CMakeFiles/blow.dir/home/mlemon/pico/pico-sdk/src/common/pico_time/time.c.obj
 .text.sleep_until_callback
                0x0000000010000cb8       0x30 CMakeFiles/blow.dir/home/mlemon/pico/pico-sdk/src/common/pico_time/time.c.obj
 .text.alarm_pool_add_alarm_at.constprop.0
                0x0000000010000ce8      0x128 CMakeFiles/blow.dir/home/mlemon/pico/pico-sdk/src/common/pico_time/time.c.obj
 .text.add_alarm_under_lock
                0x0000000010000e10      0x108 CMakeFiles/blow.dir/home/mlemon/pico/pico-sdk/src/common/pico_time/time.c.obj
 .text.alarm_pool_alarm_callback
                0x0000000010000f18      0x1c8 CMakeFiles/blow.dir/home/mlemon/pico/pico-sdk/src/common/pico_time/time.c.obj
 .text.alarm_pool_init_default
                0x00000000100010e0       0x64 CMakeFiles/blow.dir/home/mlemon/pico/pico-sdk/src/common/pico_time/time.c.obj
                0x00000000100010e0                alarm_pool_init_default
 .text.alarm_pool_get_default
                0x0000000010001144        0x8 CMakeFiles/blow.dir/home/mlemon/pico/pico-sdk/src/common/pico_time/time.c.obj
                0x0000000010001144                alarm_pool_get_default
 .text.alarm_pool_add_alarm_at
                0x000000001000114c      0x1ac CMakeFiles/blow.dir/home/mlemon/pico/pico-sdk/src/common/pico_time/time.c.obj
                0x000000001000114c                alarm_pool_add_alarm_at
 .text.alarm_pool_add_repeating_timer_us
                0x00000000100012f8      0x240 CMakeFiles/blow.dir/home/mlemon/pico/pico-sdk/src/common/pico_time/time.c.obj
                0x00000000100012f8                alarm_pool_add_repeating_timer_us
 .text.sleep_until
                0x0000000010001538       0xac CMakeFiles/blow.dir/home/mlemon/pico/pico-sdk/src/common/pico_time/time.c.obj
                0x0000000010001538                sleep_until
 .text.sleep_ms
                0x00000000100015e4       0x38 CMakeFiles/blow.dir/home/mlemon/pico/pico-sdk/src/common/pico_time/time.c.obj
                0x00000000100015e4                sleep_ms
 .text.best_effort_wfe_or_timeout
                0x000000001000161c       0xd4 CMakeFiles/blow.dir/home/mlemon/pico/pico-sdk/src/common/pico_time/time.c.obj
                0x000000001000161c                best_effort_wfe_or_timeout
 .text.hardware_alarm_irq_handler
                0x00000000100016f0       0xb8 CMakeFiles/blow.dir/home/mlemon/pico/pico-sdk/src/rp2_common/hardware_timer/timer.c.obj
 .text.hardware_alarm_claim
                0x00000000100017a8       0x18 CMakeFiles/blow.dir/home/mlemon/pico/pico-sdk/src/rp2_common/hardware_timer/timer.c.obj
                0x00000000100017a8                hardware_alarm_claim
 .text.time_us_64
                0x00000000100017c0       0x14 CMakeFiles/blow.dir/home/mlemon/pico/pico-sdk/src/rp2_common/hardware_timer/timer.c.obj
                0x00000000100017c0                time_us_64
 .text.busy_wait_until
                0x00000000100017d4       0x20 CMakeFiles/blow.dir/home/mlemon/pico/pico-sdk/src/rp2_common/hardware_timer/timer.c.obj
                0x00000000100017d4                busy_wait_until
 .text.hardware_alarm_set_callback
                0x00000000100017f4       0x8c CMakeFiles/blow.dir/home/mlemon/pico/pico-sdk/src/rp2_common/hardware_timer/timer.c.obj
                0x00000000100017f4                hardware_alarm_set_callback
 .text.hardware_alarm_set_target
                0x0000000010001880       0xe4 CMakeFiles/blow.dir/home/mlemon/pico/pico-sdk/src/rp2_common/hardware_timer/timer.c.obj
                0x0000000010001880                hardware_alarm_set_target
 .text.hardware_alarm_cancel
                0x0000000010001964       0x40 CMakeFiles/blow.dir/home/mlemon/pico/pico-sdk/src/rp2_common/hardware_timer/timer.c.obj
                0x0000000010001964                hardware_alarm_cancel
 .text.ph_merge_nodes
                0x00000000100019a4       0x68 CMakeFiles/blow.dir/home/mlemon/pico/pico-sdk/src/common/pico_util/pheap.c.obj
 .text.ph_post_alloc_init
                0x0000000010001a0c       0x3c CMakeFiles/blow.dir/home/mlemon/pico/pico-sdk/src/common/pico_util/pheap.c.obj
                0x0000000010001a0c                ph_post_alloc_init
 .text.ph_merge_two_pass
                0x0000000010001a48       0x90 CMakeFiles/blow.dir/home/mlemon/pico/pico-sdk/src/common/pico_util/pheap.c.obj
                0x0000000010001a48                ph_merge_two_pass
 .text.ph_remove_any_head
                0x0000000010001ad8       0xf8 CMakeFiles/blow.dir/home/mlemon/pico/pico-sdk/src/common/pico_util/pheap.c.obj
 .text.ph_remove_head
                0x0000000010001bd0      0x13c CMakeFiles/blow.dir/home/mlemon/pico/pico-sdk/src/common/pico_util/pheap.c.obj
                0x0000000010001bd0                ph_remove_head
 .text.ph_remove_and_free_node
                0x0000000010001d0c       0x7c CMakeFiles/blow.dir/home/mlemon/pico/pico-sdk/src/common/pico_util/pheap.c.obj
                0x0000000010001d0c                ph_remove_and_free_node
 .text.mutex_init
                0x0000000010001d88       0x1c CMakeFiles/blow.dir/home/mlemon/pico/pico-sdk/src/common/pico_sync/mutex.c.obj
                0x0000000010001d88                mutex_init
 .text.recursive_mutex_init
                0x0000000010001da4       0x1c CMakeFiles/blow.dir/home/mlemon/pico/pico-sdk/src/common/pico_sync/mutex.c.obj
                0x0000000010001da4                recursive_mutex_init
 .text.critical_section_init
                0x0000000010001dc0       0x1c CMakeFiles/blow.dir/home/mlemon/pico/pico-sdk/src/common/pico_sync/critical_section.c.obj
                0x0000000010001dc0                critical_section_init
 .text.uart_init
                0x0000000010001ddc       0xe4 CMakeFiles/blow.dir/home/mlemon/pico/pico-sdk/src/rp2_common/hardware_uart/uart.c.obj
                0x0000000010001ddc                uart_init
 .text.runtime_init
                0x0000000010001ec0       0xf0 CMakeFiles/blow.dir/home/mlemon/pico/pico-sdk/src/rp2_common/pico_runtime/runtime.c.obj
                0x0000000010001ec0                runtime_init
 .text.exit     0x0000000010001fb0        0x4 CMakeFiles/blow.dir/home/mlemon/pico/pico-sdk/src/rp2_common/pico_runtime/runtime.c.obj
                0x0000000010001fb0                exit
 .text.panic    0x0000000010001fb4       0x30 CMakeFiles/blow.dir/home/mlemon/pico/pico-sdk/src/rp2_common/pico_runtime/runtime.c.obj
                0x0000000010001fb4                panic
 .text.hard_assertion_failure
                0x0000000010001fe4        0xc CMakeFiles/blow.dir/home/mlemon/pico/pico-sdk/src/rp2_common/pico_runtime/runtime.c.obj
                0x0000000010001fe4                hard_assertion_failure
 .text.clocks_init
                0x0000000010001ff0      0x2bc CMakeFiles/blow.dir/home/mlemon/pico/pico-sdk/src/rp2_common/hardware_clocks/clocks.c.obj
                0x0000000010001ff0                clocks_init
 .text.clock_get_hz
                0x00000000100022ac        0xc CMakeFiles/blow.dir/home/mlemon/pico/pico-sdk/src/rp2_common/hardware_clocks/clocks.c.obj
                0x00000000100022ac                clock_get_hz
 .text.pll_init
                0x00000000100022b8       0xa8 CMakeFiles/blow.dir/home/mlemon/pico/pico-sdk/src/rp2_common/hardware_pll/pll.c.obj
                0x00000000100022b8                pll_init
 .text.watchdog_start_tick
                0x0000000010002360       0x10 CMakeFiles/blow.dir/home/mlemon/pico/pico-sdk/src/rp2_common/hardware_watchdog/watchdog.c.obj
                0x0000000010002360                watchdog_start_tick
 .text.watchdog_reboot
                0x0000000010002370       0x98 CMakeFiles/blow.dir/home/mlemon/pico/pico-sdk/src/rp2_common/hardware_watchdog/watchdog.c.obj
                0x0000000010002370                watchdog_reboot
 .text.xosc_init
                0x0000000010002408       0x28 CMakeFiles/blow.dir/home/mlemon/pico/pico-sdk/src/rp2_common/hardware_xosc/xosc.c.obj
                0x0000000010002408                xosc_init
 .text._out_null
                0x0000000010002430        0x4 CMakeFiles/blow.dir/home/mlemon/pico/pico-sdk/src/rp2_common/pico_printf/printf.c.obj
 .text._out_rev
                0x0000000010002434       0xd0 CMakeFiles/blow.dir/home/mlemon/pico/pico-sdk/src/rp2_common/pico_printf/printf.c.obj
 .text._ntoa_format
                0x0000000010002504      0x1d0 CMakeFiles/blow.dir/home/mlemon/pico/pico-sdk/src/rp2_common/pico_printf/printf.c.obj
 .text._out_char
                0x00000000100026d4       0x10 CMakeFiles/blow.dir/home/mlemon/pico/pico-sdk/src/rp2_common/pico_printf/printf.c.obj
 .text._out_fct
                0x00000000100026e4       0x10 CMakeFiles/blow.dir/home/mlemon/pico/pico-sdk/src/rp2_common/pico_printf/printf.c.obj
 .text._etoa    0x00000000100026f4      0x478 CMakeFiles/blow.dir/home/mlemon/pico/pico-sdk/src/rp2_common/pico_printf/printf.c.obj
 .text._ftoa    0x0000000010002b6c      0x3e0 CMakeFiles/blow.dir/home/mlemon/pico/pico-sdk/src/rp2_common/pico_printf/printf.c.obj
 .text._vsnprintf
                0x0000000010002f4c      0xb08 CMakeFiles/blow.dir/home/mlemon/pico/pico-sdk/src/rp2_common/pico_printf/printf.c.obj
 .text.vfctprintf
                0x0000000010003a54       0x20 CMakeFiles/blow.dir/home/mlemon/pico/pico-sdk/src/rp2_common/pico_printf/printf.c.obj
                0x0000000010003a54                vfctprintf
 .text.weak_raw_vprintf
                0x0000000010003a74       0x30 CMakeFiles/blow.dir/home/mlemon/pico/pico-sdk/src/rp2_common/pico_printf/printf.c.obj
                0x0000000010003a74                weak_raw_vprintf
 .text          0x0000000010003aa4       0x10 CMakeFiles/blow.dir/home/mlemon/pico/pico-sdk/src/rp2_common/pico_bit_ops/bit_ops_aeabi.S.obj
 .text.rom_func_lookup
                0x0000000010003ab4       0x10 CMakeFiles/blow.dir/home/mlemon/pico/pico-sdk/src/rp2_common/pico_bootrom/bootrom.c.obj
                0x0000000010003ab4                rom_func_lookup
 .text.rom_data_lookup
                0x0000000010003ac4       0x10 CMakeFiles/blow.dir/home/mlemon/pico/pico-sdk/src/rp2_common/pico_bootrom/bootrom.c.obj
                0x0000000010003ac4                rom_data_lookup
 .text.rom_funcs_lookup
                0x0000000010003ad4       0x3c CMakeFiles/blow.dir/home/mlemon/pico/pico-sdk/src/rp2_common/pico_bootrom/bootrom.c.obj
                0x0000000010003ad4                rom_funcs_lookup
 .text.__wrap___aeabi_idiv
                0x0000000010003b10       0x50 CMakeFiles/blow.dir/home/mlemon/pico/pico-sdk/src/rp2_common/pico_divider/divider.S.obj
                0x0000000010003b10                __wrap___aeabi_idivmod
                0x0000000010003b10                divmod_s32s32
                0x0000000010003b10                div_s32s32
                0x0000000010003b10                __wrap___aeabi_idiv
                0x0000000010003b18                divmod_s32s32_unsafe
                0x0000000010003b44                divmod_s32s32_savestate
 .text.__wrap___aeabi_uidiv
                0x0000000010003b60       0x4c CMakeFiles/blow.dir/home/mlemon/pico/pico-sdk/src/rp2_common/pico_divider/divider.S.obj
                0x0000000010003b60                __wrap___aeabi_uidiv
                0x0000000010003b60                __wrap___aeabi_uidivmod
                0x0000000010003b60                div_u32u32
                0x0000000010003b60                divmod_u32u32
                0x0000000010003b68                divmod_u32u32_unsafe
                0x0000000010003b90                divmod_u32u32_savestate
 .text.__wrap___aeabi_ldiv
                0x0000000010003bac      0x434 CMakeFiles/blow.dir/home/mlemon/pico/pico-sdk/src/rp2_common/pico_divider/divider.S.obj
                0x0000000010003bac                div_s64s64
                0x0000000010003bac                divmod_s64s64
                0x0000000010003bac                __wrap___aeabi_ldivmod
                0x0000000010003be4                div_u64u64
                0x0000000010003be4                divmod_u64u64
                0x0000000010003be4                __wrap___aeabi_uldivmod
                0x0000000010003bf4                divmod_u64u64_savestate
                0x0000000010003c1c                divmod_s64s64_unsafe
                0x0000000010003ca4                divmod_u64u64_unsafe
 .text.__wrap___aeabi_darithmetic
                0x0000000010003fe0       0x80 CMakeFiles/blow.dir/home/mlemon/pico/pico-sdk/src/rp2_common/pico_double/double_aeabi.S.obj
                0x0000000010003fe0                __wrap___aeabi_drsub
                0x0000000010003fe6                __wrap___aeabi_dsub
                0x0000000010003ff8                __wrap___aeabi_dadd
                0x000000001000400a                __wrap___aeabi_ddiv
                0x0000000010004046                __wrap___aeabi_dmul
 .text.__wrap___aeabi_cdcmple
                0x0000000010004060       0x6c CMakeFiles/blow.dir/home/mlemon/pico/pico-sdk/src/rp2_common/pico_double/double_aeabi.S.obj
                0x0000000010004060                __wrap___aeabi_cdrcmple
                0x0000000010004070                __wrap___aeabi_cdcmple
                0x0000000010004070                __wrap___aeabi_cdcmpeq
 .text.__wrap___aeabi_dcmplt
                0x00000000100040cc        0xc CMakeFiles/blow.dir/home/mlemon/pico/pico-sdk/src/rp2_common/pico_double/double_aeabi.S.obj
                0x00000000100040cc                __wrap___aeabi_dcmplt
 .text.__wrap___aeabi_dcmple
                0x00000000100040d8       0x10 CMakeFiles/blow.dir/home/mlemon/pico/pico-sdk/src/rp2_common/pico_double/double_aeabi.S.obj
                0x00000000100040d8                __wrap___aeabi_dcmple
 .text.__wrap___aeabi_dcmpge
                0x00000000100040e8       0x10 CMakeFiles/blow.dir/home/mlemon/pico/pico-sdk/src/rp2_common/pico_double/double_aeabi.S.obj
                0x00000000100040e8                __wrap___aeabi_dcmpge
 .text.__wrap___aeabi_dcmpgt
                0x00000000100040f8        0xa CMakeFiles/blow.dir/home/mlemon/pico/pico-sdk/src/rp2_common/pico_double/double_aeabi.S.obj
                0x00000000100040f8                __wrap___aeabi_dcmpgt
 .text.__wrap___aeabi_dcmpun
                0x0000000010004102       0x1c CMakeFiles/blow.dir/home/mlemon/pico/pico-sdk/src/rp2_common/pico_double/double_aeabi.S.obj
                0x0000000010004102                __wrap___aeabi_dcmpun
 *fill*         0x000000001000411e        0x2 
 .text.__wrap___aeabi_i2d
                0x0000000010004120       0x38 CMakeFiles/blow.dir/home/mlemon/pico/pico-sdk/src/rp2_common/pico_double/double_aeabi.S.obj
                0x0000000010004120                __wrap___aeabi_ui2d
                0x0000000010004128                __wrap___aeabi_i2d
 .text.__wrap___aeabi_d2iz
                0x0000000010004158       0x48 CMakeFiles/blow.dir/home/mlemon/pico/pico-sdk/src/rp2_common/pico_double/double_aeabi.S.obj
                0x0000000010004158                __wrap___aeabi_d2iz
                0x0000000010004158                double2int_z
 .text.__wrap___aeabi_d2uiz
                0x00000000100041a0       0x18 CMakeFiles/blow.dir/home/mlemon/pico/pico-sdk/src/rp2_common/pico_double/double_aeabi.S.obj
                0x00000000100041a0                double2uint
                0x00000000100041a0                __wrap___aeabi_d2uiz
 .text.__aeabi_double_init
                0x00000000100041b8       0xc0 CMakeFiles/blow.dir/home/mlemon/pico/pico-sdk/src/rp2_common/pico_double/double_init_rom.c.obj
                0x00000000100041b8                __aeabi_double_init
 .text.double_table_shim_on_use_helper
                0x0000000010004278       0x2c CMakeFiles/blow.dir/home/mlemon/pico/pico-sdk/src/rp2_common/pico_double/double_v1_rom_shim.S.obj
                0x0000000010004278                double_table_shim_on_use_helper
 .text.__wrap___aeabi_dsub
                0x00000000100042a4       0x10 CMakeFiles/blow.dir/home/mlemon/pico/pico-sdk/src/rp2_common/pico_double/double_v1_rom_shim.S.obj
                0x00000000100042a4                drsub_shim
                0x00000000100042aa                dsub_shim
 .text.dadd_shim
                0x00000000100042b4      0x15c CMakeFiles/blow.dir/home/mlemon/pico/pico-sdk/src/rp2_common/pico_double/double_v1_rom_shim.S.obj
                0x00000000100042b4                dadd_shim
 .text.dmul_shim
                0x0000000010004410      0x15c CMakeFiles/blow.dir/home/mlemon/pico/pico-sdk/src/rp2_common/pico_double/double_v1_rom_shim.S.obj
                0x0000000010004410                dmul_shim
 .text.ddiv_shim
                0x000000001000456c      0x1b0 CMakeFiles/blow.dir/home/mlemon/pico/pico-sdk/src/rp2_common/pico_double/double_v1_rom_shim.S.obj
                0x000000001000456c                ddiv_shim
 .text.double2uint_shim
                0x000000001000471c        0xe CMakeFiles/blow.dir/home/mlemon/pico/pico-sdk/src/rp2_common/pico_double/double_v1_rom_shim.S.obj
                0x000000001000471c                double2uint_shim
                0x000000001000471e                double2ufix_shim
 *fill*         0x000000001000472a        0x2 
 .text.double2uint64_shim
                0x000000001000472c       0x70 CMakeFiles/blow.dir/home/mlemon/pico/pico-sdk/src/rp2_common/pico_double/double_v1_rom_shim.S.obj
                0x000000001000472c                double2uint64_shim
                0x000000001000472e                double2ufix64_shim
                0x000000001000474e                d2fix_a
 .text.dunpacks
                0x000000001000479c       0x3c CMakeFiles/blow.dir/home/mlemon/pico/pico-sdk/src/rp2_common/pico_double/double_v1_rom_shim.S.obj
                0x000000001000479c                dunpacks
 .text.__aeabi_lmul
                0x00000000100047d8       0x32 CMakeFiles/blow.dir/home/mlemon/pico/pico-sdk/src/rp2_common/pico_int64_ops/pico_int64_ops_aeabi.S.obj
                0x00000000100047d8                __wrap___aeabi_lmul
 *fill*         0x000000001000480a        0x2 
 .text.__aeabi_float_init
                0x000000001000480c       0x64 CMakeFiles/blow.dir/home/mlemon/pico/pico-sdk/src/rp2_common/pico_float/float_init_rom.c.obj
                0x000000001000480c                __aeabi_float_init
 .text.float_table_shim_on_use_helper
                0x0000000010004870       0x2c CMakeFiles/blow.dir/home/mlemon/pico/pico-sdk/src/rp2_common/pico_float/float_v1_rom_shim.S.obj
                0x0000000010004870                float_table_shim_on_use_helper
 .text          0x000000001000489c       0x10 CMakeFiles/blow.dir/home/mlemon/pico/pico-sdk/src/rp2_common/pico_mem_ops/mem_ops_aeabi.S.obj
                0x000000001000489c                __aeabi_mem_init
 .text.memset   0x00000000100048ac        0xc CMakeFiles/blow.dir/home/mlemon/pico/pico-sdk/src/rp2_common/pico_mem_ops/mem_ops_aeabi.S.obj
                0x00000000100048ac                __wrap_memset
 .text.memcpy   0x00000000100048b8        0xc CMakeFiles/blow.dir/home/mlemon/pico/pico-sdk/src/rp2_common/pico_mem_ops/mem_ops_aeabi.S.obj
                0x00000000100048b8                __wrap___aeabi_memcpy
                0x00000000100048b8                __wrap_memcpy
 .text.stdio_out_chars_no_crlf
                0x00000000100048c4       0x10 CMakeFiles/blow.dir/home/mlemon/pico/pico-sdk/src/rp2_common/pico_stdio/stdio.c.obj
 .text.stdio_out_chars_crlf
                0x00000000100048d4       0x94 CMakeFiles/blow.dir/home/mlemon/pico/pico-sdk/src/rp2_common/pico_stdio/stdio.c.obj
 .text.stdio_buffered_printer
                0x0000000010004968       0x64 CMakeFiles/blow.dir/home/mlemon/pico/pico-sdk/src/rp2_common/pico_stdio/stdio.c.obj
 .text.stdio_put_string
                0x00000000100049cc      0x100 CMakeFiles/blow.dir/home/mlemon/pico/pico-sdk/src/rp2_common/pico_stdio/stdio.c.obj
 .text.__wrap_putchar
                0x0000000010004acc       0xa4 CMakeFiles/blow.dir/home/mlemon/pico/pico-sdk/src/rp2_common/pico_stdio/stdio.c.obj
                0x0000000010004acc                __wrap_putchar
 .text.__wrap_puts
                0x0000000010004b70       0x3c CMakeFiles/blow.dir/home/mlemon/pico/pico-sdk/src/rp2_common/pico_stdio/stdio.c.obj
                0x0000000010004b70                __wrap_puts
 .text.stdio_set_driver_enabled
                0x0000000010004bac       0x30 CMakeFiles/blow.dir/home/mlemon/pico/pico-sdk/src/rp2_common/pico_stdio/stdio.c.obj
                0x0000000010004bac                stdio_set_driver_enabled
 .text.__wrap_vprintf
                0x0000000010004bdc       0xd8 CMakeFiles/blow.dir/home/mlemon/pico/pico-sdk/src/rp2_common/pico_stdio/stdio.c.obj
                0x0000000010004bdc                __wrap_vprintf
 .text.__wrap_printf
                0x0000000010004cb4       0x18 CMakeFiles/blow.dir/home/mlemon/pico/pico-sdk/src/rp2_common/pico_stdio/stdio.c.obj
                0x0000000010004cb4                __wrap_printf
 .text.stdio_init_all
                0x0000000010004ccc        0xc CMakeFiles/blow.dir/home/mlemon/pico/pico-sdk/src/rp2_common/pico_stdio/stdio.c.obj
                0x0000000010004ccc                stdio_init_all
 .text.stdio_uart_out_chars
                0x0000000010004cd8       0x4c CMakeFiles/blow.dir/home/mlemon/pico/pico-sdk/src/rp2_common/pico_stdio_uart/stdio_uart.c.obj
 .text.stdio_uart_in_chars
                0x0000000010004d24       0x38 CMakeFiles/blow.dir/home/mlemon/pico/pico-sdk/src/rp2_common/pico_stdio_uart/stdio_uart.c.obj
                0x0000000010004d24                stdio_uart_in_chars
 .text.stdio_uart_init
                0x0000000010004d5c       0x48 CMakeFiles/blow.dir/home/mlemon/pico/pico-sdk/src/rp2_common/pico_stdio_uart/stdio_uart.c.obj
                0x0000000010004d5c                stdio_uart_init
 .text.resetd_init
                0x0000000010004da4        0x4 CMakeFiles/blow.dir/home/mlemon/pico/pico-sdk/src/rp2_common/pico_stdio_usb/reset_interface.c.obj
 .text.resetd_reset
                0x0000000010004da8        0xc CMakeFiles/blow.dir/home/mlemon/pico/pico-sdk/src/rp2_common/pico_stdio_usb/reset_interface.c.obj
 .text.resetd_open
                0x0000000010004db4       0x28 CMakeFiles/blow.dir/home/mlemon/pico/pico-sdk/src/rp2_common/pico_stdio_usb/reset_interface.c.obj
 .text.resetd_xfer_cb
                0x0000000010004ddc        0x4 CMakeFiles/blow.dir/home/mlemon/pico/pico-sdk/src/rp2_common/pico_stdio_usb/reset_interface.c.obj
 .text.resetd_control_xfer_cb
                0x0000000010004de0       0x64 CMakeFiles/blow.dir/home/mlemon/pico/pico-sdk/src/rp2_common/pico_stdio_usb/reset_interface.c.obj
 .text.usbd_app_driver_get_cb
                0x0000000010004e44        0xc CMakeFiles/blow.dir/home/mlemon/pico/pico-sdk/src/rp2_common/pico_stdio_usb/reset_interface.c.obj
                0x0000000010004e44                usbd_app_driver_get_cb
 .text.tud_cdc_line_coding_cb
                0x0000000010004e50       0x34 CMakeFiles/blow.dir/home/mlemon/pico/pico-sdk/src/rp2_common/pico_stdio_usb/reset_interface.c.obj
                0x0000000010004e50                tud_cdc_line_coding_cb
 .text.stdio_usb_in_chars
                0x0000000010004e84       0x68 CMakeFiles/blow.dir/home/mlemon/pico/pico-sdk/src/rp2_common/pico_stdio_usb/stdio_usb.c.obj
                0x0000000010004e84                stdio_usb_in_chars
 .text.stdio_usb_out_chars
                0x0000000010004eec       0xec CMakeFiles/blow.dir/home/mlemon/pico/pico-sdk/src/rp2_common/pico_stdio_usb/stdio_usb.c.obj
 .text.timer_task
                0x0000000010004fd8       0x18 CMakeFiles/blow.dir/home/mlemon/pico/pico-sdk/src/rp2_common/pico_stdio_usb/stdio_usb.c.obj
 .text.usb_irq  0x0000000010004ff0       0x10 CMakeFiles/blow.dir/home/mlemon/pico/pico-sdk/src/rp2_common/pico_stdio_usb/stdio_usb.c.obj
 .text.low_priority_worker_irq
                0x0000000010005000       0x24 CMakeFiles/blow.dir/home/mlemon/pico/pico-sdk/src/rp2_common/pico_stdio_usb/stdio_usb.c.obj
 .text.stdio_usb_init
                0x0000000010005024       0xb0 CMakeFiles/blow.dir/home/mlemon/pico/pico-sdk/src/rp2_common/pico_stdio_usb/stdio_usb.c.obj
                0x0000000010005024                stdio_usb_init
 .text.tud_descriptor_device_cb
                0x00000000100050d4        0x8 CMakeFiles/blow.dir/home/mlemon/pico/pico-sdk/src/rp2_common/pico_stdio_usb/stdio_usb_descriptors.c.obj
                0x00000000100050d4                tud_descriptor_device_cb
 .text.tud_descriptor_configuration_cb
                0x00000000100050dc        0x8 CMakeFiles/blow.dir/home/mlemon/pico/pico-sdk/src/rp2_common/pico_stdio_usb/stdio_usb_descriptors.c.obj
                0x00000000100050dc                tud_descriptor_configuration_cb
 .text.tud_descriptor_string_cb
                0x00000000100050e4       0x70 CMakeFiles/blow.dir/home/mlemon/pico/pico-sdk/src/rp2_common/pico_stdio_usb/stdio_usb_descriptors.c.obj
                0x00000000100050e4                tud_descriptor_string_cb
 .text.dcd_rp2040_irq
                0x0000000010005154      0x21c CMakeFiles/blow.dir/home/mlemon/pico/pico-sdk/lib/tinyusb/src/portable/raspberrypi/rp2040/dcd_rp2040.c.obj
 .text.dcd_int_enable
                0x0000000010005370        0xc CMakeFiles/blow.dir/home/mlemon/pico/pico-sdk/lib/tinyusb/src/portable/raspberrypi/rp2040/dcd_rp2040.c.obj
                0x0000000010005370                dcd_int_enable
 .text.dcd_set_address
                0x000000001000537c       0x14 CMakeFiles/blow.dir/home/mlemon/pico/pico-sdk/lib/tinyusb/src/portable/raspberrypi/rp2040/dcd_rp2040.c.obj
                0x000000001000537c                dcd_set_address
 .text.dcd_connect
                0x0000000010005390       0x10 CMakeFiles/blow.dir/home/mlemon/pico/pico-sdk/lib/tinyusb/src/portable/raspberrypi/rp2040/dcd_rp2040.c.obj
                0x0000000010005390                dcd_connect
 .text.dcd_init
                0x00000000100053a0      0x148 CMakeFiles/blow.dir/home/mlemon/pico/pico-sdk/lib/tinyusb/src/portable/raspberrypi/rp2040/dcd_rp2040.c.obj
                0x00000000100053a0                dcd_init
 .text.dcd_edpt0_status_complete
                0x00000000100054e8       0x1c CMakeFiles/blow.dir/home/mlemon/pico/pico-sdk/lib/tinyusb/src/portable/raspberrypi/rp2040/dcd_rp2040.c.obj
                0x00000000100054e8                dcd_edpt0_status_complete
 .text.dcd_edpt_open
                0x0000000010005504       0xf0 CMakeFiles/blow.dir/home/mlemon/pico/pico-sdk/lib/tinyusb/src/portable/raspberrypi/rp2040/dcd_rp2040.c.obj
                0x0000000010005504                dcd_edpt_open
 .text.dcd_edpt_close_all
                0x00000000100055f4       0xbc CMakeFiles/blow.dir/home/mlemon/pico/pico-sdk/lib/tinyusb/src/portable/raspberrypi/rp2040/dcd_rp2040.c.obj
                0x00000000100055f4                dcd_edpt_close_all
 .text.dcd_edpt_xfer
                0x00000000100056b0       0x24 CMakeFiles/blow.dir/home/mlemon/pico/pico-sdk/lib/tinyusb/src/portable/raspberrypi/rp2040/dcd_rp2040.c.obj
                0x00000000100056b0                dcd_edpt_xfer
 .text.dcd_edpt_stall
                0x00000000100056d4       0x38 CMakeFiles/blow.dir/home/mlemon/pico/pico-sdk/lib/tinyusb/src/portable/raspberrypi/rp2040/dcd_rp2040.c.obj
                0x00000000100056d4                dcd_edpt_stall
 .text.dcd_edpt_clear_stall
                0x000000001000570c       0x30 CMakeFiles/blow.dir/home/mlemon/pico/pico-sdk/lib/tinyusb/src/portable/raspberrypi/rp2040/dcd_rp2040.c.obj
                0x000000001000570c                dcd_edpt_clear_stall
 .text._hw_endpoint_buffer_control_update32.part.0
                0x000000001000573c       0x20 CMakeFiles/blow.dir/home/mlemon/pico/pico-sdk/lib/tinyusb/src/portable/raspberrypi/rp2040/rp2040_usb.c.obj
 .text.rp2040_usb_init
                0x000000001000575c       0x4c CMakeFiles/blow.dir/home/mlemon/pico/pico-sdk/lib/tinyusb/src/portable/raspberrypi/rp2040/rp2040_usb.c.obj
                0x000000001000575c                rp2040_usb_init
 .text.hw_endpoint_reset_transfer
                0x00000000100057a8        0xc CMakeFiles/blow.dir/home/mlemon/pico/pico-sdk/lib/tinyusb/src/portable/raspberrypi/rp2040/rp2040_usb.c.obj
                0x00000000100057a8                hw_endpoint_reset_transfer
 .text._hw_endpoint_buffer_control_update32
                0x00000000100057b4       0x40 CMakeFiles/blow.dir/home/mlemon/pico/pico-sdk/lib/tinyusb/src/portable/raspberrypi/rp2040/rp2040_usb.c.obj
                0x00000000100057b4                _hw_endpoint_buffer_control_update32
 .text.hw_endpoint_xfer_start
                0x00000000100057f4      0x138 CMakeFiles/blow.dir/home/mlemon/pico/pico-sdk/lib/tinyusb/src/portable/raspberrypi/rp2040/rp2040_usb.c.obj
                0x00000000100057f4                hw_endpoint_xfer_start
 .text.hw_endpoint_xfer_continue
                0x000000001000592c      0x1e4 CMakeFiles/blow.dir/home/mlemon/pico/pico-sdk/lib/tinyusb/src/portable/raspberrypi/rp2040/rp2040_usb.c.obj
                0x000000001000592c                hw_endpoint_xfer_continue
 .text.tud_mounted
                0x0000000010005b10       0x10 CMakeFiles/blow.dir/home/mlemon/pico/pico-sdk/lib/tinyusb/src/device/usbd.c.obj
                0x0000000010005b10                tud_mounted
 .text.tud_suspended
                0x0000000010005b20       0x10 CMakeFiles/blow.dir/home/mlemon/pico/pico-sdk/lib/tinyusb/src/device/usbd.c.obj
                0x0000000010005b20                tud_suspended
 .text.tud_inited
                0x0000000010005b30        0xc CMakeFiles/blow.dir/home/mlemon/pico/pico-sdk/lib/tinyusb/src/device/usbd.c.obj
                0x0000000010005b30                tud_inited
 .text.tud_init
                0x0000000010005b3c       0xd8 CMakeFiles/blow.dir/home/mlemon/pico/pico-sdk/lib/tinyusb/src/device/usbd.c.obj
                0x0000000010005b3c                tud_init
 .text.tud_task
                0x0000000010005c14      0x8ec CMakeFiles/blow.dir/home/mlemon/pico/pico-sdk/lib/tinyusb/src/device/usbd.c.obj
                0x0000000010005c14                tud_task
 .text.dcd_event_bus_signal
                0x0000000010006500      0x120 CMakeFiles/blow.dir/home/mlemon/pico/pico-sdk/lib/tinyusb/src/device/usbd.c.obj
                0x0000000010006500                dcd_event_bus_signal
 .text.dcd_event_bus_reset
                0x0000000010006620       0x54 CMakeFiles/blow.dir/home/mlemon/pico/pico-sdk/lib/tinyusb/src/device/usbd.c.obj
                0x0000000010006620                dcd_event_bus_reset
 .text.dcd_event_setup_received
                0x0000000010006674       0x50 CMakeFiles/blow.dir/home/mlemon/pico/pico-sdk/lib/tinyusb/src/device/usbd.c.obj
                0x0000000010006674                dcd_event_setup_received
 .text.dcd_event_xfer_complete
                0x00000000100066c4       0x68 CMakeFiles/blow.dir/home/mlemon/pico/pico-sdk/lib/tinyusb/src/device/usbd.c.obj
                0x00000000100066c4                dcd_event_xfer_complete
 .text.usbd_open_edpt_pair
                0x000000001000672c       0x80 CMakeFiles/blow.dir/home/mlemon/pico/pico-sdk/lib/tinyusb/src/device/usbd.c.obj
                0x000000001000672c                usbd_open_edpt_pair
 .text.usbd_edpt_open
                0x00000000100067ac       0x30 CMakeFiles/blow.dir/home/mlemon/pico/pico-sdk/lib/tinyusb/src/device/usbd.c.obj
                0x00000000100067ac                usbd_edpt_open
 .text.usbd_edpt_claim
                0x00000000100067dc       0x64 CMakeFiles/blow.dir/home/mlemon/pico/pico-sdk/lib/tinyusb/src/device/usbd.c.obj
                0x00000000100067dc                usbd_edpt_claim
 .text.usbd_edpt_release
                0x0000000010006840       0x4c CMakeFiles/blow.dir/home/mlemon/pico/pico-sdk/lib/tinyusb/src/device/usbd.c.obj
                0x0000000010006840                usbd_edpt_release
 .text.usbd_edpt_xfer
                0x000000001000688c       0x48 CMakeFiles/blow.dir/home/mlemon/pico/pico-sdk/lib/tinyusb/src/device/usbd.c.obj
                0x000000001000688c                usbd_edpt_xfer
 .text.tud_control_status
                0x00000000100068d4       0x30 CMakeFiles/blow.dir/home/mlemon/pico/pico-sdk/lib/tinyusb/src/device/usbd_control.c.obj
                0x00000000100068d4                tud_control_status
 .text.tud_control_xfer
                0x0000000010006904       0xb8 CMakeFiles/blow.dir/home/mlemon/pico/pico-sdk/lib/tinyusb/src/device/usbd_control.c.obj
                0x0000000010006904                tud_control_xfer
 .text.usbd_control_reset
                0x00000000100069bc       0x14 CMakeFiles/blow.dir/home/mlemon/pico/pico-sdk/lib/tinyusb/src/device/usbd_control.c.obj
                0x00000000100069bc                usbd_control_reset
 .text.usbd_control_set_complete_callback
                0x00000000100069d0        0xc CMakeFiles/blow.dir/home/mlemon/pico/pico-sdk/lib/tinyusb/src/device/usbd_control.c.obj
                0x00000000100069d0                usbd_control_set_complete_callback
 .text.usbd_control_set_request
                0x00000000100069dc       0x1c CMakeFiles/blow.dir/home/mlemon/pico/pico-sdk/lib/tinyusb/src/device/usbd_control.c.obj
                0x00000000100069dc                usbd_control_set_request
 .text.usbd_control_xfer_cb
                0x00000000100069f8       0xf8 CMakeFiles/blow.dir/home/mlemon/pico/pico-sdk/lib/tinyusb/src/device/usbd_control.c.obj
                0x00000000100069f8                usbd_control_xfer_cb
 .text.tud_cdc_n_connected
                0x0000000010006af0       0x30 CMakeFiles/blow.dir/home/mlemon/pico/pico-sdk/lib/tinyusb/src/class/cdc/cdc_device.c.obj
                0x0000000010006af0                tud_cdc_n_connected
 .text.tud_cdc_n_available
                0x0000000010006b20       0x18 CMakeFiles/blow.dir/home/mlemon/pico/pico-sdk/lib/tinyusb/src/class/cdc/cdc_device.c.obj
                0x0000000010006b20                tud_cdc_n_available
 .text.tud_cdc_n_read
                0x0000000010006b38       0x70 CMakeFiles/blow.dir/home/mlemon/pico/pico-sdk/lib/tinyusb/src/class/cdc/cdc_device.c.obj
                0x0000000010006b38                tud_cdc_n_read
 .text.tud_cdc_n_write_flush
                0x0000000010006ba8       0x78 CMakeFiles/blow.dir/home/mlemon/pico/pico-sdk/lib/tinyusb/src/class/cdc/cdc_device.c.obj
                0x0000000010006ba8                tud_cdc_n_write_flush
 .text.tud_cdc_n_write
                0x0000000010006c20       0x34 CMakeFiles/blow.dir/home/mlemon/pico/pico-sdk/lib/tinyusb/src/class/cdc/cdc_device.c.obj
                0x0000000010006c20                tud_cdc_n_write
 .text.tud_cdc_n_write_available
                0x0000000010006c54       0x18 CMakeFiles/blow.dir/home/mlemon/pico/pico-sdk/lib/tinyusb/src/class/cdc/cdc_device.c.obj
                0x0000000010006c54                tud_cdc_n_write_available
 .text.cdcd_init
                0x0000000010006c6c       0x7c CMakeFiles/blow.dir/home/mlemon/pico/pico-sdk/lib/tinyusb/src/class/cdc/cdc_device.c.obj
                0x0000000010006c6c                cdcd_init
 .text.cdcd_reset
                0x0000000010006ce8       0x2c CMakeFiles/blow.dir/home/mlemon/pico/pico-sdk/lib/tinyusb/src/class/cdc/cdc_device.c.obj
                0x0000000010006ce8                cdcd_reset
 .text.cdcd_open
                0x0000000010006d14       0xe4 CMakeFiles/blow.dir/home/mlemon/pico/pico-sdk/lib/tinyusb/src/class/cdc/cdc_device.c.obj
                0x0000000010006d14                cdcd_open
 .text.cdcd_control_xfer_cb
                0x0000000010006df8       0xe4 CMakeFiles/blow.dir/home/mlemon/pico/pico-sdk/lib/tinyusb/src/class/cdc/cdc_device.c.obj
                0x0000000010006df8                cdcd_control_xfer_cb
 .text.cdcd_xfer_cb
                0x0000000010006edc      0x198 CMakeFiles/blow.dir/home/mlemon/pico/pico-sdk/lib/tinyusb/src/class/cdc/cdc_device.c.obj
                0x0000000010006edc                cdcd_xfer_cb
 .text.tusb_init
                0x0000000010007074        0xc CMakeFiles/blow.dir/home/mlemon/pico/pico-sdk/lib/tinyusb/src/tusb.c.obj
                0x0000000010007074                tusb_init
 .text.tusb_inited
                0x0000000010007080        0x8 CMakeFiles/blow.dir/home/mlemon/pico/pico-sdk/lib/tinyusb/src/tusb.c.obj
                0x0000000010007080                tusb_inited
 .text.tu_edpt_validate
                0x0000000010007088       0x78 CMakeFiles/blow.dir/home/mlemon/pico/pico-sdk/lib/tinyusb/src/tusb.c.obj
                0x0000000010007088                tu_edpt_validate
 .text.tu_edpt_bind_driver
                0x0000000010007100       0x2c CMakeFiles/blow.dir/home/mlemon/pico/pico-sdk/lib/tinyusb/src/tusb.c.obj
                0x0000000010007100                tu_edpt_bind_driver
 .text.tu_fifo_config
                0x000000001000712c       0x78 CMakeFiles/blow.dir/home/mlemon/pico/pico-sdk/lib/tinyusb/src/common/tusb_fifo.c.obj
                0x000000001000712c                tu_fifo_config
 .text.tu_fifo_count
                0x00000000100071a4       0x20 CMakeFiles/blow.dir/home/mlemon/pico/pico-sdk/lib/tinyusb/src/common/tusb_fifo.c.obj
                0x00000000100071a4                tu_fifo_count
 .text.tu_fifo_empty
                0x00000000100071c4       0x10 CMakeFiles/blow.dir/home/mlemon/pico/pico-sdk/lib/tinyusb/src/common/tusb_fifo.c.obj
                0x00000000100071c4                tu_fifo_empty
 .text.tu_fifo_remaining
                0x00000000100071d4       0x1c CMakeFiles/blow.dir/home/mlemon/pico/pico-sdk/lib/tinyusb/src/common/tusb_fifo.c.obj
                0x00000000100071d4                tu_fifo_remaining
 .text.tu_fifo_read
                0x00000000100071f0       0x9c CMakeFiles/blow.dir/home/mlemon/pico/pico-sdk/lib/tinyusb/src/common/tusb_fifo.c.obj
                0x00000000100071f0                tu_fifo_read
 .text.tu_fifo_read_n
                0x000000001000728c      0x100 CMakeFiles/blow.dir/home/mlemon/pico/pico-sdk/lib/tinyusb/src/common/tusb_fifo.c.obj
                0x000000001000728c                tu_fifo_read_n
 .text.tu_fifo_write
                0x000000001000738c       0x7c CMakeFiles/blow.dir/home/mlemon/pico/pico-sdk/lib/tinyusb/src/common/tusb_fifo.c.obj
                0x000000001000738c                tu_fifo_write
 .text.tu_fifo_write_n
                0x0000000010007408       0xf8 CMakeFiles/blow.dir/home/mlemon/pico/pico-sdk/lib/tinyusb/src/common/tusb_fifo.c.obj
                0x0000000010007408                tu_fifo_write_n
 .text.tu_fifo_clear
                0x0000000010007500       0x4c CMakeFiles/blow.dir/home/mlemon/pico/pico-sdk/lib/tinyusb/src/common/tusb_fifo.c.obj
                0x0000000010007500                tu_fifo_clear
 .text.tu_fifo_set_overwritable
                0x000000001000754c       0x3c CMakeFiles/blow.dir/home/mlemon/pico/pico-sdk/lib/tinyusb/src/common/tusb_fifo.c.obj
                0x000000001000754c                tu_fifo_set_overwritable
 .text.startup._retrieve_unique_id_on_boot
                0x0000000010007588       0x10 CMakeFiles/blow.dir/home/mlemon/pico/pico-sdk/src/rp2_common/pico_unique_id/unique_id.c.obj
 .text.pico_get_unique_board_id_string
                0x0000000010007598      0x1bc CMakeFiles/blow.dir/home/mlemon/pico/pico-sdk/src/rp2_common/pico_unique_id/unique_id.c.obj
                0x0000000010007598                pico_get_unique_board_id_string
 .text.flash_get_unique_id
                0x0000000010007754       0x40 CMakeFiles/blow.dir/home/mlemon/pico/pico-sdk/src/rp2_common/hardware_flash/flash.c.obj
                0x0000000010007754                flash_get_unique_id
 .text.adc_init
                0x0000000010007794       0x38 CMakeFiles/blow.dir/home/mlemon/pico/pico-sdk/src/rp2_common/hardware_adc/adc.c.obj
                0x0000000010007794                adc_init
 .text          0x00000000100077cc       0x68 /usr/lib/gcc/arm-none-eabi/9.2.1/../../../arm-none-eabi/lib/thumb/v6-m/nofp/libc.a(lib_a-strlen-stub.o)
                0x00000000100077cc                strlen
 *(.fini)
 .fini          0x0000000010007834        0x4 /usr/lib/gcc/arm-none-eabi/9.2.1/thumb/v6-m/nofp/crti.o
                0x0000000010007834                _fini
 .fini.__stub   0x0000000010007838       0x70 linker stubs
 *crtbegin.o(.ctors)
 *crtbegin?.o(.ctors)
 *(EXCLUDE_FILE(*crtend.o *crtend?.o) .ctors)
 *(SORT_BY_NAME(.ctors.*))
 *(.ctors)
 *crtbegin.o(.dtors)
 *crtbegin?.o(.dtors)
 *(EXCLUDE_FILE(*crtend.o *crtend?.o) .dtors)
 *(SORT_BY_NAME(.dtors.*))
 *(.dtors)
 *(.eh_frame*)
 .eh_frame      0x00000000100078a8        0x0 /usr/lib/gcc/arm-none-eabi/9.2.1/thumb/v6-m/nofp/crtbegin.o
                0x00000000100078a8                . = ALIGN (0x4)

.glue_7         0x00000000100078a8        0x0
 .glue_7        0x00000000100078a8        0x0 linker stubs

.glue_7t        0x00000000100078a8        0x0
 .glue_7t       0x00000000100078a8        0x0 linker stubs

.vfp11_veneer   0x00000000100078a8        0x0
 .vfp11_veneer  0x00000000100078a8        0x0 linker stubs

.v4_bx          0x00000000100078a8        0x0
 .v4_bx         0x00000000100078a8        0x0 linker stubs

.iplt           0x00000000100078a8        0x0
 .iplt          0x00000000100078a8        0x0 /usr/lib/gcc/arm-none-eabi/9.2.1/thumb/v6-m/nofp/crtbegin.o

.rodata         0x00000000100078a8      0x57c
 *(EXCLUDE_FILE(*libm.a: *libc.a:*lib_a-mem*.o *libgcc.a:) .rodata*)
 .rodata.main.str1.4
                0x00000000100078a8       0x2c CMakeFiles/blow.dir/blow.c.obj
 .rodata.spin_lock_claim_unused.str1.4
                0x00000000100078d4       0x1b CMakeFiles/blow.dir/home/mlemon/pico/pico-sdk/src/rp2_common/hardware_sync/sync.c.obj
 *fill*         0x00000000100078ef        0x1 
 .rodata.user_irq_claim_unused.str1.4
                0x00000000100078f0       0x1b CMakeFiles/blow.dir/home/mlemon/pico/pico-sdk/src/rp2_common/hardware_irq/irq.c.obj
 *fill*         0x000000001000790b        0x1 
 .rodata.hardware_alarm_claim.str1.4
                0x000000001000790c       0x22 CMakeFiles/blow.dir/home/mlemon/pico/pico-sdk/src/rp2_common/hardware_timer/timer.c.obj
 *fill*         0x000000001000792e        0x2 
 .rodata.panic.str1.4
                0x0000000010007930       0x12 CMakeFiles/blow.dir/home/mlemon/pico/pico-sdk/src/rp2_common/pico_runtime/runtime.c.obj
 *fill*         0x0000000010007942        0x2 
 .rodata.hard_assertion_failure.str1.4
                0x0000000010007944        0xc CMakeFiles/blow.dir/home/mlemon/pico/pico-sdk/src/rp2_common/pico_runtime/runtime.c.obj
 .rodata._ftoa.str1.4
                0x0000000010007950       0x15 CMakeFiles/blow.dir/home/mlemon/pico/pico-sdk/src/rp2_common/pico_printf/printf.c.obj
 *fill*         0x0000000010007965        0x3 
 .rodata._vsnprintf
                0x0000000010007968      0x1e0 CMakeFiles/blow.dir/home/mlemon/pico/pico-sdk/src/rp2_common/pico_printf/printf.c.obj
 .rodata.pow10.5444
                0x0000000010007b48       0x50 CMakeFiles/blow.dir/home/mlemon/pico/pico-sdk/src/rp2_common/pico_printf/printf.c.obj
 .rodata.str1.4
                0x0000000010007b98       0x3c CMakeFiles/blow.dir/home/mlemon/pico/pico-sdk/src/rp2_common/pico_standard_link/binary_info.c.obj
 .rodata.__bi_44
                0x0000000010007bd4        0xc CMakeFiles/blow.dir/home/mlemon/pico/pico-sdk/src/rp2_common/pico_standard_link/binary_info.c.obj
 .rodata.__bi_75
                0x0000000010007be0        0xc CMakeFiles/blow.dir/home/mlemon/pico/pico-sdk/src/rp2_common/pico_standard_link/binary_info.c.obj
 .rodata.__bi_81
                0x0000000010007bec        0xc CMakeFiles/blow.dir/home/mlemon/pico/pico-sdk/src/rp2_common/pico_standard_link/binary_info.c.obj
 .rodata.crlf_str.6065
                0x0000000010007bf8        0x2 CMakeFiles/blow.dir/home/mlemon/pico/pico-sdk/src/rp2_common/pico_stdio/stdio.c.obj
 *fill*         0x0000000010007bfa        0x2 
 .rodata.str1.4
                0x0000000010007bfc       0x2c CMakeFiles/blow.dir/home/mlemon/pico/pico-sdk/src/rp2_common/pico_stdio_uart/stdio_uart.c.obj
 .rodata.__bi_28.4859
                0x0000000010007c28        0xc CMakeFiles/blow.dir/home/mlemon/pico/pico-sdk/src/rp2_common/pico_stdio_uart/stdio_uart.c.obj
 .rodata.__bi_29.4863
                0x0000000010007c34        0x8 CMakeFiles/blow.dir/home/mlemon/pico/pico-sdk/src/rp2_common/pico_stdio_uart/stdio_uart.c.obj
 .rodata._resetd_driver
                0x0000000010007c3c       0x18 CMakeFiles/blow.dir/home/mlemon/pico/pico-sdk/src/rp2_common/pico_stdio_usb/reset_interface.c.obj
 .rodata.str1.4
                0x0000000010007c54       0x13 CMakeFiles/blow.dir/home/mlemon/pico/pico-sdk/src/rp2_common/pico_stdio_usb/stdio_usb.c.obj
 *fill*         0x0000000010007c67        0x1 
 .rodata.__bi_118.7207
                0x0000000010007c68        0xc CMakeFiles/blow.dir/home/mlemon/pico/pico-sdk/src/rp2_common/pico_stdio_usb/stdio_usb.c.obj
 .rodata.str1.4
                0x0000000010007c74       0x2a CMakeFiles/blow.dir/home/mlemon/pico/pico-sdk/src/rp2_common/pico_stdio_usb/stdio_usb_descriptors.c.obj
 *fill*         0x0000000010007c9e        0x2 
 .rodata.usbd_desc_cfg
                0x0000000010007ca0       0x54 CMakeFiles/blow.dir/home/mlemon/pico/pico-sdk/src/rp2_common/pico_stdio_usb/stdio_usb_descriptors.c.obj
 .rodata.usbd_desc_device
                0x0000000010007cf4       0x12 CMakeFiles/blow.dir/home/mlemon/pico/pico-sdk/src/rp2_common/pico_stdio_usb/stdio_usb_descriptors.c.obj
 *fill*         0x0000000010007d06        0x2 
 .rodata.usbd_desc_str
                0x0000000010007d08       0x18 CMakeFiles/blow.dir/home/mlemon/pico/pico-sdk/src/rp2_common/pico_stdio_usb/stdio_usb_descriptors.c.obj
 .rodata.dcd_rp2040_irq.str1.4
                0x0000000010007d20       0x14 CMakeFiles/blow.dir/home/mlemon/pico/pico-sdk/lib/tinyusb/src/portable/raspberrypi/rp2040/dcd_rp2040.c.obj
 .rodata._hw_endpoint_buffer_control_update32.part.0.str1.4
                0x0000000010007d34       0x1f CMakeFiles/blow.dir/home/mlemon/pico/pico-sdk/lib/tinyusb/src/portable/raspberrypi/rp2040/rp2040_usb.c.obj
 *fill*         0x0000000010007d53        0x1 
 .rodata.hw_endpoint_xfer_continue.str1.4
                0x0000000010007d54       0x29 CMakeFiles/blow.dir/home/mlemon/pico/pico-sdk/lib/tinyusb/src/portable/raspberrypi/rp2040/rp2040_usb.c.obj
 .rodata.str1.4
                0x0000000010007d7d       0x29 CMakeFiles/blow.dir/home/mlemon/pico/pico-sdk/lib/tinyusb/src/portable/raspberrypi/rp2040/rp2040_usb.c.obj
                                          0x7 (size before relaxing)
 *fill*         0x0000000010007d7d        0x3 
 .rodata.tud_task
                0x0000000010007d80       0x8c CMakeFiles/blow.dir/home/mlemon/pico/pico-sdk/lib/tinyusb/src/device/usbd.c.obj
 .rodata._usbd_driver
                0x0000000010007e0c       0x18 CMakeFiles/blow.dir/home/mlemon/pico/pico-sdk/lib/tinyusb/src/device/usbd.c.obj
                0x0000000010007e24                . = ALIGN (0x4)
 *(SORT_BY_ALIGNMENT(SORT_BY_NAME(.flashdata*)))
                0x0000000010007e24                . = ALIGN (0x4)

.rel.dyn        0x0000000010007e24        0x0
 .rel.iplt      0x0000000010007e24        0x0 /usr/lib/gcc/arm-none-eabi/9.2.1/thumb/v6-m/nofp/crtbegin.o

.ARM.extab
 *(.ARM.extab* .gnu.linkonce.armextab.*)
                0x0000000010007e24                __exidx_start = .

.ARM.exidx
 *(.ARM.exidx* .gnu.linkonce.armexidx.*)
                0x0000000010007e24                __exidx_end = .
                0x0000000010007e24                . = ALIGN (0x4)
                0x0000000010007e24                __binary_info_start = .

.binary_info    0x0000000010007e24       0x28
 *(.binary_info.keep.*)
 .binary_info.keep.__bi_ptr22
                0x0000000010007e24        0x4 CMakeFiles/blow.dir/home/mlemon/pico/pico-sdk/src/rp2_common/pico_standard_link/binary_info.c.obj
 .binary_info.keep.__bi_ptr30
                0x0000000010007e28        0x4 CMakeFiles/blow.dir/home/mlemon/pico/pico-sdk/src/rp2_common/pico_standard_link/binary_info.c.obj
 .binary_info.keep.__bi_ptr38
                0x0000000010007e2c        0x4 CMakeFiles/blow.dir/home/mlemon/pico/pico-sdk/src/rp2_common/pico_standard_link/binary_info.c.obj
 .binary_info.keep.__bi_ptr44
                0x0000000010007e30        0x4 CMakeFiles/blow.dir/home/mlemon/pico/pico-sdk/src/rp2_common/pico_standard_link/binary_info.c.obj
 .binary_info.keep.__bi_ptr50
                0x0000000010007e34        0x4 CMakeFiles/blow.dir/home/mlemon/pico/pico-sdk/src/rp2_common/pico_standard_link/binary_info.c.obj
 .binary_info.keep.__bi_ptr75
                0x0000000010007e38        0x4 CMakeFiles/blow.dir/home/mlemon/pico/pico-sdk/src/rp2_common/pico_standard_link/binary_info.c.obj
 .binary_info.keep.__bi_ptr81
                0x0000000010007e3c        0x4 CMakeFiles/blow.dir/home/mlemon/pico/pico-sdk/src/rp2_common/pico_standard_link/binary_info.c.obj
 *(.binary_info.*)
 .binary_info.__bi_ptr28
                0x0000000010007e40        0x4 CMakeFiles/blow.dir/home/mlemon/pico/pico-sdk/src/rp2_common/pico_stdio_uart/stdio_uart.c.obj
 .binary_info.__bi_ptr29
                0x0000000010007e44        0x4 CMakeFiles/blow.dir/home/mlemon/pico/pico-sdk/src/rp2_common/pico_stdio_uart/stdio_uart.c.obj
 .binary_info.__bi_ptr118
                0x0000000010007e48        0x4 CMakeFiles/blow.dir/home/mlemon/pico/pico-sdk/src/rp2_common/pico_stdio_usb/stdio_usb.c.obj
                0x0000000010007e4c                __binary_info_end = .
                0x0000000010007e4c                . = ALIGN (0x4)
                0x0000000010007e4c                __etext = .

.ram_vector_table
                0x0000000020000000       0xc0
 *(.ram_vector_table)
 .ram_vector_table
                0x0000000020000000       0xc0 CMakeFiles/blow.dir/home/mlemon/pico/pico-sdk/src/rp2_common/pico_runtime/runtime.c.obj
                0x0000000020000000                ram_vector_table

.data           0x00000000200000c0      0x3d4 load address 0x0000000010007e4c
                0x00000000200000c0                __data_start__ = .
 *(vtable)
 *(.time_critical*)
 .time_critical.mutex_enter_blocking
                0x00000000200000c0       0x48 CMakeFiles/blow.dir/home/mlemon/pico/pico-sdk/src/common/pico_sync/mutex.c.obj
                0x00000000200000c0                mutex_enter_blocking
 .time_critical.mutex_try_enter
                0x0000000020000108       0x48 CMakeFiles/blow.dir/home/mlemon/pico/pico-sdk/src/common/pico_sync/mutex.c.obj
                0x0000000020000108                mutex_try_enter
 .time_critical.mutex_enter_timeout_ms
                0x0000000020000150       0x98 CMakeFiles/blow.dir/home/mlemon/pico/pico-sdk/src/common/pico_sync/mutex.c.obj
                0x0000000020000150                mutex_enter_timeout_ms
 .time_critical.mutex_exit
                0x00000000200001e8       0x28 CMakeFiles/blow.dir/home/mlemon/pico/pico-sdk/src/common/pico_sync/mutex.c.obj
                0x00000000200001e8                mutex_exit
 .time_critical.flash_init_boot2_copyout
                0x0000000020000210       0x30 CMakeFiles/blow.dir/home/mlemon/pico/pico-sdk/src/rp2_common/hardware_flash/flash.c.obj
 .time_critical.flash_enable_xip_via_boot2
                0x0000000020000240       0x10 CMakeFiles/blow.dir/home/mlemon/pico/pico-sdk/src/rp2_common/hardware_flash/flash.c.obj
 .time_critical.flash_cs_force
                0x0000000020000250       0x38 CMakeFiles/blow.dir/home/mlemon/pico/pico-sdk/src/rp2_common/hardware_flash/flash.c.obj
 .time_critical.flash_do_cmd
                0x0000000020000288       0xc4 CMakeFiles/blow.dir/home/mlemon/pico/pico-sdk/src/rp2_common/hardware_flash/flash.c.obj
                0x0000000020000288                flash_do_cmd
 *(.text*)
 .text          0x000000002000034c        0x4 /usr/lib/gcc/arm-none-eabi/9.2.1/thumb/v6-m/nofp/libgcc.a(_dvmd_tls.o)
                0x000000002000034c                __aeabi_ldiv0
                0x000000002000034c                __aeabi_idiv0
 .text.__stub   0x0000000020000350       0x30 linker stubs
                0x0000000020000380                . = ALIGN (0x4)
 *(.rodata*)
                0x0000000020000380                . = ALIGN (0x4)
 *(.data*)
 .data.striped_spin_lock_num
                0x0000000020000380        0x1 CMakeFiles/blow.dir/home/mlemon/pico/pico-sdk/src/rp2_common/hardware_sync/sync.c.obj
 *fill*         0x0000000020000381        0x3 
 .data          0x0000000020000384       0x48 CMakeFiles/blow.dir/home/mlemon/pico/pico-sdk/src/rp2_common/hardware_irq/irq_handler_chain.S.obj
                0x0000000020000384                irq_handler_chain_slots
                0x00000000200003b4                irq_handler_chain_first_slot
                0x00000000200003be                irq_handler_chain_remove_tail
 .data.default_alarm_pool
                0x00000000200003cc       0x18 CMakeFiles/blow.dir/home/mlemon/pico/pico-sdk/src/common/pico_time/time.c.obj
 .data.default_alarm_pool_heap
                0x00000000200003e4       0x10 CMakeFiles/blow.dir/home/mlemon/pico/pico-sdk/src/common/pico_time/time.c.obj
 *fill*         0x00000000200003f4        0xc 
 .data.aeabi_bits_funcs
                0x0000000020000400       0x10 CMakeFiles/blow.dir/home/mlemon/pico/pico-sdk/src/rp2_common/pico_bit_ops/bit_ops_aeabi.S.obj
                0x0000000020000400                aeabi_bits_funcs
                0x0000000020000410                aeabi_bits_funcs_end
 .data.aeabi_mem_funcs
                0x0000000020000410       0x10 CMakeFiles/blow.dir/home/mlemon/pico/pico-sdk/src/rp2_common/pico_mem_ops/mem_ops_aeabi.S.obj
                0x0000000020000410                aeabi_mem_funcs
                0x0000000020000420                aeabi_mem_funcs_end
 .data.stdio_uart
                0x0000000020000420       0x14 CMakeFiles/blow.dir/home/mlemon/pico/pico-sdk/src/rp2_common/pico_stdio_uart/stdio_uart.c.obj
                0x0000000020000420                stdio_uart
 .data.stdio_usb
                0x0000000020000434       0x14 CMakeFiles/blow.dir/home/mlemon/pico/pico-sdk/src/rp2_common/pico_stdio_usb/stdio_usb.c.obj
                0x0000000020000434                stdio_usb
 .data.ep_dir_string
                0x0000000020000448        0x8 CMakeFiles/blow.dir/home/mlemon/pico/pico-sdk/lib/tinyusb/src/portable/raspberrypi/rp2040/rp2040_usb.c.obj
                0x0000000020000448                ep_dir_string
 .data._usbd_qdef
                0x0000000020000450       0x24 CMakeFiles/blow.dir/home/mlemon/pico/pico-sdk/lib/tinyusb/src/device/usbd.c.obj
                0x0000000020000450                _usbd_qdef
                0x0000000020000474                . = ALIGN (0x4)
 *(.after_data.*)
                0x0000000020000474                . = ALIGN (0x4)
                0x0000000020000474                PROVIDE (__mutex_array_start = .)
 *(SORT_BY_NAME(.mutex_array.*))
 *(.mutex_array)
 .mutex_array   0x0000000020000474        0x8 CMakeFiles/blow.dir/home/mlemon/pico/pico-sdk/src/rp2_common/pico_stdio/stdio.c.obj
                0x000000002000047c                PROVIDE (__mutex_array_end = .)
                0x000000002000047c                . = ALIGN (0x4)
                0x000000002000047c                PROVIDE (__preinit_array_start = .)
 *(SORT_BY_NAME(.preinit_array.*))
 .preinit_array.00001
                0x000000002000047c        0x4 CMakeFiles/blow.dir/home/mlemon/pico/pico-sdk/src/rp2_common/pico_mem_ops/mem_ops_aeabi.S.obj
 .preinit_array.00010
                0x0000000020000480        0x4 CMakeFiles/blow.dir/home/mlemon/pico/pico-sdk/src/rp2_common/pico_bit_ops/bit_ops_aeabi.S.obj
 .preinit_array.00020
                0x0000000020000484        0x4 CMakeFiles/blow.dir/home/mlemon/pico/pico-sdk/src/rp2_common/pico_double/double_aeabi.S.obj
 .preinit_array.00020
                0x0000000020000488        0x4 CMakeFiles/blow.dir/home/mlemon/pico/pico-sdk/src/rp2_common/pico_float/float_aeabi.S.obj
 *(.preinit_array)
                0x000000002000048c                PROVIDE (__preinit_array_end = .)
                0x000000002000048c                . = ALIGN (0x4)
                0x000000002000048c                PROVIDE (__init_array_start = .)
 *(SORT_BY_NAME(.init_array.*))
 *(.init_array)
 .init_array    0x000000002000048c        0x4 /usr/lib/gcc/arm-none-eabi/9.2.1/thumb/v6-m/nofp/crtbegin.o
 .init_array    0x0000000020000490        0x4 CMakeFiles/blow.dir/home/mlemon/pico/pico-sdk/src/rp2_common/pico_unique_id/unique_id.c.obj
                0x0000000020000494                PROVIDE (__init_array_end = .)
                0x0000000020000494                . = ALIGN (0x4)
                0x0000000020000494                PROVIDE (__fini_array_start = .)
 *(SORT_BY_NAME(.fini_array.*))
 *(.fini_array)
                0x0000000020000494                PROVIDE (__fini_array_end = .)
 *(.jcr)
                0x0000000020000494                . = ALIGN (0x4)
                0x0000000020000494                __data_end__ = .

.tm_clone_table
                0x0000000020000494        0x0 load address 0x0000000010008220
 .tm_clone_table
                0x0000000020000494        0x0 /usr/lib/gcc/arm-none-eabi/9.2.1/thumb/v6-m/nofp/crtbegin.o
 .tm_clone_table
                0x0000000020000494        0x0 /usr/lib/gcc/arm-none-eabi/9.2.1/thumb/v6-m/nofp/crtend.o

.igot.plt       0x0000000020000494        0x0 load address 0x0000000010008220
 .igot.plt      0x0000000020000494        0x0 /usr/lib/gcc/arm-none-eabi/9.2.1/thumb/v6-m/nofp/crtbegin.o

.uninitialized_data
                0x0000000020000494        0x0 load address 0x0000000010008220
                0x0000000020000494                . = ALIGN (0x4)
 *(.uninitialized_data*)

.scratch_x      0x0000000020040000        0x0 load address 0x0000000010008220
                0x0000000020040000                __scratch_x_start__ = .
 *(.scratch_x.*)
                0x0000000020040000                . = ALIGN (0x4)
                0x0000000020040000                __scratch_x_end__ = .
                0x0000000010008220                __scratch_x_source__ = LOADADDR (.scratch_x)

.scratch_y      0x0000000020041000        0x0 load address 0x0000000010008220
                0x0000000020041000                __scratch_y_start__ = .
 *(.scratch_y.*)
                0x0000000020041000                . = ALIGN (0x4)
                0x0000000020041000                __scratch_y_end__ = .
                0x0000000010008220                __scratch_y_source__ = LOADADDR (.scratch_y)

.bss            0x0000000020000498      0xd90
                0x0000000020000498                . = ALIGN (0x4)
                0x0000000020000498                __bss_start__ = .
 *(SORT_BY_ALIGNMENT(SORT_BY_NAME(.bss*)))
 .bss.default_alarm_pool_entries
                0x0000000020000498      0x100 CMakeFiles/blow.dir/home/mlemon/pico/pico-sdk/src/common/pico_time/time.c.obj
 .bss.last_avail_time.7186
                0x0000000020000598        0x8 CMakeFiles/blow.dir/home/mlemon/pico/pico-sdk/src/rp2_common/pico_stdio_usb/stdio_usb.c.obj
 .bss           0x00000000200005a0       0x1c /usr/lib/gcc/arm-none-eabi/9.2.1/thumb/v6-m/nofp/crtbegin.o
 .bss._app_driver
                0x00000000200005bc        0x4 CMakeFiles/blow.dir/home/mlemon/pico/pico-sdk/lib/tinyusb/src/device/usbd.c.obj
 .bss._cdcd_itf
                0x00000000200005c0      0x2d8 CMakeFiles/blow.dir/home/mlemon/pico/pico-sdk/lib/tinyusb/src/class/cdc/cdc_device.c.obj
 .bss._ctrl_xfer
                0x0000000020000898       0x14 CMakeFiles/blow.dir/home/mlemon/pico/pico-sdk/lib/tinyusb/src/device/usbd_control.c.obj
 .bss._ubsd_mutexdef
                0x00000000200008ac        0x8 CMakeFiles/blow.dir/home/mlemon/pico/pico-sdk/lib/tinyusb/src/device/usbd.c.obj
 .bss._usbd_ctrl_buf
                0x00000000200008b4       0x40 CMakeFiles/blow.dir/home/mlemon/pico/pico-sdk/lib/tinyusb/src/device/usbd_control.c.obj
 .bss._usbd_dev
                0x00000000200008f4       0x53 CMakeFiles/blow.dir/home/mlemon/pico/pico-sdk/lib/tinyusb/src/device/usbd.c.obj
 *fill*         0x0000000020000947        0x1 
 .bss._usbd_mutex
                0x0000000020000948        0x4 CMakeFiles/blow.dir/home/mlemon/pico/pico-sdk/lib/tinyusb/src/device/usbd.c.obj
 .bss._usbd_q   0x000000002000094c        0x4 CMakeFiles/blow.dir/home/mlemon/pico/pico-sdk/lib/tinyusb/src/device/usbd.c.obj
 .bss.alarm_callbacks
                0x0000000020000950       0x10 CMakeFiles/blow.dir/home/mlemon/pico/pico-sdk/src/rp2_common/hardware_timer/timer.c.obj
 .bss.boot2_copyout
                0x0000000020000960      0x100 CMakeFiles/blow.dir/home/mlemon/pico/pico-sdk/src/rp2_common/hardware_flash/flash.c.obj
 .bss.claimed   0x0000000020000a60        0x4 CMakeFiles/blow.dir/home/mlemon/pico/pico-sdk/src/rp2_common/hardware_sync/sync.c.obj
 .bss.configured_freq
                0x0000000020000a64       0x28 CMakeFiles/blow.dir/home/mlemon/pico/pico-sdk/src/rp2_common/hardware_clocks/clocks.c.obj
 .bss.default_alarm_pool_entry_ids_high
                0x0000000020000a8c       0x10 CMakeFiles/blow.dir/home/mlemon/pico/pico-sdk/src/common/pico_time/time.c.obj
 .bss.default_alarm_pool_heap_nodes
                0x0000000020000a9c       0x30 CMakeFiles/blow.dir/home/mlemon/pico/pico-sdk/src/common/pico_time/time.c.obj
 .bss.desc_str.7071
                0x0000000020000acc       0x28 CMakeFiles/blow.dir/home/mlemon/pico/pico-sdk/src/rp2_common/pico_stdio_usb/stdio_usb_descriptors.c.obj
 .bss.drivers   0x0000000020000af4        0x4 CMakeFiles/blow.dir/home/mlemon/pico/pico-sdk/src/rp2_common/pico_stdio/stdio.c.obj
 .bss.filter    0x0000000020000af8        0x4 CMakeFiles/blow.dir/home/mlemon/pico/pico-sdk/src/rp2_common/pico_stdio/stdio.c.obj
 .bss.hw_endpoints
                0x0000000020000afc      0x400 CMakeFiles/blow.dir/home/mlemon/pico/pico-sdk/lib/tinyusb/src/portable/raspberrypi/rp2040/dcd_rp2040.c.obj
 .bss.lazy_vsnprintf
                0x0000000020000efc        0x4 CMakeFiles/blow.dir/home/mlemon/pico/pico-sdk/src/rp2_common/pico_printf/printf.c.obj
 .bss.load_value
                0x0000000020000f00        0x4 CMakeFiles/blow.dir/home/mlemon/pico/pico-sdk/src/rp2_common/hardware_watchdog/watchdog.c.obj
 .bss.next_buffer_ptr
                0x0000000020000f04        0x4 CMakeFiles/blow.dir/home/mlemon/pico/pico-sdk/lib/tinyusb/src/portable/raspberrypi/rp2040/dcd_rp2040.c.obj
 .bss.pools     0x0000000020000f08       0x10 CMakeFiles/blow.dir/home/mlemon/pico/pico-sdk/src/common/pico_time/time.c.obj
 .bss.retrieved_id
                0x0000000020000f18        0x8 CMakeFiles/blow.dir/home/mlemon/pico/pico-sdk/src/rp2_common/pico_unique_id/unique_id.c.obj
 .bss.sf_clz_func
                0x0000000020000f20        0x4 CMakeFiles/blow.dir/home/mlemon/pico/pico-sdk/src/rp2_common/pico_double/double_init_rom.c.obj
                0x0000000020000f20                sf_clz_func
 .bss.sleep_notifier
                0x0000000020000f24        0x4 CMakeFiles/blow.dir/home/mlemon/pico/pico-sdk/src/common/pico_time/time.c.obj
 .bss.stdio_usb_mutex
                0x0000000020000f28        0x8 CMakeFiles/blow.dir/home/mlemon/pico/pico-sdk/src/rp2_common/pico_stdio_usb/stdio_usb.c.obj
 .bss.target_hi
                0x0000000020000f30       0x10 CMakeFiles/blow.dir/home/mlemon/pico/pico-sdk/src/rp2_common/hardware_timer/timer.c.obj
 .bss.uart_instance
                0x0000000020000f40        0x4 CMakeFiles/blow.dir/home/mlemon/pico/pico-sdk/src/rp2_common/pico_stdio_uart/stdio_uart.c.obj
 .bss.usbd_serial_str
                0x0000000020000f44       0x11 CMakeFiles/blow.dir/home/mlemon/pico/pico-sdk/src/rp2_common/pico_stdio_usb/stdio_usb_descriptors.c.obj
 *fill*         0x0000000020000f55        0x3 
 .bss.user_irq_claimed
                0x0000000020000f58        0x2 CMakeFiles/blow.dir/home/mlemon/pico/pico-sdk/src/rp2_common/hardware_irq/irq.c.obj
 .bss._app_driver_count
                0x0000000020000f5a        0x1 CMakeFiles/blow.dir/home/mlemon/pico/pico-sdk/lib/tinyusb/src/device/usbd.c.obj
 .bss._usbd_initialized
                0x0000000020000f5b        0x1 CMakeFiles/blow.dir/home/mlemon/pico/pico-sdk/lib/tinyusb/src/device/usbd.c.obj
 .bss.boot2_copyout_valid
                0x0000000020000f5c        0x1 CMakeFiles/blow.dir/home/mlemon/pico/pico-sdk/src/rp2_common/hardware_flash/flash.c.obj
 .bss.claimed   0x0000000020000f5d        0x1 CMakeFiles/blow.dir/home/mlemon/pico/pico-sdk/src/rp2_common/hardware_timer/timer.c.obj
 .bss.irq_hander_chain_free_slot_head
                0x0000000020000f5e        0x1 CMakeFiles/blow.dir/home/mlemon/pico/pico-sdk/src/rp2_common/hardware_irq/irq.c.obj
 .bss.itf_num   0x0000000020000f5f        0x1 CMakeFiles/blow.dir/home/mlemon/pico/pico-sdk/src/rp2_common/pico_stdio_usb/reset_interface.c.obj
 .bss.low_priority_irq_num
                0x0000000020000f60        0x1 CMakeFiles/blow.dir/home/mlemon/pico/pico-sdk/src/rp2_common/pico_stdio_usb/stdio_usb.c.obj
 .bss.timer_callbacks_pending
                0x0000000020000f61        0x1 CMakeFiles/blow.dir/home/mlemon/pico/pico-sdk/src/rp2_common/hardware_timer/timer.c.obj
 *(COMMON)
 *fill*         0x0000000020000f62        0x2 
 COMMON         0x0000000020000f64        0x4 CMakeFiles/blow.dir/home/mlemon/pico/pico-sdk/src/rp2_common/hardware_uart/uart.c.obj
                0x0000000020000f64                uart_char_to_line_feed
 COMMON         0x0000000020000f68      0x100 CMakeFiles/blow.dir/home/mlemon/pico/pico-sdk/src/rp2_common/pico_double/double_init_rom.c.obj
                0x0000000020000f68                sd_table
 COMMON         0x0000000020001068      0x100 CMakeFiles/blow.dir/home/mlemon/pico/pico-sdk/src/rp2_common/pico_float/float_init_rom.c.obj
                0x0000000020001068                sf_table
 COMMON         0x0000000020001168       0xc0 CMakeFiles/blow.dir/home/mlemon/pico/pico-sdk/lib/tinyusb/src/device/usbd.c.obj
                0x0000000020001168                _usbd_qdef_buf
                0x0000000020001228                . = ALIGN (0x4)
                0x0000000020001228                __bss_end__ = .

.heap           0x0000000020001228      0x800
                0x0000000020001228                __end__ = .
                0x0000000020001228                end = __end__
 *(.heap*)
 .heap          0x0000000020001228      0x800 CMakeFiles/blow.dir/home/mlemon/pico/pico-sdk/src/rp2_common/pico_standard_link/crt0.S.obj
                0x0000000020001a28                __HeapLimit = .

.stack1_dummy   0x0000000020040000        0x0
 *(.stack1*)

.stack_dummy    0x0000000020041000      0x800
 *(.stack*)
 .stack         0x0000000020041000      0x800 CMakeFiles/blow.dir/home/mlemon/pico/pico-sdk/src/rp2_common/pico_standard_link/crt0.S.obj

.flash_end      0x0000000010008220        0x0
                0x0000000010008220                __flash_binary_end = .
                0x0000000020040000                __StackLimit = (ORIGIN (RAM) + LENGTH (RAM))
                0x0000000020041000                __StackOneTop = (ORIGIN (SCRATCH_X) + LENGTH (SCRATCH_X))
                0x0000000020042000                __StackTop = (ORIGIN (SCRATCH_Y) + LENGTH (SCRATCH_Y))
                0x0000000020041000                __StackOneBottom = (__StackOneTop - SIZEOF (.stack1_dummy))
                0x0000000020041800                __StackBottom = (__StackTop - SIZEOF (.stack_dummy))
                0x0000000020042000                PROVIDE (__stack = __StackTop)
                0x0000000000000001                ASSERT ((__StackLimit >= __HeapLimit), region RAM overflowed)
                0x0000000000000001                ASSERT (((__binary_info_header_end - __logical_binary_start) <= 0x100), Binary info must be in first 256 bytes of the binary)
LOAD CMakeFiles/blow.dir/blow.c.obj
LOAD CMakeFiles/blow.dir/home/mlemon/pico/pico-sdk/src/rp2_common/pico_stdlib/stdlib.c.obj
LOAD CMakeFiles/blow.dir/home/mlemon/pico/pico-sdk/src/rp2_common/hardware_gpio/gpio.c.obj
LOAD CMakeFiles/blow.dir/home/mlemon/pico/pico-sdk/src/rp2_common/hardware_claim/claim.c.obj
LOAD CMakeFiles/blow.dir/home/mlemon/pico/pico-sdk/src/rp2_common/pico_platform/platform.c.obj
LOAD CMakeFiles/blow.dir/home/mlemon/pico/pico-sdk/src/rp2_common/hardware_sync/sync.c.obj
LOAD CMakeFiles/blow.dir/home/mlemon/pico/pico-sdk/src/rp2_common/hardware_irq/irq.c.obj
LOAD CMakeFiles/blow.dir/home/mlemon/pico/pico-sdk/src/rp2_common/hardware_irq/irq_handler_chain.S.obj
LOAD CMakeFiles/blow.dir/home/mlemon/pico/pico-sdk/src/common/pico_sync/sem.c.obj
LOAD CMakeFiles/blow.dir/home/mlemon/pico/pico-sdk/src/common/pico_sync/lock_core.c.obj
LOAD CMakeFiles/blow.dir/home/mlemon/pico/pico-sdk/src/common/pico_time/time.c.obj
LOAD CMakeFiles/blow.dir/home/mlemon/pico/pico-sdk/src/common/pico_time/timeout_helper.c.obj
LOAD CMakeFiles/blow.dir/home/mlemon/pico/pico-sdk/src/rp2_common/hardware_timer/timer.c.obj
LOAD CMakeFiles/blow.dir/home/mlemon/pico/pico-sdk/src/common/pico_util/datetime.c.obj
LOAD CMakeFiles/blow.dir/home/mlemon/pico/pico-sdk/src/common/pico_util/pheap.c.obj
LOAD CMakeFiles/blow.dir/home/mlemon/pico/pico-sdk/src/common/pico_util/queue.c.obj
LOAD CMakeFiles/blow.dir/home/mlemon/pico/pico-sdk/src/common/pico_sync/mutex.c.obj
LOAD CMakeFiles/blow.dir/home/mlemon/pico/pico-sdk/src/common/pico_sync/critical_section.c.obj
LOAD CMakeFiles/blow.dir/home/mlemon/pico/pico-sdk/src/rp2_common/hardware_uart/uart.c.obj
LOAD CMakeFiles/blow.dir/home/mlemon/pico/pico-sdk/src/rp2_common/hardware_divider/divider.S.obj
LOAD CMakeFiles/blow.dir/home/mlemon/pico/pico-sdk/src/rp2_common/pico_runtime/runtime.c.obj
LOAD CMakeFiles/blow.dir/home/mlemon/pico/pico-sdk/src/rp2_common/hardware_clocks/clocks.c.obj
LOAD CMakeFiles/blow.dir/home/mlemon/pico/pico-sdk/src/rp2_common/hardware_pll/pll.c.obj
LOAD CMakeFiles/blow.dir/home/mlemon/pico/pico-sdk/src/rp2_common/hardware_vreg/vreg.c.obj
LOAD CMakeFiles/blow.dir/home/mlemon/pico/pico-sdk/src/rp2_common/hardware_watchdog/watchdog.c.obj
LOAD CMakeFiles/blow.dir/home/mlemon/pico/pico-sdk/src/rp2_common/hardware_xosc/xosc.c.obj
LOAD CMakeFiles/blow.dir/home/mlemon/pico/pico-sdk/src/rp2_common/pico_printf/printf.c.obj
LOAD CMakeFiles/blow.dir/home/mlemon/pico/pico-sdk/src/rp2_common/pico_bit_ops/bit_ops_aeabi.S.obj
LOAD CMakeFiles/blow.dir/home/mlemon/pico/pico-sdk/src/rp2_common/pico_bootrom/bootrom.c.obj
LOAD CMakeFiles/blow.dir/home/mlemon/pico/pico-sdk/src/rp2_common/pico_divider/divider.S.obj
LOAD CMakeFiles/blow.dir/home/mlemon/pico/pico-sdk/src/rp2_common/pico_double/double_aeabi.S.obj
LOAD CMakeFiles/blow.dir/home/mlemon/pico/pico-sdk/src/rp2_common/pico_double/double_init_rom.c.obj
LOAD CMakeFiles/blow.dir/home/mlemon/pico/pico-sdk/src/rp2_common/pico_double/double_math.c.obj
LOAD CMakeFiles/blow.dir/home/mlemon/pico/pico-sdk/src/rp2_common/pico_double/double_v1_rom_shim.S.obj
LOAD CMakeFiles/blow.dir/home/mlemon/pico/pico-sdk/src/rp2_common/pico_int64_ops/pico_int64_ops_aeabi.S.obj
LOAD CMakeFiles/blow.dir/home/mlemon/pico/pico-sdk/src/rp2_common/pico_float/float_aeabi.S.obj
LOAD CMakeFiles/blow.dir/home/mlemon/pico/pico-sdk/src/rp2_common/pico_float/float_init_rom.c.obj
LOAD CMakeFiles/blow.dir/home/mlemon/pico/pico-sdk/src/rp2_common/pico_float/float_math.c.obj
LOAD CMakeFiles/blow.dir/home/mlemon/pico/pico-sdk/src/rp2_common/pico_float/float_v1_rom_shim.S.obj
LOAD CMakeFiles/blow.dir/home/mlemon/pico/pico-sdk/src/rp2_common/pico_malloc/pico_malloc.c.obj
LOAD CMakeFiles/blow.dir/home/mlemon/pico/pico-sdk/src/rp2_common/pico_mem_ops/mem_ops_aeabi.S.obj
LOAD CMakeFiles/blow.dir/home/mlemon/pico/pico-sdk/src/rp2_common/pico_standard_link/crt0.S.obj
LOAD CMakeFiles/blow.dir/home/mlemon/pico/pico-sdk/src/rp2_common/pico_standard_link/new_delete.cpp.obj
LOAD CMakeFiles/blow.dir/home/mlemon/pico/pico-sdk/src/rp2_common/pico_standard_link/binary_info.c.obj
LOAD CMakeFiles/blow.dir/home/mlemon/pico/pico-sdk/src/rp2_common/pico_stdio/stdio.c.obj
LOAD CMakeFiles/blow.dir/home/mlemon/pico/pico-sdk/src/rp2_common/pico_stdio_uart/stdio_uart.c.obj
LOAD CMakeFiles/blow.dir/home/mlemon/pico/pico-sdk/src/rp2_common/pico_stdio_usb/reset_interface.c.obj
LOAD CMakeFiles/blow.dir/home/mlemon/pico/pico-sdk/src/rp2_common/pico_stdio_usb/stdio_usb.c.obj
LOAD CMakeFiles/blow.dir/home/mlemon/pico/pico-sdk/src/rp2_common/pico_stdio_usb/stdio_usb_descriptors.c.obj
LOAD CMakeFiles/blow.dir/home/mlemon/pico/pico-sdk/lib/tinyusb/src/portable/raspberrypi/rp2040/dcd_rp2040.c.obj
LOAD CMakeFiles/blow.dir/home/mlemon/pico/pico-sdk/lib/tinyusb/src/portable/raspberrypi/rp2040/rp2040_usb.c.obj
LOAD CMakeFiles/blow.dir/home/mlemon/pico/pico-sdk/lib/tinyusb/src/device/usbd.c.obj
LOAD CMakeFiles/blow.dir/home/mlemon/pico/pico-sdk/lib/tinyusb/src/device/usbd_control.c.obj
LOAD CMakeFiles/blow.dir/home/mlemon/pico/pico-sdk/lib/tinyusb/src/class/audio/audio_device.c.obj
LOAD CMakeFiles/blow.dir/home/mlemon/pico/pico-sdk/lib/tinyusb/src/class/cdc/cdc_device.c.obj
LOAD CMakeFiles/blow.dir/home/mlemon/pico/pico-sdk/lib/tinyusb/src/class/dfu/dfu_device.c.obj
LOAD CMakeFiles/blow.dir/home/mlemon/pico/pico-sdk/lib/tinyusb/src/class/dfu/dfu_rt_device.c.obj
LOAD CMakeFiles/blow.dir/home/mlemon/pico/pico-sdk/lib/tinyusb/src/class/hid/hid_device.c.obj
LOAD CMakeFiles/blow.dir/home/mlemon/pico/pico-sdk/lib/tinyusb/src/class/midi/midi_device.c.obj
LOAD CMakeFiles/blow.dir/home/mlemon/pico/pico-sdk/lib/tinyusb/src/class/msc/msc_device.c.obj
LOAD CMakeFiles/blow.dir/home/mlemon/pico/pico-sdk/lib/tinyusb/src/class/net/ecm_rndis_device.c.obj
LOAD CMakeFiles/blow.dir/home/mlemon/pico/pico-sdk/lib/tinyusb/src/class/net/ncm_device.c.obj
LOAD CMakeFiles/blow.dir/home/mlemon/pico/pico-sdk/lib/tinyusb/src/class/usbtmc/usbtmc_device.c.obj
LOAD CMakeFiles/blow.dir/home/mlemon/pico/pico-sdk/lib/tinyusb/src/class/vendor/vendor_device.c.obj
LOAD CMakeFiles/blow.dir/home/mlemon/pico/pico-sdk/lib/tinyusb/src/class/video/video_device.c.obj
LOAD CMakeFiles/blow.dir/home/mlemon/pico/pico-sdk/lib/tinyusb/src/tusb.c.obj
LOAD CMakeFiles/blow.dir/home/mlemon/pico/pico-sdk/lib/tinyusb/src/common/tusb_fifo.c.obj
LOAD CMakeFiles/blow.dir/home/mlemon/pico/pico-sdk/src/rp2_common/pico_fix/rp2040_usb_device_enumeration/rp2040_usb_device_enumeration.c.obj
LOAD CMakeFiles/blow.dir/home/mlemon/pico/pico-sdk/src/rp2_common/pico_unique_id/unique_id.c.obj
LOAD CMakeFiles/blow.dir/home/mlemon/pico/pico-sdk/src/rp2_common/hardware_flash/flash.c.obj
LOAD CMakeFiles/blow.dir/home/mlemon/pico/pico-sdk/src/rp2_common/hardware_adc/adc.c.obj
LOAD CMakeFiles/blow.dir/home/mlemon/pico/pico-sdk/src/rp2_common/hardware_dma/dma.c.obj
LOAD /tmp/ccQ0dtCF.o
LOAD /usr/lib/gcc/arm-none-eabi/9.2.1/../../../arm-none-eabi/lib/thumb/v6-m/nofp/libstdc++.a
LOAD /usr/lib/gcc/arm-none-eabi/9.2.1/../../../arm-none-eabi/lib/thumb/v6-m/nofp/libm.a
START GROUP
LOAD /usr/lib/gcc/arm-none-eabi/9.2.1/thumb/v6-m/nofp/libgcc.a
LOAD /usr/lib/gcc/arm-none-eabi/9.2.1/../../../arm-none-eabi/lib/thumb/v6-m/nofp/libc.a
END GROUP
START GROUP
LOAD /usr/lib/gcc/arm-none-eabi/9.2.1/thumb/v6-m/nofp/libgcc.a
LOAD /usr/lib/gcc/arm-none-eabi/9.2.1/../../../arm-none-eabi/lib/thumb/v6-m/nofp/libc.a
LOAD /usr/lib/gcc/arm-none-eabi/9.2.1/../../../arm-none-eabi/lib/thumb/v6-m/nofp/libnosys.a
END GROUP
LOAD /usr/lib/gcc/arm-none-eabi/9.2.1/thumb/v6-m/nofp/crtend.o
LOAD /usr/lib/gcc/arm-none-eabi/9.2.1/thumb/v6-m/nofp/crtn.o
OUTPUT(blow.elf elf32-littlearm)
LOAD linker stubs

.ARM.attributes
                0x0000000000000000       0x28
 .ARM.attributes
                0x0000000000000000       0x1e /usr/lib/gcc/arm-none-eabi/9.2.1/thumb/v6-m/nofp/crti.o
 .ARM.attributes
                0x000000000000001e       0x2c /usr/lib/gcc/arm-none-eabi/9.2.1/thumb/v6-m/nofp/crtbegin.o
 .ARM.attributes
                0x000000000000004a       0x2c CMakeFiles/blow.dir/blow.c.obj
 .ARM.attributes
                0x0000000000000076       0x2c CMakeFiles/blow.dir/home/mlemon/pico/pico-sdk/src/rp2_common/hardware_gpio/gpio.c.obj
 .ARM.attributes
                0x00000000000000a2       0x2c CMakeFiles/blow.dir/home/mlemon/pico/pico-sdk/src/rp2_common/hardware_claim/claim.c.obj
 .ARM.attributes
                0x00000000000000ce       0x2c CMakeFiles/blow.dir/home/mlemon/pico/pico-sdk/src/rp2_common/pico_platform/platform.c.obj
 .ARM.attributes
                0x00000000000000fa       0x2c CMakeFiles/blow.dir/home/mlemon/pico/pico-sdk/src/rp2_common/hardware_sync/sync.c.obj
 .ARM.attributes
                0x0000000000000126       0x2c CMakeFiles/blow.dir/home/mlemon/pico/pico-sdk/src/rp2_common/hardware_irq/irq.c.obj
 .ARM.attributes
                0x0000000000000152       0x22 CMakeFiles/blow.dir/home/mlemon/pico/pico-sdk/src/rp2_common/hardware_irq/irq_handler_chain.S.obj
 .ARM.attributes
                0x0000000000000174       0x2c CMakeFiles/blow.dir/home/mlemon/pico/pico-sdk/src/common/pico_sync/lock_core.c.obj
 .ARM.attributes
                0x00000000000001a0       0x2c CMakeFiles/blow.dir/home/mlemon/pico/pico-sdk/src/common/pico_time/time.c.obj
 .ARM.attributes
                0x00000000000001cc       0x2c CMakeFiles/blow.dir/home/mlemon/pico/pico-sdk/src/rp2_common/hardware_timer/timer.c.obj
 .ARM.attributes
                0x00000000000001f8       0x2c CMakeFiles/blow.dir/home/mlemon/pico/pico-sdk/src/common/pico_util/pheap.c.obj
 .ARM.attributes
                0x0000000000000224       0x2c CMakeFiles/blow.dir/home/mlemon/pico/pico-sdk/src/common/pico_sync/mutex.c.obj
 .ARM.attributes
                0x0000000000000250       0x2c CMakeFiles/blow.dir/home/mlemon/pico/pico-sdk/src/common/pico_sync/critical_section.c.obj
 .ARM.attributes
                0x000000000000027c       0x2c CMakeFiles/blow.dir/home/mlemon/pico/pico-sdk/src/rp2_common/hardware_uart/uart.c.obj
 .ARM.attributes
                0x00000000000002a8       0x2c CMakeFiles/blow.dir/home/mlemon/pico/pico-sdk/src/rp2_common/pico_runtime/runtime.c.obj
 .ARM.attributes
                0x00000000000002d4       0x2c CMakeFiles/blow.dir/home/mlemon/pico/pico-sdk/src/rp2_common/hardware_clocks/clocks.c.obj
 .ARM.attributes
                0x0000000000000300       0x2c CMakeFiles/blow.dir/home/mlemon/pico/pico-sdk/src/rp2_common/hardware_pll/pll.c.obj
 .ARM.attributes
                0x000000000000032c       0x2c CMakeFiles/blow.dir/home/mlemon/pico/pico-sdk/src/rp2_common/hardware_watchdog/watchdog.c.obj
 .ARM.attributes
                0x0000000000000358       0x2c CMakeFiles/blow.dir/home/mlemon/pico/pico-sdk/src/rp2_common/hardware_xosc/xosc.c.obj
 .ARM.attributes
                0x0000000000000384       0x2c CMakeFiles/blow.dir/home/mlemon/pico/pico-sdk/src/rp2_common/pico_printf/printf.c.obj
 .ARM.attributes
                0x00000000000003b0       0x22 CMakeFiles/blow.dir/home/mlemon/pico/pico-sdk/src/rp2_common/pico_bit_ops/bit_ops_aeabi.S.obj
 .ARM.attributes
                0x00000000000003d2       0x2c CMakeFiles/blow.dir/home/mlemon/pico/pico-sdk/src/rp2_common/pico_bootrom/bootrom.c.obj
 .ARM.attributes
                0x00000000000003fe       0x22 CMakeFiles/blow.dir/home/mlemon/pico/pico-sdk/src/rp2_common/pico_divider/divider.S.obj
 .ARM.attributes
                0x0000000000000420       0x22 CMakeFiles/blow.dir/home/mlemon/pico/pico-sdk/src/rp2_common/pico_double/double_aeabi.S.obj
 .ARM.attributes
                0x0000000000000442       0x2c CMakeFiles/blow.dir/home/mlemon/pico/pico-sdk/src/rp2_common/pico_double/double_init_rom.c.obj
 .ARM.attributes
                0x000000000000046e       0x22 CMakeFiles/blow.dir/home/mlemon/pico/pico-sdk/src/rp2_common/pico_double/double_v1_rom_shim.S.obj
 .ARM.attributes
                0x0000000000000490       0x22 CMakeFiles/blow.dir/home/mlemon/pico/pico-sdk/src/rp2_common/pico_int64_ops/pico_int64_ops_aeabi.S.obj
 .ARM.attributes
                0x00000000000004b2       0x22 CMakeFiles/blow.dir/home/mlemon/pico/pico-sdk/src/rp2_common/pico_float/float_aeabi.S.obj
 .ARM.attributes
                0x00000000000004d4       0x2c CMakeFiles/blow.dir/home/mlemon/pico/pico-sdk/src/rp2_common/pico_float/float_init_rom.c.obj
 .ARM.attributes
                0x0000000000000500       0x22 CMakeFiles/blow.dir/home/mlemon/pico/pico-sdk/src/rp2_common/pico_float/float_v1_rom_shim.S.obj
 .ARM.attributes
                0x0000000000000522       0x22 CMakeFiles/blow.dir/home/mlemon/pico/pico-sdk/src/rp2_common/pico_mem_ops/mem_ops_aeabi.S.obj
 .ARM.attributes
                0x0000000000000544       0x22 CMakeFiles/blow.dir/home/mlemon/pico/pico-sdk/src/rp2_common/pico_standard_link/crt0.S.obj
 .ARM.attributes
                0x0000000000000566       0x32 CMakeFiles/blow.dir/home/mlemon/pico/pico-sdk/src/rp2_common/pico_standard_link/binary_info.c.obj
 .ARM.attributes
                0x0000000000000598       0x2c CMakeFiles/blow.dir/home/mlemon/pico/pico-sdk/src/rp2_common/pico_stdio/stdio.c.obj
 .ARM.attributes
                0x00000000000005c4       0x2c CMakeFiles/blow.dir/home/mlemon/pico/pico-sdk/src/rp2_common/pico_stdio_uart/stdio_uart.c.obj
 .ARM.attributes
                0x00000000000005f0       0x2c CMakeFiles/blow.dir/home/mlemon/pico/pico-sdk/src/rp2_common/pico_stdio_usb/reset_interface.c.obj
 .ARM.attributes
                0x000000000000061c       0x2c CMakeFiles/blow.dir/home/mlemon/pico/pico-sdk/src/rp2_common/pico_stdio_usb/stdio_usb.c.obj
 .ARM.attributes
                0x0000000000000648       0x2c CMakeFiles/blow.dir/home/mlemon/pico/pico-sdk/src/rp2_common/pico_stdio_usb/stdio_usb_descriptors.c.obj
 .ARM.attributes
                0x0000000000000674       0x2c CMakeFiles/blow.dir/home/mlemon/pico/pico-sdk/lib/tinyusb/src/portable/raspberrypi/rp2040/dcd_rp2040.c.obj
 .ARM.attributes
                0x00000000000006a0       0x2c CMakeFiles/blow.dir/home/mlemon/pico/pico-sdk/lib/tinyusb/src/portable/raspberrypi/rp2040/rp2040_usb.c.obj
 .ARM.attributes
                0x00000000000006cc       0x2c CMakeFiles/blow.dir/home/mlemon/pico/pico-sdk/lib/tinyusb/src/device/usbd.c.obj
 .ARM.attributes
                0x00000000000006f8       0x2c CMakeFiles/blow.dir/home/mlemon/pico/pico-sdk/lib/tinyusb/src/device/usbd_control.c.obj
 .ARM.attributes
                0x0000000000000724       0x2c CMakeFiles/blow.dir/home/mlemon/pico/pico-sdk/lib/tinyusb/src/class/cdc/cdc_device.c.obj
 .ARM.attributes
                0x0000000000000750       0x2c CMakeFiles/blow.dir/home/mlemon/pico/pico-sdk/lib/tinyusb/src/tusb.c.obj
 .ARM.attributes
                0x000000000000077c       0x2c CMakeFiles/blow.dir/home/mlemon/pico/pico-sdk/lib/tinyusb/src/common/tusb_fifo.c.obj
 .ARM.attributes
                0x00000000000007a8       0x2c CMakeFiles/blow.dir/home/mlemon/pico/pico-sdk/src/rp2_common/pico_unique_id/unique_id.c.obj
 .ARM.attributes
                0x00000000000007d4       0x2c CMakeFiles/blow.dir/home/mlemon/pico/pico-sdk/src/rp2_common/hardware_flash/flash.c.obj
 .ARM.attributes
                0x0000000000000800       0x2c CMakeFiles/blow.dir/home/mlemon/pico/pico-sdk/src/rp2_common/hardware_adc/adc.c.obj
 .ARM.attributes
                0x000000000000082c       0x22 /tmp/ccQ0dtCF.o
 .ARM.attributes
                0x000000000000084e       0x1e /usr/lib/gcc/arm-none-eabi/9.2.1/thumb/v6-m/nofp/libgcc.a(_dvmd_tls.o)
 .ARM.attributes
                0x000000000000086c       0x2c /usr/lib/gcc/arm-none-eabi/9.2.1/../../../arm-none-eabi/lib/thumb/v6-m/nofp/libc.a(lib_a-strlen-stub.o)
 .ARM.attributes
                0x0000000000000898       0x2c /usr/lib/gcc/arm-none-eabi/9.2.1/thumb/v6-m/nofp/crtend.o

.comment        0x0000000000000000       0xa7
 .comment       0x0000000000000000       0x59 /usr/lib/gcc/arm-none-eabi/9.2.1/thumb/v6-m/nofp/crtbegin.o
                                         0x5a (size before relaxing)
 .comment       0x0000000000000059       0x5a CMakeFiles/blow.dir/blow.c.obj
 .comment       0x0000000000000059       0x5a CMakeFiles/blow.dir/home/mlemon/pico/pico-sdk/src/rp2_common/hardware_gpio/gpio.c.obj
 .comment       0x0000000000000059       0x5a CMakeFiles/blow.dir/home/mlemon/pico/pico-sdk/src/rp2_common/hardware_claim/claim.c.obj
 .comment       0x0000000000000059       0x5a CMakeFiles/blow.dir/home/mlemon/pico/pico-sdk/src/rp2_common/pico_platform/platform.c.obj